Archive member included to satisfy reference by file (symbol)

/Applications/ArmGNUToolchain/13.3.rel1/arm-none-eabi/bin/../lib/gcc/arm-none-eabi/13.3.1/thumb/v6-m/nofp/libgcc.a(_dvmd_tls.o)
                              CMakeFiles/led.dir/Users/ab25cq/pico/pico-sdk/src/rp2_common/pico_divider/divider_hardware.S.obj (__aeabi_idiv0)
/Applications/ArmGNUToolchain/13.3.rel1/arm-none-eabi/bin/../lib/gcc/arm-none-eabi/13.3.1/../../../../arm-none-eabi/lib/thumb/v6-m/nofp/libg.a(libc_a-calloc.o)
                              CMakeFiles/led.dir/Users/ab25cq/pico/pico-sdk/src/rp2_common/pico_malloc/malloc.c.obj (calloc)
/Applications/ArmGNUToolchain/13.3.rel1/arm-none-eabi/bin/../lib/gcc/arm-none-eabi/13.3.1/../../../../arm-none-eabi/lib/thumb/v6-m/nofp/libg.a(libc_a-callocr.o)
                              /Applications/ArmGNUToolchain/13.3.rel1/arm-none-eabi/bin/../lib/gcc/arm-none-eabi/13.3.1/../../../../arm-none-eabi/lib/thumb/v6-m/nofp/libg.a(libc_a-calloc.o) (_calloc_r)
/Applications/ArmGNUToolchain/13.3.rel1/arm-none-eabi/bin/../lib/gcc/arm-none-eabi/13.3.1/../../../../arm-none-eabi/lib/thumb/v6-m/nofp/libg.a(libc_a-malloc.o)
                              CMakeFiles/led.dir/Users/ab25cq/pico/pico-sdk/src/rp2_common/pico_malloc/malloc.c.obj (malloc)
/Applications/ArmGNUToolchain/13.3.rel1/arm-none-eabi/bin/../lib/gcc/arm-none-eabi/13.3.1/../../../../arm-none-eabi/lib/thumb/v6-m/nofp/libg.a(libc_a-mallocr.o)
                              /Applications/ArmGNUToolchain/13.3.rel1/arm-none-eabi/bin/../lib/gcc/arm-none-eabi/13.3.1/../../../../arm-none-eabi/lib/thumb/v6-m/nofp/libg.a(libc_a-callocr.o) (_malloc_r)
/Applications/ArmGNUToolchain/13.3.rel1/arm-none-eabi/bin/../lib/gcc/arm-none-eabi/13.3.1/../../../../arm-none-eabi/lib/thumb/v6-m/nofp/libg.a(libc_a-mlock.o)
                              /Applications/ArmGNUToolchain/13.3.rel1/arm-none-eabi/bin/../lib/gcc/arm-none-eabi/13.3.1/../../../../arm-none-eabi/lib/thumb/v6-m/nofp/libg.a(libc_a-mallocr.o) (__malloc_lock)
/Applications/ArmGNUToolchain/13.3.rel1/arm-none-eabi/bin/../lib/gcc/arm-none-eabi/13.3.1/../../../../arm-none-eabi/lib/thumb/v6-m/nofp/libg.a(libc_a-realloc.o)
                              CMakeFiles/led.dir/Users/ab25cq/pico/pico-sdk/src/rp2_common/pico_malloc/malloc.c.obj (realloc)
/Applications/ArmGNUToolchain/13.3.rel1/arm-none-eabi/bin/../lib/gcc/arm-none-eabi/13.3.1/../../../../arm-none-eabi/lib/thumb/v6-m/nofp/libg.a(libc_a-reallocr.o)
                              /Applications/ArmGNUToolchain/13.3.rel1/arm-none-eabi/bin/../lib/gcc/arm-none-eabi/13.3.1/../../../../arm-none-eabi/lib/thumb/v6-m/nofp/libg.a(libc_a-realloc.o) (_realloc_r)
/Applications/ArmGNUToolchain/13.3.rel1/arm-none-eabi/bin/../lib/gcc/arm-none-eabi/13.3.1/../../../../arm-none-eabi/lib/thumb/v6-m/nofp/libg.a(libc_a-memcmp.o)
                              CMakeFiles/led.dir/Users/ab25cq/pico/pico-sdk/src/rp2_common/pico_atomic/atomic.c.obj (memcmp)
/Applications/ArmGNUToolchain/13.3.rel1/arm-none-eabi/bin/../lib/gcc/arm-none-eabi/13.3.1/../../../../arm-none-eabi/lib/thumb/v6-m/nofp/libg.a(libc_a-memmove.o)
                              /Applications/ArmGNUToolchain/13.3.rel1/arm-none-eabi/bin/../lib/gcc/arm-none-eabi/13.3.1/../../../../arm-none-eabi/lib/thumb/v6-m/nofp/libg.a(libc_a-reallocr.o) (memmove)
/Applications/ArmGNUToolchain/13.3.rel1/arm-none-eabi/bin/../lib/gcc/arm-none-eabi/13.3.1/../../../../arm-none-eabi/lib/thumb/v6-m/nofp/libg.a(libc_a-lcltime_r.o)
                              CMakeFiles/led.dir/Users/ab25cq/pico/pico-sdk/src/common/pico_util/datetime.c.obj (localtime_r)
/Applications/ArmGNUToolchain/13.3.rel1/arm-none-eabi/bin/../lib/gcc/arm-none-eabi/13.3.1/../../../../arm-none-eabi/lib/thumb/v6-m/nofp/libg.a(libc_a-mktime.o)
                              CMakeFiles/led.dir/Users/ab25cq/pico/pico-sdk/src/common/pico_util/datetime.c.obj (mktime)
/Applications/ArmGNUToolchain/13.3.rel1/arm-none-eabi/bin/../lib/gcc/arm-none-eabi/13.3.1/../../../../arm-none-eabi/lib/thumb/v6-m/nofp/libg.a(libc_a-month_lengths.o)
                              /Applications/ArmGNUToolchain/13.3.rel1/arm-none-eabi/bin/../lib/gcc/arm-none-eabi/13.3.1/../../../../arm-none-eabi/lib/thumb/v6-m/nofp/libg.a(libc_a-lcltime_r.o) (__month_lengths)
/Applications/ArmGNUToolchain/13.3.rel1/arm-none-eabi/bin/../lib/gcc/arm-none-eabi/13.3.1/../../../../arm-none-eabi/lib/thumb/v6-m/nofp/libg.a(libc_a-tzcalc_limits.o)
                              /Applications/ArmGNUToolchain/13.3.rel1/arm-none-eabi/bin/../lib/gcc/arm-none-eabi/13.3.1/../../../../arm-none-eabi/lib/thumb/v6-m/nofp/libg.a(libc_a-lcltime_r.o) (__tzcalc_limits)
/Applications/ArmGNUToolchain/13.3.rel1/arm-none-eabi/bin/../lib/gcc/arm-none-eabi/13.3.1/../../../../arm-none-eabi/lib/thumb/v6-m/nofp/libg.a(libc_a-tzlock.o)
                              /Applications/ArmGNUToolchain/13.3.rel1/arm-none-eabi/bin/../lib/gcc/arm-none-eabi/13.3.1/../../../../arm-none-eabi/lib/thumb/v6-m/nofp/libg.a(libc_a-lcltime_r.o) (__tz_lock)
[...]
Memory Configuration

Name             Origin             Length             Attributes
FLASH            0x10000000         0x00200000         xr
RAM              0x20000000         0x00040000         xrw
SCRATCH_X        0x20040000         0x00001000         xrw
SCRATCH_Y        0x20041000         0x00001000         xrw
*default*        0x00000000         0xffffffff

Linker script and memory map

LOAD /Applications/ArmGNUToolchain/13.3.rel1/arm-none-eabi/bin/../lib/gcc/arm-none-eabi/13.3.1/thumb/v6-m/nofp/crti.o
LOAD /Applications/ArmGNUToolchain/13.3.rel1/arm-none-eabi/bin/../lib/gcc/arm-none-eabi/13.3.1/thumb/v6-m/nofp/crtbegin.o
LOAD /Applications/ArmGNUToolchain/13.3.rel1/arm-none-eabi/bin/../lib/gcc/arm-none-eabi/13.3.1/../../../../arm-none-eabi/lib/thumb/v6-m/nofp/crt0.o

.flash_begin    0x10000000        0x0
                0x10000000                        __flash_binary_start = .

.boot2          0x10000000      0x100
                0x10000000                        __boot2_start__ = .
 *(.boot2)
 .boot2         0x10000000      0x100 /var/folders/wc/rb5jjn4d3xjfh9wc5qrm1p6r0000gn/T//ccdmfTuT.o
                0x10000100                        __boot2_end__ = .
                0x00000001                        ASSERT (((__boot2_end__ - __boot2_start__) == 0x100), ERROR: Pico second stage bootloader must be 256 bytes in size)

.text           0x10000100     0x1640
                0x10000100                        __logical_binary_start = .
 *(.vectors)
 .vectors       0x10000100       0xd4 CMakeFiles/led.dir/Users/ab25cq/pico/pico-sdk/src/rp2_common/pico_crt0/crt0.S.obj
                0x10000100                __VECTOR_TABLE
                0x10000100                __vectors
                0x100001c0                __default_isrs_start
                0x100001c0                isr_invalid
                0x100001c2                isr_nmi
                0x100001c4                isr_hardfault
                0x100001c6                isr_svcall
                0x100001c8                isr_pendsv
                0x100001ca                isr_systick
                0x100001cc                isr_irq28
                0x100001cc                isr_irq19
                0x100001cc                isr_irq0
                0x100001cc                isr_irq6
                0x100001cc                isr_irq22
                0x100001cc                isr_irq17
                0x100001cc                isr_irq14
                0x100001cc                isr_irq2
                0x100001cc                isr_irq10
                0x100001cc                isr_irq8
                0x100001cc                isr_irq24
                0x100001cc                isr_irq1
                0x100001cc                isr_irq7
                0x100001cc                isr_irq21
                0x100001cc                isr_irq20
                0x100001cc                isr_irq15
                0x100001cc                isr_irq25
                0x100001cc                isr_irq4
                0x100001cc                isr_irq16
                0x100001cc                isr_irq29
                0x100001cc                isr_irq26
                0x100001cc                __default_isrs_end
                0x100001cc                isr_irq3
                0x100001cc                isr_irq9
                0x100001cc                __unhandled_user_irq
                0x100001cc                isr_irq13
                0x100001cc                isr_irq27
                0x100001cc                isr_irq31
                0x100001cc                isr_irq5
                0x100001cc                isr_irq11
                0x100001cc                isr_irq23
                0x100001cc                isr_irq18
                0x100001cc                isr_irq30
                0x100001cc                isr_irq12
                0x100001d2                unhandled_user_irq_num_in_r0
 *(.binary_info_header)
 .binary_info_header
                0x100001d4       0x14 CMakeFiles/led.dir/Users/ab25cq/pico/pico-sdk/src/rp2_common/pico_crt0/crt0.S.obj
                0x100001e8                        __binary_info_header_end = .
 *(.embedded_block)
                0x100001e8                        __embedded_block_end = .
 *(.reset)
 .reset         0x100001e8       0x9c CMakeFiles/led.dir/Users/ab25cq/pico/pico-sdk/src/rp2_common/pico_crt0/crt0.S.obj
                0x100001e8                _entry_point
 *(.init)
 .init          0x10000284        0x4 /Applications/ArmGNUToolchain/13.3.rel1/arm-none-eabi/bin/../lib/gcc/arm-none-eabi/13.3.1/thumb/v6-m/nofp/crti.o
                0x10000284                _init
 *(EXCLUDE_FILE(*libm.a: *libc.a:*lib_a-mem*.o *libgcc.a:) .text*)
 .text.register_tm_clones
                0x10000288       0x28 /Applications/ArmGNUToolchain/13.3.rel1/arm-none-eabi/bin/../lib/gcc/arm-none-eabi/13.3.1/thumb/v6-m/nofp/crtbegin.o
 .text.frame_dummy
                0x100002b0       0x24 /Applications/ArmGNUToolchain/13.3.rel1/arm-none-eabi/bin/../lib/gcc/arm-none-eabi/13.3.1/thumb/v6-m/nofp/crtbegin.o
 .text.startup.main
                0x100002d4       0x34 CMakeFiles/led.dir/led2.c.obj
                0x100002d4                main
 .text.gpio_init
                0x10000308       0x40 CMakeFiles/led.dir/Users/ab25cq/pico/pico-sdk/src/rp2_common/hardware_gpio/gpio.c.obj
                0x10000308                gpio_init
 .text.panic    0x10000348       0x30 CMakeFiles/led.dir/Users/ab25cq/pico/pico-sdk/src/rp2_common/pico_platform_panic/panic.c.obj
                0x10000348                panic
 .text.hw_claim_or_assert
                0x10000378       0x44 CMakeFiles/led.dir/Users/ab25cq/pico/pico-sdk/src/common/hardware_claim/claim.c.obj
                0x10000378                hw_claim_or_assert
 .text.next_striped_spin_lock_num
                0x100003bc       0x18 CMakeFiles/led.dir/Users/ab25cq/pico/pico-sdk/src/rp2_common/hardware_sync/sync.c.obj
                0x100003bc                next_striped_spin_lock_num
 .text.spin_locks_reset
                0x100003d4       0x1c CMakeFiles/led.dir/Users/ab25cq/pico/pico-sdk/src/rp2_common/hardware_sync_spin_lock/sync_spin_lock.c.obj
                0x100003d4                spin_locks_reset
 .text.runtime_init_per_core_irq_priorities
                0x100003f0       0x24 CMakeFiles/led.dir/Users/ab25cq/pico/pico-sdk/src/rp2_common/hardware_irq/irq.c.obj
                0x100003f0                runtime_init_per_core_irq_priorities
 .text.irq_set_enabled
                0x10000414       0x24 CMakeFiles/led.dir/Users/ab25cq/pico/pico-sdk/src/rp2_common/hardware_irq/irq.c.obj
                0x10000414                irq_set_enabled
 .text.irq_set_exclusive_handler
                0x10000438       0x54 CMakeFiles/led.dir/Users/ab25cq/pico/pico-sdk/src/rp2_common/hardware_irq/irq.c.obj
                0x10000438                irq_set_exclusive_handler
 .text.lock_init
                0x1000048c       0x10 CMakeFiles/led.dir/Users/ab25cq/pico/pico-sdk/src/common/pico_sync/lock_core.c.obj
                0x1000048c                lock_init
 .text.runtime_init_mutex
                0x1000049c       0x50 CMakeFiles/led.dir/Users/ab25cq/pico/pico-sdk/src/common/pico_sync/mutex.c.obj
                0x1000049c                runtime_init_mutex
 .text.sleep_until_callback
                0x100004ec       0x30 CMakeFiles/led.dir/Users/ab25cq/pico/pico-sdk/src/common/pico_time/time.c.obj
 .text.alarm_pool_irq_handler
                0x1000051c      0x2e4 CMakeFiles/led.dir/Users/ab25cq/pico/pico-sdk/src/common/pico_time/time.c.obj
 .text.runtime_init_default_alarm_pool
                0x10000800       0xdc CMakeFiles/led.dir/Users/ab25cq/pico/pico-sdk/src/common/pico_time/time.c.obj
                0x10000800                runtime_init_default_alarm_pool
 .text.alarm_pool_add_alarm_at_force_in_context
                0x100008dc       0xb0 CMakeFiles/led.dir/Users/ab25cq/pico/pico-sdk/src/common/pico_time/time.c.obj
                0x100008dc                alarm_pool_add_alarm_at_force_in_context
 .text.alarm_pool_cancel_alarm
                0x1000098c       0x74 CMakeFiles/led.dir/Users/ab25cq/pico/pico-sdk/src/common/pico_time/time.c.obj
                0x1000098c                alarm_pool_cancel_alarm
 .text.sleep_until
                0x10000a00       0xd8 CMakeFiles/led.dir/Users/ab25cq/pico/pico-sdk/src/common/pico_time/time.c.obj
                0x10000a00                sleep_until
 .text.sleep_ms
                0x10000ad8       0x38 CMakeFiles/led.dir/Users/ab25cq/pico/pico-sdk/src/common/pico_time/time.c.obj
                0x10000ad8                sleep_ms
 .text.best_effort_wfe_or_timeout
                0x10000b10      0x134 CMakeFiles/led.dir/Users/ab25cq/pico/pico-sdk/src/common/pico_time/time.c.obj
                0x10000b10                best_effort_wfe_or_timeout
 .text.timer_hardware_alarm_claim
                0x10000c44       0x14 CMakeFiles/led.dir/Users/ab25cq/pico/pico-sdk/src/rp2_common/hardware_timer/timer.c.obj
                0x10000c44                timer_hardware_alarm_claim
 .text.timer_time_us_64
                0x10000c58       0x10 CMakeFiles/led.dir/Users/ab25cq/pico/pico-sdk/src/rp2_common/hardware_timer/timer.c.obj
                0x10000c58                timer_time_us_64
 .text.time_us_64
                0x10000c68       0x14 CMakeFiles/led.dir/Users/ab25cq/pico/pico-sdk/src/rp2_common/hardware_timer/timer.c.obj
                0x10000c68                time_us_64
 .text.busy_wait_until
                0x10000c7c       0x20 CMakeFiles/led.dir/Users/ab25cq/pico/pico-sdk/src/rp2_common/hardware_timer/timer.c.obj
                0x10000c7c                busy_wait_until
 .text.clock_configure_int_divider
                0x10000c9c       0xf4 CMakeFiles/led.dir/Users/ab25cq/pico/pico-sdk/src/rp2_common/hardware_clocks/clocks.c.obj
                0x10000c9c                clock_configure_int_divider
 .text.clock_configure_undivided
                0x10000d90       0xe8 CMakeFiles/led.dir/Users/ab25cq/pico/pico-sdk/src/rp2_common/hardware_clocks/clocks.c.obj
                0x10000d90                clock_configure_undivided
 .text.clock_get_hz
                0x10000e78        0xc CMakeFiles/led.dir/Users/ab25cq/pico/pico-sdk/src/rp2_common/hardware_clocks/clocks.c.obj
                0x10000e78                clock_get_hz
 .text.pll_init
                0x10000e84       0xa4 CMakeFiles/led.dir/Users/ab25cq/pico/pico-sdk/src/rp2_common/hardware_pll/pll.c.obj
                0x10000e84                pll_init
 .text.tick_start
                0x10000f28       0x10 CMakeFiles/led.dir/Users/ab25cq/pico/pico-sdk/src/rp2_common/hardware_ticks/ticks.c.obj
                0x10000f28                tick_start
 .text.xosc_init
                0x10000f38       0x28 CMakeFiles/led.dir/Users/ab25cq/pico/pico-sdk/src/rp2_common/hardware_xosc/xosc.c.obj
                0x10000f38                xosc_init
 .text.first_per_core_initializer
                0x10000f60        0x4 CMakeFiles/led.dir/Users/ab25cq/pico/pico-sdk/src/rp2_common/pico_runtime/runtime.c.obj
 .text.hard_assertion_failure
                0x10000f64        0xc CMakeFiles/led.dir/Users/ab25cq/pico/pico-sdk/src/rp2_common/pico_runtime/runtime.c.obj
                0x10000f64                hard_assertion_failure
 .text.runtime_run_initializers
                0x10000f70       0x28 CMakeFiles/led.dir/Users/ab25cq/pico/pico-sdk/src/rp2_common/pico_runtime/runtime.c.obj
                0x10000f70                runtime_run_initializers
 .text.runtime_init_early_resets
                0x10000f98       0x2c CMakeFiles/led.dir/Users/ab25cq/pico/pico-sdk/src/rp2_common/pico_runtime_init/runtime_init.c.obj
                0x10000f98                runtime_init_early_resets
 .text.runtime_init_usb_power_down
                0x10000fc4       0x1c CMakeFiles/led.dir/Users/ab25cq/pico/pico-sdk/src/rp2_common/pico_runtime_init/runtime_init.c.obj
                0x10000fc4                runtime_init_usb_power_down
 .text.runtime_init_post_clock_resets
                0x10000fe0       0x20 CMakeFiles/led.dir/Users/ab25cq/pico/pico-sdk/src/rp2_common/pico_runtime_init/runtime_init.c.obj
                0x10000fe0                runtime_init_post_clock_resets
 .text.runtime_init_rp2040_gpio_ie_disable
                0x10001000       0x14 CMakeFiles/led.dir/Users/ab25cq/pico/pico-sdk/src/rp2_common/pico_runtime_init/runtime_init.c.obj
                0x10001000                runtime_init_rp2040_gpio_ie_disable
 .text.runtime_init_spin_locks_reset
                0x10001014        0x8 CMakeFiles/led.dir/Users/ab25cq/pico/pico-sdk/src/rp2_common/pico_runtime_init/runtime_init.c.obj
                0x10001014                runtime_init_spin_locks_reset
 .text.runtime_init_install_ram_vector_table
                0x1000101c       0x1c CMakeFiles/led.dir/Users/ab25cq/pico/pico-sdk/src/rp2_common/pico_runtime_init/runtime_init.c.obj
                0x1000101c                runtime_init_install_ram_vector_table
 .text.runtime_init_clocks
                0x10001038       0xd8 CMakeFiles/led.dir/Users/ab25cq/pico/pico-sdk/src/rp2_common/pico_runtime_init/runtime_init_clocks.c.obj
                0x10001038                runtime_init_clocks
 .text          0x10001110       0x10 CMakeFiles/led.dir/Users/ab25cq/pico/pico-sdk/src/rp2_common/pico_bit_ops/bit_ops_aeabi.S.obj
 .text.rom_func_lookup
                0x10001120       0x10 CMakeFiles/led.dir/Users/ab25cq/pico/pico-sdk/src/rp2_common/pico_bootrom/bootrom.c.obj
                0x10001120                rom_func_lookup
 .text.rom_data_lookup
                0x10001130       0x10 CMakeFiles/led.dir/Users/ab25cq/pico/pico-sdk/src/rp2_common/pico_bootrom/bootrom.c.obj
                0x10001130                rom_data_lookup
 .text.rom_funcs_lookup
                0x10001140       0x44 CMakeFiles/led.dir/Users/ab25cq/pico/pico-sdk/src/rp2_common/pico_bootrom/bootrom.c.obj
                0x10001140                rom_funcs_lookup
 .text.__wrap___aeabi_uidiv
                0x10001184       0x4c CMakeFiles/led.dir/Users/ab25cq/pico/pico-sdk/src/rp2_common/pico_divider/divider_hardware.S.obj
                0x10001184                __wrap___aeabi_uidiv
                0x10001184                __wrap___aeabi_uidivmod
                0x10001184                div_u32u32
                0x10001184                divmod_u32u32
                0x1000118c                divmod_u32u32_unsafe
                0x100011b4                divmod_u32u32_savestate
 .text.__aeabi_double_init
                0x100011d0       0xa4 CMakeFiles/led.dir/Users/ab25cq/pico/pico-sdk/src/rp2_common/pico_double/double_init_rom_rp2040.c.obj
                0x100011d0                __aeabi_double_init
 .text.double_table_shim_on_use_helper
                0x10001274       0x2c CMakeFiles/led.dir/Users/ab25cq/pico/pico-sdk/src/rp2_common/pico_double/double_v1_rom_shim_rp2040.S.obj
                0x10001274                double_table_shim_on_use_helper
 .text.__aeabi_lmul
                0x100012a0       0x32 CMakeFiles/led.dir/Users/ab25cq/pico/pico-sdk/src/rp2_common/pico_int64_ops/pico_int64_ops_aeabi.S.obj
                0x100012a0                __wrap___aeabi_lmul
 *fill*         0x100012d2        0x2 
 .text.__aeabi_float_init
                0x100012d4       0x64 CMakeFiles/led.dir/Users/ab25cq/pico/pico-sdk/src/rp2_common/pico_float/float_init_rom_rp2040.c.obj
                0x100012d4                __aeabi_float_init
 .text.float_table_shim_on_use_helper
                0x10001338       0x2c CMakeFiles/led.dir/Users/ab25cq/pico/pico-sdk/src/rp2_common/pico_float/float_v1_rom_shim_rp2040.S.obj
                0x10001338                float_table_shim_on_use_helper
 .text          0x10001364       0x10 CMakeFiles/led.dir/Users/ab25cq/pico/pico-sdk/src/rp2_common/pico_mem_ops/mem_ops_aeabi.S.obj
                0x10001364                __aeabi_mem_init
 .text.memcpy   0x10001374        0xc CMakeFiles/led.dir/Users/ab25cq/pico/pico-sdk/src/rp2_common/pico_mem_ops/mem_ops_aeabi.S.obj
                0x10001374                __wrap___aeabi_memcpy
                0x10001374                __wrap_memcpy
 .text._out_char
                0x10001380       0x10 CMakeFiles/led.dir/Users/ab25cq/pico/pico-sdk/src/rp2_common/pico_printf/printf.c.obj
 .text.weak_raw_vprintf
                0x10001390       0x30 CMakeFiles/led.dir/Users/ab25cq/pico/pico-sdk/src/rp2_common/pico_printf/printf.c.obj
                0x10001390                weak_raw_vprintf
 .text._exit    0x100013c0        0x4 CMakeFiles/led.dir/Users/ab25cq/pico/pico-sdk/src/rp2_common/pico_clib_interface/newlib_interface.c.obj
                0x100013c0                _exit
 .text.exit     0x100013c4        0x8 CMakeFiles/led.dir/Users/ab25cq/pico/pico-sdk/src/rp2_common/pico_clib_interface/newlib_interface.c.obj
                0x100013c4                exit
 .text.runtime_init
                0x100013cc       0x2c CMakeFiles/led.dir/Users/ab25cq/pico/pico-sdk/src/rp2_common/pico_clib_interface/newlib_interface.c.obj
                0x100013cc                runtime_init
 .text.stdio_out_chars_no_crlf
                0x100013f8       0x10 CMakeFiles/led.dir/Users/ab25cq/pico/pico-sdk/src/rp2_common/pico_stdio/stdio.c.obj
 .text.stdio_out_chars_crlf
                0x10001408       0x94 CMakeFiles/led.dir/Users/ab25cq/pico/pico-sdk/src/rp2_common/pico_stdio/stdio.c.obj
 .text.stdio_put_string
                0x1000149c      0x100 CMakeFiles/led.dir/Users/ab25cq/pico/pico-sdk/src/rp2_common/pico_stdio/stdio.c.obj
                0x1000149c                stdio_put_string
 .text.__wrap_putchar
                0x1000159c       0x98 CMakeFiles/led.dir/Users/ab25cq/pico/pico-sdk/src/rp2_common/pico_stdio/stdio.c.obj
                0x1000159c                stdio_putchar
                0x1000159c                __wrap_putchar
 .text.__wrap_puts
                0x10001634       0x3c CMakeFiles/led.dir/Users/ab25cq/pico/pico-sdk/src/rp2_common/pico_stdio/stdio.c.obj
                0x10001634                __wrap_puts
                0x10001634                stdio_puts
 .text.strlen   0x10001670       0x5c /Applications/ArmGNUToolchain/13.3.rel1/arm-none-eabi/bin/../lib/gcc/arm-none-eabi/13.3.1/../../../../arm-none-eabi/lib/thumb/v6-m/nofp/libg.a(libc_a-strlen-stub.o)
                0x10001670                strlen
 *(.fini)
 .fini          0x100016cc        0x4 /Applications/ArmGNUToolchain/13.3.rel1/arm-none-eabi/bin/../lib/gcc/arm-none-eabi/13.3.1/thumb/v6-m/nofp/crti.o
                0x100016cc                _fini
 .fini.__stub   0x100016d0       0x30 linker stubs
 *crtbegin.o(.ctors)
 *crtbegin?.o(.ctors)
 *(EXCLUDE_FILE(*crtend.o *crtend?.o) .ctors)
 *(SORT_BY_NAME(.ctors.*))
 *(.ctors)
 *crtbegin.o(.dtors)
 *crtbegin?.o(.dtors)
 *(EXCLUDE_FILE(*crtend.o *crtend?.o) .dtors)
 *(SORT_BY_NAME(.dtors.*))
 *(.dtors)
                0x10001700                        . = ALIGN (0x4)
                0x10001700                        PROVIDE (__preinit_array_start = .)
 *(SORT_BY_NAME(.preinit_array.*))
 .preinit_array.00100
                0x10001700        0x4 CMakeFiles/led.dir/Users/ab25cq/pico/pico-sdk/src/rp2_common/pico_runtime_init/runtime_init.c.obj
                0x10001700                __pre_init_runtime_init_early_resets
 .preinit_array.00101
                0x10001704        0x4 CMakeFiles/led.dir/Users/ab25cq/pico/pico-sdk/src/rp2_common/pico_runtime_init/runtime_init.c.obj
                0x10001704                __pre_init_runtime_init_usb_power_down
 .preinit_array.00275
                0x10001708        0x4 CMakeFiles/led.dir/Users/ab25cq/pico/pico-sdk/src/rp2_common/pico_bit_ops/bit_ops_aeabi.S.obj
 .preinit_array.00300
                0x1000170c        0x4 CMakeFiles/led.dir/Users/ab25cq/pico/pico-sdk/src/rp2_common/pico_mem_ops/mem_ops_aeabi.S.obj
 .preinit_array.00350
                0x10001710        0x4 CMakeFiles/led.dir/Users/ab25cq/pico/pico-sdk/src/rp2_common/pico_double/double_aeabi_rp2040.S.obj
 .preinit_array.00350
                0x10001714        0x4 CMakeFiles/led.dir/Users/ab25cq/pico/pico-sdk/src/rp2_common/pico_float/float_aeabi_rp2040.S.obj
 .preinit_array.00500
                0x10001718        0x4 CMakeFiles/led.dir/Users/ab25cq/pico/pico-sdk/src/rp2_common/pico_runtime_init/runtime_init.c.obj
                0x10001718                __pre_init_runtime_init_clocks
 .preinit_array.00600
                0x1000171c        0x4 CMakeFiles/led.dir/Users/ab25cq/pico/pico-sdk/src/rp2_common/pico_runtime_init/runtime_init.c.obj
                0x1000171c                __pre_init_runtime_init_post_clock_resets
 .preinit_array.00700
                0x10001720        0x4 CMakeFiles/led.dir/Users/ab25cq/pico/pico-sdk/src/rp2_common/pico_runtime_init/runtime_init.c.obj
                0x10001720                __pre_init_runtime_init_rp2040_gpio_ie_disable
 .preinit_array.01000
                0x10001724        0x4 CMakeFiles/led.dir/Users/ab25cq/pico/pico-sdk/src/rp2_common/pico_runtime_init/runtime_init.c.obj
                0x10001724                __pre_init_runtime_init_spin_locks_reset
 .preinit_array.01100
                0x10001728        0x4 CMakeFiles/led.dir/Users/ab25cq/pico/pico-sdk/src/common/pico_sync/mutex.c.obj
                0x10001728                __pre_init_runtime_init_mutex
 .preinit_array.10080
                0x1000172c        0x4 CMakeFiles/led.dir/Users/ab25cq/pico/pico-sdk/src/rp2_common/pico_runtime_init/runtime_init.c.obj
                0x1000172c                __pre_init_runtime_init_install_ram_vector_table
 .preinit_array.11000
                0x10001730        0x4 CMakeFiles/led.dir/Users/ab25cq/pico/pico-sdk/src/common/pico_time/time.c.obj
                0x10001730                __pre_init_runtime_init_default_alarm_pool
 .preinit_array.YYYYY
                0x10001734        0x4 CMakeFiles/led.dir/Users/ab25cq/pico/pico-sdk/src/rp2_common/pico_runtime/runtime.c.obj
                0x10001734                __pre_init_first_per_core_initializer
 .preinit_array.ZZZZZ.01200
                0x10001738        0x4 CMakeFiles/led.dir/Users/ab25cq/pico/pico-sdk/src/rp2_common/hardware_irq/irq.c.obj
                0x10001738                __pre_init_runtime_init_per_core_irq_priorities
 *(.preinit_array)
                0x1000173c                        PROVIDE (__preinit_array_end = .)
                0x1000173c                        . = ALIGN (0x4)
                0x1000173c                        PROVIDE (__init_array_start = .)
 *(SORT_BY_NAME(.init_array.*))
 *(.init_array)
 .init_array    0x1000173c        0x4 /Applications/ArmGNUToolchain/13.3.rel1/arm-none-eabi/bin/../lib/gcc/arm-none-eabi/13.3.1/thumb/v6-m/nofp/crtbegin.o
                0x10001740                        PROVIDE (__init_array_end = .)
                0x10001740                        . = ALIGN (0x4)
                [!provide]                        PROVIDE (__fini_array_start = .)
 *(SORT_BY_NAME(.fini_array.*))
 *(.fini_array)
                [!provide]                        PROVIDE (__fini_array_end = .)
 *(.eh_frame*)
 .eh_frame      0x10001740        0x0 /Applications/ArmGNUToolchain/13.3.rel1/arm-none-eabi/bin/../lib/gcc/arm-none-eabi/13.3.1/thumb/v6-m/nofp/crtbegin.o
                0x10001740                        . = ALIGN (0x4)

.glue_7         0x10001740        0x0
 .glue_7        0x10001740        0x0 linker stubs

.glue_7t        0x10001740        0x0
 .glue_7t       0x10001740        0x0 linker stubs

.vfp11_veneer   0x10001740        0x0
 .vfp11_veneer  0x10001740        0x0 linker stubs

.v4_bx          0x10001740        0x0
 .v4_bx         0x10001740        0x0 linker stubs

.iplt           0x10001740        0x0
 .iplt          0x10001740        0x0 /Applications/ArmGNUToolchain/13.3.rel1/arm-none-eabi/bin/../lib/gcc/arm-none-eabi/13.3.1/thumb/v6-m/nofp/crtbegin.o

.rodata         0x10001740       0xb8
 *(EXCLUDE_FILE(*libm.a: *libc.a:*lib_a-mem*.o *libgcc.a:) .rodata*)
 .rodata.panic.str1.4
                0x10001740       0x6c CMakeFiles/led.dir/Users/ab25cq/pico/pico-sdk/src/rp2_common/pico_platform_panic/panic.c.obj
                                 0x12 (size before relaxing)
 .rodata.timer_hardware_alarm_claim.str1.4
                0x100017ac       0x22 CMakeFiles/led.dir/Users/ab25cq/pico/pico-sdk/src/rp2_common/hardware_timer/timer.c.obj
 .rodata.hard_assertion_failure.str1.4
                0x100017ac        0xc CMakeFiles/led.dir/Users/ab25cq/pico/pico-sdk/src/rp2_common/pico_runtime/runtime.c.obj
 .rodata.str1.4
                0x100017ac       0x28 CMakeFiles/led.dir/Users/ab25cq/pico/pico-sdk/src/rp2_common/pico_standard_binary_info/standard_binary_info.c.obj
 .rodata.__bi_84
                0x100017ac        0xc CMakeFiles/led.dir/Users/ab25cq/pico/pico-sdk/src/rp2_common/pico_standard_binary_info/standard_binary_info.c.obj
 .rodata.__bi_54
                0x100017b8        0xc CMakeFiles/led.dir/Users/ab25cq/pico/pico-sdk/src/rp2_common/pico_standard_binary_info/standard_binary_info.c.obj
 .rodata.__bi_48
                0x100017c4        0xc CMakeFiles/led.dir/Users/ab25cq/pico/pico-sdk/src/rp2_common/pico_standard_binary_info/standard_binary_info.c.obj
 .rodata.__bi_42
                0x100017d0        0xc CMakeFiles/led.dir/Users/ab25cq/pico/pico-sdk/src/rp2_common/pico_standard_binary_info/standard_binary_info.c.obj
 .rodata.__bi_34
                0x100017dc        0xc CMakeFiles/led.dir/Users/ab25cq/pico/pico-sdk/src/rp2_common/pico_standard_binary_info/standard_binary_info.c.obj
 .rodata.__bi_26
                0x100017e8        0xc CMakeFiles/led.dir/Users/ab25cq/pico/pico-sdk/src/rp2_common/pico_standard_binary_info/standard_binary_info.c.obj
 .rodata.crlf_str.0
                0x100017f4        0x2 CMakeFiles/led.dir/Users/ab25cq/pico/pico-sdk/src/rp2_common/pico_stdio/stdio.c.obj
                0x100017f8                        . = ALIGN (0x4)
 *fill*         0x100017f6        0x2 
 *(SORT_BY_ALIGNMENT(SORT_BY_NAME(.flashdata*)))
                0x100017f8                        . = ALIGN (0x4)

.ARM.extab
 *(.ARM.extab* .gnu.linkonce.armextab.*)
                0x100017f8                        __exidx_start = .

.ARM.exidx
 *(.ARM.exidx* .gnu.linkonce.armexidx.*)
                0x100017f8                        __exidx_end = .
                0x100017f8                        . = ALIGN (0x4)
                0x100017f8                        __binary_info_start = .

.binary_info    0x100017f8       0x18
 *(.binary_info.keep.*)
 .binary_info.keep.__bi_ptr84
                0x100017f8        0x4 CMakeFiles/led.dir/Users/ab25cq/pico/pico-sdk/src/rp2_common/pico_standard_binary_info/standard_binary_info.c.obj
 .binary_info.keep.__bi_ptr54
                0x100017fc        0x4 CMakeFiles/led.dir/Users/ab25cq/pico/pico-sdk/src/rp2_common/pico_standard_binary_info/standard_binary_info.c.obj
 .binary_info.keep.__bi_ptr48
                0x10001800        0x4 CMakeFiles/led.dir/Users/ab25cq/pico/pico-sdk/src/rp2_common/pico_standard_binary_info/standard_binary_info.c.obj
 .binary_info.keep.__bi_ptr42
                0x10001804        0x4 CMakeFiles/led.dir/Users/ab25cq/pico/pico-sdk/src/rp2_common/pico_standard_binary_info/standard_binary_info.c.obj
 .binary_info.keep.__bi_ptr34
                0x10001808        0x4 CMakeFiles/led.dir/Users/ab25cq/pico/pico-sdk/src/rp2_common/pico_standard_binary_info/standard_binary_info.c.obj
 .binary_info.keep.__bi_ptr26
                0x1000180c        0x4 CMakeFiles/led.dir/Users/ab25cq/pico/pico-sdk/src/rp2_common/pico_standard_binary_info/standard_binary_info.c.obj
 *(.binary_info.*)
                0x10001810                        __binary_info_end = .

.rel.dyn        0x10001810        0x0
 .rel.iplt      0x10001810        0x0 /Applications/ArmGNUToolchain/13.3.rel1/arm-none-eabi/bin/../lib/gcc/arm-none-eabi/13.3.1/thumb/v6-m/nofp/crtbegin.o
                0x10001810                        . = ALIGN (0x4)

.ram_vector_table
                0x20000000       0xc0
 *(.ram_vector_table)
 .ram_vector_table
                0x20000000       0xc0 CMakeFiles/led.dir/Users/ab25cq/pico/pico-sdk/src/rp2_common/pico_runtime_init/runtime_init.c.obj
                0x20000000                ram_vector_table

.uninitialized_data
                0x200000c0        0x0
                0x200000c0                        . = ALIGN (0x4)
 *(.uninitialized_data*)

.data           0x200000c0      0x128 load address 0x10001810
                0x200000c0                        __data_start__ = .
 *(vtable)
 *(.time_critical*)
 .time_critical.mutex_try_enter_block_until
                0x200000c0       0x9c CMakeFiles/led.dir/Users/ab25cq/pico/pico-sdk/src/common/pico_sync/mutex.c.obj
                0x200000c0                mutex_try_enter_block_until
 .time_critical.mutex_exit
                0x2000015c       0x28 CMakeFiles/led.dir/Users/ab25cq/pico/pico-sdk/src/common/pico_sync/mutex.c.obj
                0x2000015c                mutex_exit
 *(.text*)
 .text          0x20000184        0x4 /Applications/ArmGNUToolchain/13.3.rel1/arm-none-eabi/bin/../lib/gcc/arm-none-eabi/13.3.1/thumb/v6-m/nofp/libgcc.a(_dvmd_tls.o)
                0x20000184                __aeabi_ldiv0
                0x20000184                __aeabi_idiv0
 .text.__stub   0x20000188       0x10 linker stubs
                0x20000198                        . = ALIGN (0x4)
 *(.rodata*)
                0x20000198                        . = ALIGN (0x4)
 *(.data*)
 .data.striped_spin_lock_num
                0x20000198        0x1 CMakeFiles/led.dir/Users/ab25cq/pico/pico-sdk/src/rp2_common/hardware_sync/sync.c.obj
 *fill*         0x20000199        0x3 
 .data.default_alarm_pool
                0x2000019c       0x18 CMakeFiles/led.dir/Users/ab25cq/pico/pico-sdk/src/common/pico_time/time.c.obj
 *fill*         0x200001b4        0xc 
 .data.aeabi_bits_funcs
                0x200001c0       0x10 CMakeFiles/led.dir/Users/ab25cq/pico/pico-sdk/src/rp2_common/pico_bit_ops/bit_ops_aeabi.S.obj
                0x200001c0                aeabi_bits_funcs
                0x200001d0                aeabi_bits_funcs_end
 .data.aeabi_mem_funcs
                0x200001d0       0x10 CMakeFiles/led.dir/Users/ab25cq/pico/pico-sdk/src/rp2_common/pico_mem_ops/mem_ops_aeabi.S.obj
                0x200001d0                aeabi_mem_funcs
                0x200001e0                aeabi_mem_funcs_end
                0x200001e0                        . = ALIGN (0x4)
 *(.after_data.*)
                0x200001e0                        . = ALIGN (0x4)
                0x200001e0                        PROVIDE (__mutex_array_start = .)
 *(SORT_BY_NAME(.mutex_array.*))
 *(.mutex_array)
 .mutex_array   0x200001e0        0x8 CMakeFiles/led.dir/Users/ab25cq/pico/pico-sdk/src/rp2_common/pico_stdio/stdio.c.obj
                0x200001e8                        PROVIDE (__mutex_array_end = .)
                0x200001e8                        . = ALIGN (0x4)
 *(.jcr)
                0x200001e8                        . = ALIGN (0x4)

.tm_clone_table
                0x200001e8        0x0 load address 0x10001938
 .tm_clone_table
                0x200001e8        0x0 /Applications/ArmGNUToolchain/13.3.rel1/arm-none-eabi/bin/../lib/gcc/arm-none-eabi/13.3.1/thumb/v6-m/nofp/crtbegin.o
 .tm_clone_table
                0x200001e8        0x0 /Applications/ArmGNUToolchain/13.3.rel1/arm-none-eabi/bin/../lib/gcc/arm-none-eabi/13.3.1/thumb/v6-m/nofp/crtend.o

.igot.plt       0x200001e8        0x0 load address 0x10001938
 .igot.plt      0x200001e8        0x0 /Applications/ArmGNUToolchain/13.3.rel1/arm-none-eabi/bin/../lib/gcc/arm-none-eabi/13.3.1/thumb/v6-m/nofp/crtbegin.o

.tdata          0x200001e8        0x0 load address 0x10001938
                0x200001e8                        . = ALIGN (0x4)
 *(.tdata .tdata.* .gnu.linkonce.td.*)
                0x200001e8                        __tdata_end = .
                0x200001e8                        PROVIDE (__data_end__ = .)
                0x10001810                        __etext = LOADADDR (.data)

.tbss           0x200001e8        0x0 load address 0x10001938
                0x200001e8                        . = ALIGN (0x4)
                0x200001e8                        __bss_start__ = .
                0x200001e8                        __tls_base = .
 *(.tbss .tbss.* .gnu.linkonce.tb.*)
 *(.tcommon)
                0x200001e8                        __tls_end = .

.bss            0x200001e8      0x3e8 load address 0x10001938
                0x200001e8                        . = ALIGN (0x4)
                0x200001e8                        __tbss_end = .
 *(SORT_BY_ALIGNMENT(SORT_BY_NAME(.bss*)))
 .bss.default_alarm_pool_entries
                0x200001e8      0x180 CMakeFiles/led.dir/Users/ab25cq/pico/pico-sdk/src/common/pico_time/time.c.obj
 .bss.sd_table  0x20000368      0x100 CMakeFiles/led.dir/Users/ab25cq/pico/pico-sdk/src/rp2_common/pico_double/double_init_rom_rp2040.c.obj
                0x20000368                sd_table
 .bss.sf_table  0x20000468      0x100 CMakeFiles/led.dir/Users/ab25cq/pico/pico-sdk/src/rp2_common/pico_float/float_init_rom_rp2040.c.obj
                0x20000468                sf_table
 .bss.claimed   0x20000568        0x1 CMakeFiles/led.dir/Users/ab25cq/pico/pico-sdk/src/rp2_common/hardware_timer/timer.c.obj
 *fill*         0x20000569        0x3 
 .bss.configured_freq
                0x2000056c       0x28 CMakeFiles/led.dir/Users/ab25cq/pico/pico-sdk/src/rp2_common/hardware_clocks/clocks.c.obj
 .bss.drivers   0x20000594        0x4 CMakeFiles/led.dir/Users/ab25cq/pico/pico-sdk/src/rp2_common/pico_stdio/stdio.c.obj
 .bss.filter    0x20000598        0x4 CMakeFiles/led.dir/Users/ab25cq/pico/pico-sdk/src/rp2_common/pico_stdio/stdio.c.obj
 .bss.lazy_vsnprintf
                0x2000059c        0x4 CMakeFiles/led.dir/Users/ab25cq/pico/pico-sdk/src/rp2_common/pico_printf/printf.c.obj
 .bss.object.0  0x200005a0       0x18 /Applications/ArmGNUToolchain/13.3.rel1/arm-none-eabi/bin/../lib/gcc/arm-none-eabi/13.3.1/thumb/v6-m/nofp/crtbegin.o
 .bss.pools     0x200005b8       0x10 CMakeFiles/led.dir/Users/ab25cq/pico/pico-sdk/src/common/pico_time/time.c.obj
 .bss.sf_clz_func
                0x200005c8        0x4 CMakeFiles/led.dir/Users/ab25cq/pico/pico-sdk/src/rp2_common/pico_double/double_init_rom_rp2040.c.obj
                0x200005c8                sf_clz_func
 .bss.sleep_notifier
                0x200005cc        0x4 CMakeFiles/led.dir/Users/ab25cq/pico/pico-sdk/src/common/pico_time/time.c.obj
 *(COMMON)
                0x200005d0                        . = ALIGN (0x4)
                0x200005d0                        __bss_end__ = .

.heap           0x200005d0    0x3fa30 load address 0x10001938
                0x200005d0                        __end__ = .
                0x200005d0                        end = __end__
 *(.heap*)
 .heap          0x200005d0      0x800 CMakeFiles/led.dir/Users/ab25cq/pico/pico-sdk/src/rp2_common/pico_crt0/crt0.S.obj
                0x20040000                        . = (ORIGIN (RAM) + LENGTH (RAM))
 *fill*         0x20000dd0    0x3f230 
                0x20040000                        __HeapLimit = .

.scratch_x      0x20040000        0x0 load address 0x10001938
                0x20040000                        __scratch_x_start__ = .
 *(.scratch_x.*)
                0x20040000                        . = ALIGN (0x4)
                0x20040000                        __scratch_x_end__ = .
                0x10001938                        __scratch_x_source__ = LOADADDR (.scratch_x)

.scratch_y      0x20041000        0x0 load address 0x10001938
                0x20041000                        __scratch_y_start__ = .
 *(.scratch_y.*)
                0x20041000                        . = ALIGN (0x4)
                0x20041000                        __scratch_y_end__ = .
                0x10001938                        __scratch_y_source__ = LOADADDR (.scratch_y)

.stack1_dummy
 *(.stack1*)

.stack_dummy    0x20041000      0x800
 *(.stack*)
 .stack         0x20041000      0x800 CMakeFiles/led.dir/Users/ab25cq/pico/pico-sdk/src/rp2_common/pico_crt0/crt0.S.obj

.flash_end      0x10001938        0x0
 *(.embedded_end_block*)
                0x10001938                        PROVIDE (__flash_binary_end = .)
                0x20040000                        __StackLimit = (ORIGIN (RAM) + LENGTH (RAM))
                0x20041000                        __StackOneTop = (ORIGIN (SCRATCH_X) + LENGTH (SCRATCH_X))
                0x20042000                        __StackTop = (ORIGIN (SCRATCH_Y) + LENGTH (SCRATCH_Y))
                0x20041000                        __StackOneBottom = (__StackOneTop - SIZEOF (.stack1_dummy))
                0x20041800                        __StackBottom = (__StackTop - SIZEOF (.stack_dummy))
                0x20042000                        PROVIDE (__stack = __StackTop)
                [!provide]                        PROVIDE (__heap_start = __end__)
                [!provide]                        PROVIDE (__heap_end = __HeapLimit)
                [!provide]                        PROVIDE (__tls_align = MAX (ALIGNOF (.tdata), ALIGNOF (.tbss)))
                [!provide]                        PROVIDE (__tls_size_align = (((__tls_size + __tls_align) - 0x1) & ~ ((__tls_align - 0x1))))
                [!provide]                        PROVIDE (__arm32_tls_tcb_offset = MAX (0x8, __tls_align))
                [!provide]                        PROVIDE (_end = __end__)
                [!provide]                        PROVIDE (__llvm_libc_heap_limit = __HeapLimit)
                0x00000001                        ASSERT ((__StackLimit >= __HeapLimit), region RAM overflowed)
                0x00000001                        ASSERT (((__binary_info_header_end - __logical_binary_start) <= 0x100), Binary info must be in first 256 bytes of the binary)
LOAD CMakeFiles/led.dir/led2.c.obj
LOAD CMakeFiles/led.dir/Users/ab25cq/pico/pico-sdk/src/rp2_common/pico_stdlib/stdlib.c.obj
LOAD CMakeFiles/led.dir/Users/ab25cq/pico/pico-sdk/src/rp2_common/hardware_gpio/gpio.c.obj
LOAD CMakeFiles/led.dir/Users/ab25cq/pico/pico-sdk/src/rp2040/pico_platform/platform.c.obj
LOAD CMakeFiles/led.dir/Users/ab25cq/pico/pico-sdk/src/rp2_common/pico_platform_panic/panic.c.obj
LOAD CMakeFiles/led.dir/Users/ab25cq/pico/pico-sdk/src/common/hardware_claim/claim.c.obj
LOAD CMakeFiles/led.dir/Users/ab25cq/pico/pico-sdk/src/rp2_common/hardware_sync/sync.c.obj
LOAD CMakeFiles/led.dir/Users/ab25cq/pico/pico-sdk/src/rp2_common/hardware_sync_spin_lock/sync_spin_lock.c.obj
LOAD CMakeFiles/led.dir/Users/ab25cq/pico/pico-sdk/src/rp2_common/hardware_irq/irq.c.obj
LOAD CMakeFiles/led.dir/Users/ab25cq/pico/pico-sdk/src/rp2_common/hardware_irq/irq_handler_chain.S.obj
LOAD CMakeFiles/led.dir/Users/ab25cq/pico/pico-sdk/src/common/pico_sync/sem.c.obj
LOAD CMakeFiles/led.dir/Users/ab25cq/pico/pico-sdk/src/common/pico_sync/lock_core.c.obj
LOAD CMakeFiles/led.dir/Users/ab25cq/pico/pico-sdk/src/common/pico_sync/mutex.c.obj
LOAD CMakeFiles/led.dir/Users/ab25cq/pico/pico-sdk/src/common/pico_sync/critical_section.c.obj
LOAD CMakeFiles/led.dir/Users/ab25cq/pico/pico-sdk/src/common/pico_time/time.c.obj
LOAD CMakeFiles/led.dir/Users/ab25cq/pico/pico-sdk/src/common/pico_time/timeout_helper.c.obj
LOAD CMakeFiles/led.dir/Users/ab25cq/pico/pico-sdk/src/rp2_common/hardware_timer/timer.c.obj
LOAD CMakeFiles/led.dir/Users/ab25cq/pico/pico-sdk/src/common/pico_util/datetime.c.obj
LOAD CMakeFiles/led.dir/Users/ab25cq/pico/pico-sdk/src/common/pico_util/pheap.c.obj
LOAD CMakeFiles/led.dir/Users/ab25cq/pico/pico-sdk/src/common/pico_util/queue.c.obj
LOAD CMakeFiles/led.dir/Users/ab25cq/pico/pico-sdk/src/rp2_common/hardware_uart/uart.c.obj
LOAD CMakeFiles/led.dir/Users/ab25cq/pico/pico-sdk/src/rp2_common/hardware_clocks/clocks.c.obj
LOAD CMakeFiles/led.dir/Users/ab25cq/pico/pico-sdk/src/rp2_common/hardware_pll/pll.c.obj
LOAD CMakeFiles/led.dir/Users/ab25cq/pico/pico-sdk/src/rp2_common/hardware_vreg/vreg.c.obj
LOAD CMakeFiles/led.dir/Users/ab25cq/pico/pico-sdk/src/rp2_common/hardware_watchdog/watchdog.c.obj
LOAD CMakeFiles/led.dir/Users/ab25cq/pico/pico-sdk/src/rp2_common/hardware_ticks/ticks.c.obj
LOAD CMakeFiles/led.dir/Users/ab25cq/pico/pico-sdk/src/rp2_common/hardware_xosc/xosc.c.obj
LOAD CMakeFiles/led.dir/Users/ab25cq/pico/pico-sdk/src/rp2_common/hardware_divider/divider.S.obj
LOAD CMakeFiles/led.dir/Users/ab25cq/pico/pico-sdk/src/rp2_common/pico_runtime/runtime.c.obj
LOAD CMakeFiles/led.dir/Users/ab25cq/pico/pico-sdk/src/rp2_common/pico_runtime_init/runtime_init.c.obj
LOAD CMakeFiles/led.dir/Users/ab25cq/pico/pico-sdk/src/rp2_common/pico_runtime_init/runtime_init_clocks.c.obj
LOAD CMakeFiles/led.dir/Users/ab25cq/pico/pico-sdk/src/rp2_common/pico_runtime_init/runtime_init_stack_guard.c.obj
LOAD CMakeFiles/led.dir/Users/ab25cq/pico/pico-sdk/src/rp2_common/pico_bit_ops/bit_ops_aeabi.S.obj
LOAD CMakeFiles/led.dir/Users/ab25cq/pico/pico-sdk/src/rp2_common/pico_bootrom/bootrom.c.obj
LOAD CMakeFiles/led.dir/Users/ab25cq/pico/pico-sdk/src/rp2_common/pico_bootrom/bootrom_lock.c.obj
LOAD CMakeFiles/led.dir/Users/ab25cq/pico/pico-sdk/src/rp2_common/hardware_boot_lock/boot_lock.c.obj
LOAD CMakeFiles/led.dir/Users/ab25cq/pico/pico-sdk/src/rp2_common/pico_divider/divider_hardware.S.obj
LOAD CMakeFiles/led.dir/Users/ab25cq/pico/pico-sdk/src/rp2_common/pico_double/double_aeabi_rp2040.S.obj
LOAD CMakeFiles/led.dir/Users/ab25cq/pico/pico-sdk/src/rp2_common/pico_double/double_init_rom_rp2040.c.obj
LOAD CMakeFiles/led.dir/Users/ab25cq/pico/pico-sdk/src/rp2_common/pico_double/double_math.c.obj
LOAD CMakeFiles/led.dir/Users/ab25cq/pico/pico-sdk/src/rp2_common/pico_double/double_v1_rom_shim_rp2040.S.obj
LOAD CMakeFiles/led.dir/Users/ab25cq/pico/pico-sdk/src/rp2_common/pico_int64_ops/pico_int64_ops_aeabi.S.obj
LOAD CMakeFiles/led.dir/Users/ab25cq/pico/pico-sdk/src/rp2_common/pico_float/float_aeabi_rp2040.S.obj
LOAD CMakeFiles/led.dir/Users/ab25cq/pico/pico-sdk/src/rp2_common/pico_float/float_init_rom_rp2040.c.obj
LOAD CMakeFiles/led.dir/Users/ab25cq/pico/pico-sdk/src/rp2_common/pico_float/float_math.c.obj
LOAD CMakeFiles/led.dir/Users/ab25cq/pico/pico-sdk/src/rp2_common/pico_float/float_v1_rom_shim_rp2040.S.obj
LOAD CMakeFiles/led.dir/Users/ab25cq/pico/pico-sdk/src/rp2_common/pico_malloc/malloc.c.obj
LOAD CMakeFiles/led.dir/Users/ab25cq/pico/pico-sdk/src/rp2_common/pico_mem_ops/mem_ops_aeabi.S.obj
LOAD CMakeFiles/led.dir/Users/ab25cq/pico/pico-sdk/src/rp2_common/pico_atomic/atomic.c.obj
LOAD CMakeFiles/led.dir/Users/ab25cq/pico/pico-sdk/src/rp2_common/pico_cxx_options/new_delete.cpp.obj
LOAD CMakeFiles/led.dir/Users/ab25cq/pico/pico-sdk/src/rp2_common/pico_standard_binary_info/standard_binary_info.c.obj
LOAD CMakeFiles/led.dir/Users/ab25cq/pico/pico-sdk/src/rp2_common/pico_printf/printf.c.obj
LOAD CMakeFiles/led.dir/Users/ab25cq/pico/pico-sdk/src/rp2_common/pico_crt0/crt0.S.obj
LOAD CMakeFiles/led.dir/Users/ab25cq/pico/pico-sdk/src/rp2_common/pico_clib_interface/newlib_interface.c.obj
LOAD CMakeFiles/led.dir/Users/ab25cq/pico/pico-sdk/src/rp2_common/pico_stdio/stdio.c.obj
LOAD CMakeFiles/led.dir/Users/ab25cq/pico/pico-sdk/src/rp2_common/pico_stdio_uart/stdio_uart.c.obj
LOAD /var/folders/wc/rb5jjn4d3xjfh9wc5qrm1p6r0000gn/T//ccdmfTuT.o
LOAD /Applications/ArmGNUToolchain/13.3.rel1/arm-none-eabi/bin/../lib/gcc/arm-none-eabi/13.3.1/../../../../arm-none-eabi/lib/thumb/v6-m/nofp/libstdc++.a
LOAD /Applications/ArmGNUToolchain/13.3.rel1/arm-none-eabi/bin/../lib/gcc/arm-none-eabi/13.3.1/../../../../arm-none-eabi/lib/thumb/v6-m/nofp/libm.a
START GROUP
LOAD /Applications/ArmGNUToolchain/13.3.rel1/arm-none-eabi/bin/../lib/gcc/arm-none-eabi/13.3.1/thumb/v6-m/nofp/libgcc.a
LOAD /Applications/ArmGNUToolchain/13.3.rel1/arm-none-eabi/bin/../lib/gcc/arm-none-eabi/13.3.1/../../../../arm-none-eabi/lib/thumb/v6-m/nofp/libg.a
LOAD /Applications/ArmGNUToolchain/13.3.rel1/arm-none-eabi/bin/../lib/gcc/arm-none-eabi/13.3.1/../../../../arm-none-eabi/lib/thumb/v6-m/nofp/libc.a
END GROUP
START GROUP
LOAD /Applications/ArmGNUToolchain/13.3.rel1/arm-none-eabi/bin/../lib/gcc/arm-none-eabi/13.3.1/thumb/v6-m/nofp/libgcc.a
LOAD /Applications/ArmGNUToolchain/13.3.rel1/arm-none-eabi/bin/../lib/gcc/arm-none-eabi/13.3.1/../../../../arm-none-eabi/lib/thumb/v6-m/nofp/libc.a
LOAD /Applications/ArmGNUToolchain/13.3.rel1/arm-none-eabi/bin/../lib/gcc/arm-none-eabi/13.3.1/../../../../arm-none-eabi/lib/thumb/v6-m/nofp/libnosys.a
END GROUP
LOAD /Applications/ArmGNUToolchain/13.3.rel1/arm-none-eabi/bin/../lib/gcc/arm-none-eabi/13.3.1/thumb/v6-m/nofp/crtend.o
LOAD /Applications/ArmGNUToolchain/13.3.rel1/arm-none-eabi/bin/../lib/gcc/arm-none-eabi/13.3.1/thumb/v6-m/nofp/crtn.o
OUTPUT(led.elf elf32-littlearm)
LOAD linker stubs

.ARM.attributes
                0x00000000       0x28
 .ARM.attributes
                0x00000000       0x1e /Applications/ArmGNUToolchain/13.3.rel1/arm-none-eabi/bin/../lib/gcc/arm-none-eabi/13.3.1/thumb/v6-m/nofp/crti.o
 .ARM.attributes
                0x0000001e       0x2c /Applications/ArmGNUToolchain/13.3.rel1/arm-none-eabi/bin/../lib/gcc/arm-none-eabi/13.3.1/thumb/v6-m/nofp/crtbegin.o
 .ARM.attributes
                0x0000004a       0x2c CMakeFiles/led.dir/led2.c.obj
 .ARM.attributes
                0x00000076       0x2c CMakeFiles/led.dir/Users/ab25cq/pico/pico-sdk/src/rp2_common/hardware_gpio/gpio.c.obj
 .ARM.attributes
                0x000000a2       0x2c CMakeFiles/led.dir/Users/ab25cq/pico/pico-sdk/src/rp2_common/pico_platform_panic/panic.c.obj
 .ARM.attributes
                0x000000ce       0x2c CMakeFiles/led.dir/Users/ab25cq/pico/pico-sdk/src/common/hardware_claim/claim.c.obj
 .ARM.attributes
                0x000000fa       0x2c CMakeFiles/led.dir/Users/ab25cq/pico/pico-sdk/src/rp2_common/hardware_sync/sync.c.obj
 .ARM.attributes
                0x00000126       0x2c CMakeFiles/led.dir/Users/ab25cq/pico/pico-sdk/src/rp2_common/hardware_sync_spin_lock/sync_spin_lock.c.obj
 .ARM.attributes
                0x00000152       0x2c CMakeFiles/led.dir/Users/ab25cq/pico/pico-sdk/src/rp2_common/hardware_irq/irq.c.obj
 .ARM.attributes
                0x0000017e       0x2c CMakeFiles/led.dir/Users/ab25cq/pico/pico-sdk/src/common/pico_sync/lock_core.c.obj
 .ARM.attributes
                0x000001aa       0x2c CMakeFiles/led.dir/Users/ab25cq/pico/pico-sdk/src/common/pico_sync/mutex.c.obj
 .ARM.attributes
                0x000001d6       0x2c CMakeFiles/led.dir/Users/ab25cq/pico/pico-sdk/src/common/pico_time/time.c.obj
 .ARM.attributes
                0x00000202       0x2c CMakeFiles/led.dir/Users/ab25cq/pico/pico-sdk/src/rp2_common/hardware_timer/timer.c.obj
 .ARM.attributes
                0x0000022e       0x2c CMakeFiles/led.dir/Users/ab25cq/pico/pico-sdk/src/rp2_common/hardware_clocks/clocks.c.obj
 .ARM.attributes
                0x0000025a       0x2c CMakeFiles/led.dir/Users/ab25cq/pico/pico-sdk/src/rp2_common/hardware_pll/pll.c.obj
 .ARM.attributes
                0x00000286       0x2c CMakeFiles/led.dir/Users/ab25cq/pico/pico-sdk/src/rp2_common/hardware_ticks/ticks.c.obj
 .ARM.attributes
                0x000002b2       0x2c CMakeFiles/led.dir/Users/ab25cq/pico/pico-sdk/src/rp2_common/hardware_xosc/xosc.c.obj
 .ARM.attributes
                0x000002de       0x2c CMakeFiles/led.dir/Users/ab25cq/pico/pico-sdk/src/rp2_common/pico_runtime/runtime.c.obj
 .ARM.attributes
                0x0000030a       0x2c CMakeFiles/led.dir/Users/ab25cq/pico/pico-sdk/src/rp2_common/pico_runtime_init/runtime_init.c.obj
 .ARM.attributes
                0x00000336       0x2c CMakeFiles/led.dir/Users/ab25cq/pico/pico-sdk/src/rp2_common/pico_runtime_init/runtime_init_clocks.c.obj
 .ARM.attributes
                0x00000362       0x22 CMakeFiles/led.dir/Users/ab25cq/pico/pico-sdk/src/rp2_common/pico_bit_ops/bit_ops_aeabi.S.obj
 .ARM.attributes
                0x00000384       0x2c CMakeFiles/led.dir/Users/ab25cq/pico/pico-sdk/src/rp2_common/pico_bootrom/bootrom.c.obj
 .ARM.attributes
                0x000003b0       0x22 CMakeFiles/led.dir/Users/ab25cq/pico/pico-sdk/src/rp2_common/pico_divider/divider_hardware.S.obj
 .ARM.attributes
                0x000003d2       0x22 CMakeFiles/led.dir/Users/ab25cq/pico/pico-sdk/src/rp2_common/pico_double/double_aeabi_rp2040.S.obj
 .ARM.attributes
                0x000003f4       0x2c CMakeFiles/led.dir/Users/ab25cq/pico/pico-sdk/src/rp2_common/pico_double/double_init_rom_rp2040.c.obj
 .ARM.attributes
                0x00000420       0x22 CMakeFiles/led.dir/Users/ab25cq/pico/pico-sdk/src/rp2_common/pico_double/double_v1_rom_shim_rp2040.S.obj
 .ARM.attributes
                0x00000442       0x22 CMakeFiles/led.dir/Users/ab25cq/pico/pico-sdk/src/rp2_common/pico_int64_ops/pico_int64_ops_aeabi.S.obj
 .ARM.attributes
                0x00000464       0x22 CMakeFiles/led.dir/Users/ab25cq/pico/pico-sdk/src/rp2_common/pico_float/float_aeabi_rp2040.S.obj
 .ARM.attributes
                0x00000486       0x2c CMakeFiles/led.dir/Users/ab25cq/pico/pico-sdk/src/rp2_common/pico_float/float_init_rom_rp2040.c.obj
 .ARM.attributes
                0x000004b2       0x22 CMakeFiles/led.dir/Users/ab25cq/pico/pico-sdk/src/rp2_common/pico_float/float_v1_rom_shim_rp2040.S.obj
 .ARM.attributes
                0x000004d4       0x22 CMakeFiles/led.dir/Users/ab25cq/pico/pico-sdk/src/rp2_common/pico_mem_ops/mem_ops_aeabi.S.obj
 .ARM.attributes
                0x000004f6       0x2c CMakeFiles/led.dir/Users/ab25cq/pico/pico-sdk/src/rp2_common/pico_standard_binary_info/standard_binary_info.c.obj
 .ARM.attributes
                0x00000522       0x2c CMakeFiles/led.dir/Users/ab25cq/pico/pico-sdk/src/rp2_common/pico_printf/printf.c.obj
 .ARM.attributes
                0x0000054e       0x22 CMakeFiles/led.dir/Users/ab25cq/pico/pico-sdk/src/rp2_common/pico_crt0/crt0.S.obj
 .ARM.attributes
                0x00000570       0x2c CMakeFiles/led.dir/Users/ab25cq/pico/pico-sdk/src/rp2_common/pico_clib_interface/newlib_interface.c.obj
 .ARM.attributes
                0x0000059c       0x2c CMakeFiles/led.dir/Users/ab25cq/pico/pico-sdk/src/rp2_common/pico_stdio/stdio.c.obj
 .ARM.attributes
                0x000005c8       0x22 /var/folders/wc/rb5jjn4d3xjfh9wc5qrm1p6r0000gn/T//ccdmfTuT.o
 .ARM.attributes
                0x000005ea       0x1e /Applications/ArmGNUToolchain/13.3.rel1/arm-none-eabi/bin/../lib/gcc/arm-none-eabi/13.3.1/thumb/v6-m/nofp/libgcc.a(_dvmd_tls.o)
 .ARM.attributes
                0x00000608       0x2c /Applications/ArmGNUToolchain/13.3.rel1/arm-none-eabi/bin/../lib/gcc/arm-none-eabi/13.3.1/../../../../arm-none-eabi/lib/thumb/v6-m/nofp/libg.a(libc_a-strlen-stub.o)
 .ARM.attributes
                0x00000634       0x2c /Applications/ArmGNUToolchain/13.3.rel1/arm-none-eabi/bin/../lib/gcc/arm-none-eabi/13.3.1/thumb/v6-m/nofp/crtend.o

.comment        0x00000000       0x45
 .comment       0x00000000       0x45 CMakeFiles/led.dir/led2.c.obj
                                 0x46 (size before relaxing)
 .comment       0x00000045       0x46 CMakeFiles/led.dir/Users/ab25cq/pico/pico-sdk/src/rp2_common/hardware_gpio/gpio.c.obj
 .comment       0x00000045       0x46 CMakeFiles/led.dir/Users/ab25cq/pico/pico-sdk/src/rp2_common/pico_platform_panic/panic.c.obj
 .comment       0x00000045       0x46 CMakeFiles/led.dir/Users/ab25cq/pico/pico-sdk/src/common/hardware_claim/claim.c.obj
 .comment       0x00000045       0x46 CMakeFiles/led.dir/Users/ab25cq/pico/pico-sdk/src/rp2_common/hardware_sync/sync.c.obj
 .comment       0x00000045       0x46 CMakeFiles/led.dir/Users/ab25cq/pico/pico-sdk/src/rp2_common/hardware_sync_spin_lock/sync_spin_lock.c.obj
 .comment       0x00000045       0x46 CMakeFiles/led.dir/Users/ab25cq/pico/pico-sdk/src/rp2_common/hardware_irq/irq.c.obj
 .comment       0x00000045       0x46 CMakeFiles/led.dir/Users/ab25cq/pico/pico-sdk/src/common/pico_sync/lock_core.c.obj
 .comment       0x00000045       0x46 CMakeFiles/led.dir/Users/ab25cq/pico/pico-sdk/src/common/pico_sync/mutex.c.obj
 .comment       0x00000045       0x46 CMakeFiles/led.dir/Users/ab25cq/pico/pico-sdk/src/common/pico_time/time.c.obj
 .comment       0x00000045       0x46 CMakeFiles/led.dir/Users/ab25cq/pico/pico-sdk/src/rp2_common/hardware_timer/timer.c.obj
 .comment       0x00000045       0x46 CMakeFiles/led.dir/Users/ab25cq/pico/pico-sdk/src/rp2_common/hardware_clocks/clocks.c.obj
 .comment       0x00000045       0x46 CMakeFiles/led.dir/Users/ab25cq/pico/pico-sdk/src/rp2_common/hardware_pll/pll.c.obj
 .comment       0x00000045       0x46 CMakeFiles/led.dir/Users/ab25cq/pico/pico-sdk/src/rp2_common/hardware_ticks/ticks.c.obj
 .comment       0x00000045       0x46 CMakeFiles/led.dir/Users/ab25cq/pico/pico-sdk/src/rp2_common/hardware_xosc/xosc.c.obj
 .comment       0x00000045       0x46 CMakeFiles/led.dir/Users/ab25cq/pico/pico-sdk/src/rp2_common/pico_runtime/runtime.c.obj
 .comment       0x00000045       0x46 CMakeFiles/led.dir/Users/ab25cq/pico/pico-sdk/src/rp2_common/pico_runtime_init/runtime_init.c.obj
 .comment       0x00000045       0x46 CMakeFiles/led.dir/Users/ab25cq/pico/pico-sdk/src/rp2_common/pico_runtime_init/runtime_init_clocks.c.obj
 .comment       0x00000045       0x46 CMakeFiles/led.dir/Users/ab25cq/pico/pico-sdk/src/rp2_common/pico_bootrom/bootrom.c.obj
 .comment       0x00000045       0x46 CMakeFiles/led.dir/Users/ab25cq/pico/pico-sdk/src/rp2_common/pico_double/double_init_rom_rp2040.c.obj
 .comment       0x00000045       0x46 CMakeFiles/led.dir/Users/ab25cq/pico/pico-sdk/src/rp2_common/pico_float/float_init_rom_rp2040.c.obj
 .comment       0x00000045       0x46 CMakeFiles/led.dir/Users/ab25cq/pico/pico-sdk/src/rp2_common/pico_standard_binary_info/standard_binary_info.c.obj
 .comment       0x00000045       0x46 CMakeFiles/led.dir/Users/ab25cq/pico/pico-sdk/src/rp2_common/pico_printf/printf.c.obj
 .comment       0x00000045       0x46 CMakeFiles/led.dir/Users/ab25cq/pico/pico-sdk/src/rp2_common/pico_clib_interface/newlib_interface.c.obj
 .comment       0x00000045       0x46 CMakeFiles/led.dir/Users/ab25cq/pico/pico-sdk/src/rp2_common/pico_stdio/stdio.c.obj

.debug_info     0x00000000    0x1918b
 .debug_info    0x00000000      0x198 CMakeFiles/led.dir/led2.c.obj
 .debug_info    0x00000198     0x2437 CMakeFiles/led.dir/Users/ab25cq/pico/pico-sdk/src/rp2_common/hardware_gpio/gpio.c.obj
 .debug_info    0x000025cf      0x1bf CMakeFiles/led.dir/Users/ab25cq/pico/pico-sdk/src/rp2_common/pico_platform_panic/panic.c.obj
 .debug_info    0x0000278e      0x995 CMakeFiles/led.dir/Users/ab25cq/pico/pico-sdk/src/common/hardware_claim/claim.c.obj
 .debug_info    0x00003123      0x458 CMakeFiles/led.dir/Users/ab25cq/pico/pico-sdk/src/rp2_common/hardware_sync/sync.c.obj
 .debug_info    0x0000357b      0x245 CMakeFiles/led.dir/Users/ab25cq/pico/pico-sdk/src/rp2_common/hardware_sync_spin_lock/sync_spin_lock.c.obj
 .debug_info    0x000037c0     0x21a8 CMakeFiles/led.dir/Users/ab25cq/pico/pico-sdk/src/rp2_common/hardware_irq/irq.c.obj
 .debug_info    0x00005968      0x15f CMakeFiles/led.dir/Users/ab25cq/pico/pico-sdk/src/common/pico_sync/lock_core.c.obj
 .debug_info    0x00005ac7     0x2803 CMakeFiles/led.dir/Users/ab25cq/pico/pico-sdk/src/common/pico_sync/mutex.c.obj
 .debug_info    0x000082ca     0x495a CMakeFiles/led.dir/Users/ab25cq/pico/pico-sdk/src/common/pico_time/time.c.obj
 .debug_info    0x0000cc24     0x2af8 CMakeFiles/led.dir/Users/ab25cq/pico/pico-sdk/src/rp2_common/hardware_timer/timer.c.obj
 .debug_info    0x0000f71c     0x291d CMakeFiles/led.dir/Users/ab25cq/pico/pico-sdk/src/rp2_common/hardware_clocks/clocks.c.obj
 .debug_info    0x00012039      0x4e5 CMakeFiles/led.dir/Users/ab25cq/pico/pico-sdk/src/rp2_common/hardware_pll/pll.c.obj
 .debug_info    0x0001251e      0x248 CMakeFiles/led.dir/Users/ab25cq/pico/pico-sdk/src/rp2_common/hardware_ticks/ticks.c.obj
 .debug_info    0x00012766      0x1cc CMakeFiles/led.dir/Users/ab25cq/pico/pico-sdk/src/rp2_common/hardware_xosc/xosc.c.obj
 .debug_info    0x00012932      0x21a CMakeFiles/led.dir/Users/ab25cq/pico/pico-sdk/src/rp2_common/pico_runtime/runtime.c.obj
 .debug_info    0x00012b4c      0x795 CMakeFiles/led.dir/Users/ab25cq/pico/pico-sdk/src/rp2_common/pico_runtime_init/runtime_init.c.obj
 .debug_info    0x000132e1      0x780 CMakeFiles/led.dir/Users/ab25cq/pico/pico-sdk/src/rp2_common/pico_runtime_init/runtime_init_clocks.c.obj
 .debug_info    0x00013a61       0x23 CMakeFiles/led.dir/Users/ab25cq/pico/pico-sdk/src/rp2_common/pico_bit_ops/bit_ops_aeabi.S.obj
 .debug_info    0x00013a84      0x50f CMakeFiles/led.dir/Users/ab25cq/pico/pico-sdk/src/rp2_common/pico_bootrom/bootrom.c.obj
 .debug_info    0x00013f93       0x23 CMakeFiles/led.dir/Users/ab25cq/pico/pico-sdk/src/rp2_common/pico_divider/divider_hardware.S.obj
 .debug_info    0x00013fb6       0x23 CMakeFiles/led.dir/Users/ab25cq/pico/pico-sdk/src/rp2_common/pico_double/double_aeabi_rp2040.S.obj
 .debug_info    0x00013fd9      0x283 CMakeFiles/led.dir/Users/ab25cq/pico/pico-sdk/src/rp2_common/pico_double/double_init_rom_rp2040.c.obj
 .debug_info    0x0001425c       0x23 CMakeFiles/led.dir/Users/ab25cq/pico/pico-sdk/src/rp2_common/pico_double/double_v1_rom_shim_rp2040.S.obj
 .debug_info    0x0001427f       0x24 CMakeFiles/led.dir/Users/ab25cq/pico/pico-sdk/src/rp2_common/pico_int64_ops/pico_int64_ops_aeabi.S.obj
 .debug_info    0x000142a3       0x23 CMakeFiles/led.dir/Users/ab25cq/pico/pico-sdk/src/rp2_common/pico_float/float_aeabi_rp2040.S.obj
 .debug_info    0x000142c6      0x283 CMakeFiles/led.dir/Users/ab25cq/pico/pico-sdk/src/rp2_common/pico_float/float_init_rom_rp2040.c.obj
 .debug_info    0x00014549       0x23 CMakeFiles/led.dir/Users/ab25cq/pico/pico-sdk/src/rp2_common/pico_float/float_v1_rom_shim_rp2040.S.obj
 .debug_info    0x0001456c       0x23 CMakeFiles/led.dir/Users/ab25cq/pico/pico-sdk/src/rp2_common/pico_mem_ops/mem_ops_aeabi.S.obj
 .debug_info    0x0001458f      0x28e CMakeFiles/led.dir/Users/ab25cq/pico/pico-sdk/src/rp2_common/pico_standard_binary_info/standard_binary_info.c.obj
 .debug_info    0x0001481d     0x211a CMakeFiles/led.dir/Users/ab25cq/pico/pico-sdk/src/rp2_common/pico_printf/printf.c.obj
 .debug_info    0x00016937       0x23 CMakeFiles/led.dir/Users/ab25cq/pico/pico-sdk/src/rp2_common/pico_crt0/crt0.S.obj
 .debug_info    0x0001695a      0xb54 CMakeFiles/led.dir/Users/ab25cq/pico/pico-sdk/src/rp2_common/pico_clib_interface/newlib_interface.c.obj
 .debug_info    0x000174ae     0x1cdd CMakeFiles/led.dir/Users/ab25cq/pico/pico-sdk/src/rp2_common/pico_stdio/stdio.c.obj

.debug_abbrev   0x00000000     0x488b
 .debug_abbrev  0x00000000       0xc6 CMakeFiles/led.dir/led2.c.obj
 .debug_abbrev  0x000000c6      0x4f9 CMakeFiles/led.dir/Users/ab25cq/pico/pico-sdk/src/rp2_common/hardware_gpio/gpio.c.obj
 .debug_abbrev  0x000005bf      0x12b CMakeFiles/led.dir/Users/ab25cq/pico/pico-sdk/src/rp2_common/pico_platform_panic/panic.c.obj
 .debug_abbrev  0x000006ea      0x33b CMakeFiles/led.dir/Users/ab25cq/pico/pico-sdk/src/common/hardware_claim/claim.c.obj
 .debug_abbrev  0x00000a25      0x20d CMakeFiles/led.dir/Users/ab25cq/pico/pico-sdk/src/rp2_common/hardware_sync/sync.c.obj
 .debug_abbrev  0x00000c32      0x1bb CMakeFiles/led.dir/Users/ab25cq/pico/pico-sdk/src/rp2_common/hardware_sync_spin_lock/sync_spin_lock.c.obj
 .debug_abbrev  0x00000ded      0x5ff CMakeFiles/led.dir/Users/ab25cq/pico/pico-sdk/src/rp2_common/hardware_irq/irq.c.obj
 .debug_abbrev  0x000013ec       0xee CMakeFiles/led.dir/Users/ab25cq/pico/pico-sdk/src/common/pico_sync/lock_core.c.obj
 .debug_abbrev  0x000014da      0x48c CMakeFiles/led.dir/Users/ab25cq/pico/pico-sdk/src/common/pico_sync/mutex.c.obj
 .debug_abbrev  0x00001966      0x672 CMakeFiles/led.dir/Users/ab25cq/pico/pico-sdk/src/common/pico_time/time.c.obj
 .debug_abbrev  0x00001fd8      0x503 CMakeFiles/led.dir/Users/ab25cq/pico/pico-sdk/src/rp2_common/hardware_timer/timer.c.obj
 .debug_abbrev  0x000024db      0x4e2 CMakeFiles/led.dir/Users/ab25cq/pico/pico-sdk/src/rp2_common/hardware_clocks/clocks.c.obj
 .debug_abbrev  0x000029bd      0x1d2 CMakeFiles/led.dir/Users/ab25cq/pico/pico-sdk/src/rp2_common/hardware_pll/pll.c.obj
 .debug_abbrev  0x00002b8f      0x145 CMakeFiles/led.dir/Users/ab25cq/pico/pico-sdk/src/rp2_common/hardware_ticks/ticks.c.obj
 .debug_abbrev  0x00002cd4      0x11b CMakeFiles/led.dir/Users/ab25cq/pico/pico-sdk/src/rp2_common/hardware_xosc/xosc.c.obj
 .debug_abbrev  0x00002def      0x182 CMakeFiles/led.dir/Users/ab25cq/pico/pico-sdk/src/rp2_common/pico_runtime/runtime.c.obj
 .debug_abbrev  0x00002f71      0x222 CMakeFiles/led.dir/Users/ab25cq/pico/pico-sdk/src/rp2_common/pico_runtime_init/runtime_init.c.obj
 .debug_abbrev  0x00003193      0x294 CMakeFiles/led.dir/Users/ab25cq/pico/pico-sdk/src/rp2_common/pico_runtime_init/runtime_init_clocks.c.obj
 .debug_abbrev  0x00003427       0x12 CMakeFiles/led.dir/Users/ab25cq/pico/pico-sdk/src/rp2_common/pico_bit_ops/bit_ops_aeabi.S.obj
 .debug_abbrev  0x00003439      0x1b9 CMakeFiles/led.dir/Users/ab25cq/pico/pico-sdk/src/rp2_common/pico_bootrom/bootrom.c.obj
 .debug_abbrev  0x000035f2       0x12 CMakeFiles/led.dir/Users/ab25cq/pico/pico-sdk/src/rp2_common/pico_divider/divider_hardware.S.obj
 .debug_abbrev  0x00003604       0x12 CMakeFiles/led.dir/Users/ab25cq/pico/pico-sdk/src/rp2_common/pico_double/double_aeabi_rp2040.S.obj
 .debug_abbrev  0x00003616      0x17a CMakeFiles/led.dir/Users/ab25cq/pico/pico-sdk/src/rp2_common/pico_double/double_init_rom_rp2040.c.obj
 .debug_abbrev  0x00003790       0x12 CMakeFiles/led.dir/Users/ab25cq/pico/pico-sdk/src/rp2_common/pico_double/double_v1_rom_shim_rp2040.S.obj
 .debug_abbrev  0x000037a2       0x14 CMakeFiles/led.dir/Users/ab25cq/pico/pico-sdk/src/rp2_common/pico_int64_ops/pico_int64_ops_aeabi.S.obj
 .debug_abbrev  0x000037b6       0x12 CMakeFiles/led.dir/Users/ab25cq/pico/pico-sdk/src/rp2_common/pico_float/float_aeabi_rp2040.S.obj
 .debug_abbrev  0x000037c8      0x173 CMakeFiles/led.dir/Users/ab25cq/pico/pico-sdk/src/rp2_common/pico_float/float_init_rom_rp2040.c.obj
 .debug_abbrev  0x0000393b       0x12 CMakeFiles/led.dir/Users/ab25cq/pico/pico-sdk/src/rp2_common/pico_float/float_v1_rom_shim_rp2040.S.obj
 .debug_abbrev  0x0000394d       0x12 CMakeFiles/led.dir/Users/ab25cq/pico/pico-sdk/src/rp2_common/pico_mem_ops/mem_ops_aeabi.S.obj
 .debug_abbrev  0x0000395f       0xb8 CMakeFiles/led.dir/Users/ab25cq/pico/pico-sdk/src/rp2_common/pico_standard_binary_info/standard_binary_info.c.obj
 .debug_abbrev  0x00003a17      0x525 CMakeFiles/led.dir/Users/ab25cq/pico/pico-sdk/src/rp2_common/pico_printf/printf.c.obj
 .debug_abbrev  0x00003f3c       0x12 CMakeFiles/led.dir/Users/ab25cq/pico/pico-sdk/src/rp2_common/pico_crt0/crt0.S.obj
 .debug_abbrev  0x00003f4e      0x352 CMakeFiles/led.dir/Users/ab25cq/pico/pico-sdk/src/rp2_common/pico_clib_interface/newlib_interface.c.obj
 .debug_abbrev  0x000042a0      0x5eb CMakeFiles/led.dir/Users/ab25cq/pico/pico-sdk/src/rp2_common/pico_stdio/stdio.c.obj

.debug_aranges  0x00000000      0xe48
 .debug_aranges
                0x00000000       0x28 CMakeFiles/led.dir/led2.c.obj
 .debug_aranges
                0x00000028      0x120 CMakeFiles/led.dir/Users/ab25cq/pico/pico-sdk/src/rp2_common/hardware_gpio/gpio.c.obj
 .debug_aranges
                0x00000148       0x28 CMakeFiles/led.dir/Users/ab25cq/pico/pico-sdk/src/rp2_common/pico_platform_panic/panic.c.obj
 .debug_aranges
                0x00000170       0x48 CMakeFiles/led.dir/Users/ab25cq/pico/pico-sdk/src/common/hardware_claim/claim.c.obj
 .debug_aranges
                0x000001b8       0x48 CMakeFiles/led.dir/Users/ab25cq/pico/pico-sdk/src/rp2_common/hardware_sync/sync.c.obj
 .debug_aranges
                0x00000200       0x28 CMakeFiles/led.dir/Users/ab25cq/pico/pico-sdk/src/rp2_common/hardware_sync_spin_lock/sync_spin_lock.c.obj
 .debug_aranges
                0x00000228       0xb0 CMakeFiles/led.dir/Users/ab25cq/pico/pico-sdk/src/rp2_common/hardware_irq/irq.c.obj
 .debug_aranges
                0x000002d8       0x20 CMakeFiles/led.dir/Users/ab25cq/pico/pico-sdk/src/common/pico_sync/lock_core.c.obj
 .debug_aranges
                0x000002f8       0x98 CMakeFiles/led.dir/Users/ab25cq/pico/pico-sdk/src/common/pico_sync/mutex.c.obj
 .debug_aranges
                0x00000390       0xe0 CMakeFiles/led.dir/Users/ab25cq/pico/pico-sdk/src/common/pico_time/time.c.obj
 .debug_aranges
                0x00000470       0xf0 CMakeFiles/led.dir/Users/ab25cq/pico/pico-sdk/src/rp2_common/hardware_timer/timer.c.obj
 .debug_aranges
                0x00000560       0x90 CMakeFiles/led.dir/Users/ab25cq/pico/pico-sdk/src/rp2_common/hardware_clocks/clocks.c.obj
 .debug_aranges
                0x000005f0       0x28 CMakeFiles/led.dir/Users/ab25cq/pico/pico-sdk/src/rp2_common/hardware_pll/pll.c.obj
 .debug_aranges
                0x00000618       0x30 CMakeFiles/led.dir/Users/ab25cq/pico/pico-sdk/src/rp2_common/hardware_ticks/ticks.c.obj
 .debug_aranges
                0x00000648       0x30 CMakeFiles/led.dir/Users/ab25cq/pico/pico-sdk/src/rp2_common/hardware_xosc/xosc.c.obj
 .debug_aranges
                0x00000678       0x38 CMakeFiles/led.dir/Users/ab25cq/pico/pico-sdk/src/rp2_common/pico_runtime/runtime.c.obj
 .debug_aranges
                0x000006b0       0x48 CMakeFiles/led.dir/Users/ab25cq/pico/pico-sdk/src/rp2_common/pico_runtime_init/runtime_init.c.obj
 .debug_aranges
                0x000006f8       0x20 CMakeFiles/led.dir/Users/ab25cq/pico/pico-sdk/src/rp2_common/pico_runtime_init/runtime_init_clocks.c.obj
 .debug_aranges
                0x00000718       0x60 CMakeFiles/led.dir/Users/ab25cq/pico/pico-sdk/src/rp2_common/pico_bit_ops/bit_ops_aeabi.S.obj
 .debug_aranges
                0x00000778       0x38 CMakeFiles/led.dir/Users/ab25cq/pico/pico-sdk/src/rp2_common/pico_bootrom/bootrom.c.obj
 .debug_aranges
                0x000007b0       0x40 CMakeFiles/led.dir/Users/ab25cq/pico/pico-sdk/src/rp2_common/pico_divider/divider_hardware.S.obj
 .debug_aranges
                0x000007f0      0x140 CMakeFiles/led.dir/Users/ab25cq/pico/pico-sdk/src/rp2_common/pico_double/double_aeabi_rp2040.S.obj
 .debug_aranges
                0x00000930       0x20 CMakeFiles/led.dir/Users/ab25cq/pico/pico-sdk/src/rp2_common/pico_double/double_init_rom_rp2040.c.obj
 .debug_aranges
                0x00000950       0xc8 CMakeFiles/led.dir/Users/ab25cq/pico/pico-sdk/src/rp2_common/pico_double/double_v1_rom_shim_rp2040.S.obj
 .debug_aranges
                0x00000a18       0x20 CMakeFiles/led.dir/Users/ab25cq/pico/pico-sdk/src/rp2_common/pico_int64_ops/pico_int64_ops_aeabi.S.obj
 .debug_aranges
                0x00000a38      0x130 CMakeFiles/led.dir/Users/ab25cq/pico/pico-sdk/src/rp2_common/pico_float/float_aeabi_rp2040.S.obj
 .debug_aranges
                0x00000b68       0x20 CMakeFiles/led.dir/Users/ab25cq/pico/pico-sdk/src/rp2_common/pico_float/float_init_rom_rp2040.c.obj
 .debug_aranges
                0x00000b88       0x50 CMakeFiles/led.dir/Users/ab25cq/pico/pico-sdk/src/rp2_common/pico_float/float_v1_rom_shim_rp2040.S.obj
 .debug_aranges
                0x00000bd8       0x38 CMakeFiles/led.dir/Users/ab25cq/pico/pico-sdk/src/rp2_common/pico_mem_ops/mem_ops_aeabi.S.obj
 .debug_aranges
                0x00000c10       0x18 CMakeFiles/led.dir/Users/ab25cq/pico/pico-sdk/src/rp2_common/pico_standard_binary_info/standard_binary_info.c.obj
 .debug_aranges
                0x00000c28       0x90 CMakeFiles/led.dir/Users/ab25cq/pico/pico-sdk/src/rp2_common/pico_printf/printf.c.obj
 .debug_aranges
                0x00000cb8       0x28 CMakeFiles/led.dir/Users/ab25cq/pico/pico-sdk/src/rp2_common/pico_crt0/crt0.S.obj
 .debug_aranges
                0x00000ce0       0xa0 CMakeFiles/led.dir/Users/ab25cq/pico/pico-sdk/src/rp2_common/pico_clib_interface/newlib_interface.c.obj
 .debug_aranges
                0x00000d80       0xc8 CMakeFiles/led.dir/Users/ab25cq/pico/pico-sdk/src/rp2_common/pico_stdio/stdio.c.obj

.debug_rnglists
                0x00000000     0x2846
 .debug_rnglists
                0x00000000       0x19 CMakeFiles/led.dir/led2.c.obj
 .debug_rnglists
                0x00000019      0x5c7 CMakeFiles/led.dir/Users/ab25cq/pico/pico-sdk/src/rp2_common/hardware_gpio/gpio.c.obj
 .debug_rnglists
                0x000005e0       0x19 CMakeFiles/led.dir/Users/ab25cq/pico/pico-sdk/src/rp2_common/pico_platform_panic/panic.c.obj
 .debug_rnglists
                0x000005f9       0xc5 CMakeFiles/led.dir/Users/ab25cq/pico/pico-sdk/src/common/hardware_claim/claim.c.obj
 .debug_rnglists
                0x000006be       0x67 CMakeFiles/led.dir/Users/ab25cq/pico/pico-sdk/src/rp2_common/hardware_sync/sync.c.obj
 .debug_rnglists
                0x00000725       0x3d CMakeFiles/led.dir/Users/ab25cq/pico/pico-sdk/src/rp2_common/hardware_sync_spin_lock/sync_spin_lock.c.obj
 .debug_rnglists
                0x00000762      0x355 CMakeFiles/led.dir/Users/ab25cq/pico/pico-sdk/src/rp2_common/hardware_irq/irq.c.obj
 .debug_rnglists
                0x00000ab7       0x1f CMakeFiles/led.dir/Users/ab25cq/pico/pico-sdk/src/common/pico_sync/lock_core.c.obj
 .debug_rnglists
                0x00000ad6      0x32c CMakeFiles/led.dir/Users/ab25cq/pico/pico-sdk/src/common/pico_sync/mutex.c.obj
 .debug_rnglists
                0x00000e02      0x795 CMakeFiles/led.dir/Users/ab25cq/pico/pico-sdk/src/common/pico_time/time.c.obj
 .debug_rnglists
                0x00001597      0x2c9 CMakeFiles/led.dir/Users/ab25cq/pico/pico-sdk/src/rp2_common/hardware_timer/timer.c.obj
 .debug_rnglists
                0x00001860      0x4ad CMakeFiles/led.dir/Users/ab25cq/pico/pico-sdk/src/rp2_common/hardware_clocks/clocks.c.obj
 .debug_rnglists
                0x00001d0d       0x5c CMakeFiles/led.dir/Users/ab25cq/pico/pico-sdk/src/rp2_common/hardware_pll/pll.c.obj
 .debug_rnglists
                0x00001d69       0x2b CMakeFiles/led.dir/Users/ab25cq/pico/pico-sdk/src/rp2_common/hardware_ticks/ticks.c.obj
 .debug_rnglists
                0x00001d94       0x2b CMakeFiles/led.dir/Users/ab25cq/pico/pico-sdk/src/rp2_common/hardware_xosc/xosc.c.obj
 .debug_rnglists
                0x00001dbf       0x3d CMakeFiles/led.dir/Users/ab25cq/pico/pico-sdk/src/rp2_common/pico_runtime/runtime.c.obj
 .debug_rnglists
                0x00001dfc       0x49 CMakeFiles/led.dir/Users/ab25cq/pico/pico-sdk/src/rp2_common/pico_runtime_init/runtime_init.c.obj
 .debug_rnglists
                0x00001e45       0x20 CMakeFiles/led.dir/Users/ab25cq/pico/pico-sdk/src/rp2_common/pico_runtime_init/runtime_init_clocks.c.obj
 .debug_rnglists
                0x00001e65       0x43 CMakeFiles/led.dir/Users/ab25cq/pico/pico-sdk/src/rp2_common/pico_bit_ops/bit_ops_aeabi.S.obj
 .debug_rnglists
                0x00001ea8       0xdc CMakeFiles/led.dir/Users/ab25cq/pico/pico-sdk/src/rp2_common/pico_bootrom/bootrom.c.obj
 .debug_rnglists
                0x00001f84       0x2c CMakeFiles/led.dir/Users/ab25cq/pico/pico-sdk/src/rp2_common/pico_divider/divider_hardware.S.obj
 .debug_rnglists
                0x00001fb0       0xed CMakeFiles/led.dir/Users/ab25cq/pico/pico-sdk/src/rp2_common/pico_double/double_aeabi_rp2040.S.obj
 .debug_rnglists
                0x0000209d       0x14 CMakeFiles/led.dir/Users/ab25cq/pico/pico-sdk/src/rp2_common/pico_double/double_init_rom_rp2040.c.obj
 .debug_rnglists
                0x000020b1       0x99 CMakeFiles/led.dir/Users/ab25cq/pico/pico-sdk/src/rp2_common/pico_double/double_v1_rom_shim_rp2040.S.obj
 .debug_rnglists
                0x0000214a       0xdf CMakeFiles/led.dir/Users/ab25cq/pico/pico-sdk/src/rp2_common/pico_float/float_aeabi_rp2040.S.obj
 .debug_rnglists
                0x00002229       0x13 CMakeFiles/led.dir/Users/ab25cq/pico/pico-sdk/src/rp2_common/pico_float/float_init_rom_rp2040.c.obj
 .debug_rnglists
                0x0000223c       0x38 CMakeFiles/led.dir/Users/ab25cq/pico/pico-sdk/src/rp2_common/pico_float/float_v1_rom_shim_rp2040.S.obj
 .debug_rnglists
                0x00002274       0x25 CMakeFiles/led.dir/Users/ab25cq/pico/pico-sdk/src/rp2_common/pico_mem_ops/mem_ops_aeabi.S.obj
 .debug_rnglists
                0x00002299      0x27c CMakeFiles/led.dir/Users/ab25cq/pico/pico-sdk/src/rp2_common/pico_printf/printf.c.obj
 .debug_rnglists
                0x00002515       0x1b CMakeFiles/led.dir/Users/ab25cq/pico/pico-sdk/src/rp2_common/pico_crt0/crt0.S.obj
 .debug_rnglists
                0x00002530       0x7f CMakeFiles/led.dir/Users/ab25cq/pico/pico-sdk/src/rp2_common/pico_clib_interface/newlib_interface.c.obj
 .debug_rnglists
                0x000025af      0x297 CMakeFiles/led.dir/Users/ab25cq/pico/pico-sdk/src/rp2_common/pico_stdio/stdio.c.obj

.debug_line     0x00000000    0x147e7
 .debug_line    0x00000000       0x8c CMakeFiles/led.dir/led2.c.obj
 .debug_line    0x0000008c     0x1c71 CMakeFiles/led.dir/Users/ab25cq/pico/pico-sdk/src/rp2_common/hardware_gpio/gpio.c.obj
 .debug_line    0x00001cfd      0x290 CMakeFiles/led.dir/Users/ab25cq/pico/pico-sdk/src/rp2_common/pico_platform_panic/panic.c.obj
 .debug_line    0x00001f8d      0x90a CMakeFiles/led.dir/Users/ab25cq/pico/pico-sdk/src/common/hardware_claim/claim.c.obj
 .debug_line    0x00002897      0x4ba CMakeFiles/led.dir/Users/ab25cq/pico/pico-sdk/src/rp2_common/hardware_sync/sync.c.obj
 .debug_line    0x00002d51      0x3a9 CMakeFiles/led.dir/Users/ab25cq/pico/pico-sdk/src/rp2_common/hardware_sync_spin_lock/sync_spin_lock.c.obj
 .debug_line    0x000030fa     0x16e2 CMakeFiles/led.dir/Users/ab25cq/pico/pico-sdk/src/rp2_common/hardware_irq/irq.c.obj
 .debug_line    0x000047dc      0x2d4 CMakeFiles/led.dir/Users/ab25cq/pico/pico-sdk/src/common/pico_sync/lock_core.c.obj
 .debug_line    0x00004ab0     0x1af4 CMakeFiles/led.dir/Users/ab25cq/pico/pico-sdk/src/common/pico_sync/mutex.c.obj
 .debug_line    0x000065a4     0x325c CMakeFiles/led.dir/Users/ab25cq/pico/pico-sdk/src/common/pico_time/time.c.obj
 .debug_line    0x00009800     0x1ce2 CMakeFiles/led.dir/Users/ab25cq/pico/pico-sdk/src/rp2_common/hardware_timer/timer.c.obj
 .debug_line    0x0000b4e2     0x1dcf CMakeFiles/led.dir/Users/ab25cq/pico/pico-sdk/src/rp2_common/hardware_clocks/clocks.c.obj
 .debug_line    0x0000d2b1      0x4e1 CMakeFiles/led.dir/Users/ab25cq/pico/pico-sdk/src/rp2_common/hardware_pll/pll.c.obj
 .debug_line    0x0000d792      0x333 CMakeFiles/led.dir/Users/ab25cq/pico/pico-sdk/src/rp2_common/hardware_ticks/ticks.c.obj
 .debug_line    0x0000dac5      0x34c CMakeFiles/led.dir/Users/ab25cq/pico/pico-sdk/src/rp2_common/hardware_xosc/xosc.c.obj
 .debug_line    0x0000de11      0x30f CMakeFiles/led.dir/Users/ab25cq/pico/pico-sdk/src/rp2_common/pico_runtime/runtime.c.obj
 .debug_line    0x0000e120      0x523 CMakeFiles/led.dir/Users/ab25cq/pico/pico-sdk/src/rp2_common/pico_runtime_init/runtime_init.c.obj
 .debug_line    0x0000e643      0x533 CMakeFiles/led.dir/Users/ab25cq/pico/pico-sdk/src/rp2_common/pico_runtime_init/runtime_init_clocks.c.obj
 .debug_line    0x0000eb76      0x107 CMakeFiles/led.dir/Users/ab25cq/pico/pico-sdk/src/rp2_common/pico_bit_ops/bit_ops_aeabi.S.obj
 .debug_line    0x0000ec7d      0x3dd CMakeFiles/led.dir/Users/ab25cq/pico/pico-sdk/src/rp2_common/pico_bootrom/bootrom.c.obj
 .debug_line    0x0000f05a      0x2a9 CMakeFiles/led.dir/Users/ab25cq/pico/pico-sdk/src/rp2_common/pico_divider/divider_hardware.S.obj
 .debug_line    0x0000f303      0x3f8 CMakeFiles/led.dir/Users/ab25cq/pico/pico-sdk/src/rp2_common/pico_double/double_aeabi_rp2040.S.obj
 .debug_line    0x0000f6fb      0x502 CMakeFiles/led.dir/Users/ab25cq/pico/pico-sdk/src/rp2_common/pico_double/double_init_rom_rp2040.c.obj
 .debug_line    0x0000fbfd      0x66d CMakeFiles/led.dir/Users/ab25cq/pico/pico-sdk/src/rp2_common/pico_double/double_v1_rom_shim_rp2040.S.obj
 .debug_line    0x0001026a       0x61 CMakeFiles/led.dir/Users/ab25cq/pico/pico-sdk/src/rp2_common/pico_int64_ops/pico_int64_ops_aeabi.S.obj
 .debug_line    0x000102cb      0x3b4 CMakeFiles/led.dir/Users/ab25cq/pico/pico-sdk/src/rp2_common/pico_float/float_aeabi_rp2040.S.obj
 .debug_line    0x0001067f      0x417 CMakeFiles/led.dir/Users/ab25cq/pico/pico-sdk/src/rp2_common/pico_float/float_init_rom_rp2040.c.obj
 .debug_line    0x00010a96      0x195 CMakeFiles/led.dir/Users/ab25cq/pico/pico-sdk/src/rp2_common/pico_float/float_v1_rom_shim_rp2040.S.obj
 .debug_line    0x00010c2b       0x94 CMakeFiles/led.dir/Users/ab25cq/pico/pico-sdk/src/rp2_common/pico_mem_ops/mem_ops_aeabi.S.obj
 .debug_line    0x00010cbf      0x1f2 CMakeFiles/led.dir/Users/ab25cq/pico/pico-sdk/src/rp2_common/pico_standard_binary_info/standard_binary_info.c.obj
 .debug_line    0x00010eb1     0x1b9e CMakeFiles/led.dir/Users/ab25cq/pico/pico-sdk/src/rp2_common/pico_printf/printf.c.obj
 .debug_line    0x00012a4f       0xa4 CMakeFiles/led.dir/Users/ab25cq/pico/pico-sdk/src/rp2_common/pico_crt0/crt0.S.obj
 .debug_line    0x00012af3      0x84c CMakeFiles/led.dir/Users/ab25cq/pico/pico-sdk/src/rp2_common/pico_clib_interface/newlib_interface.c.obj
 .debug_line    0x0001333f     0x14a8 CMakeFiles/led.dir/Users/ab25cq/pico/pico-sdk/src/rp2_common/pico_stdio/stdio.c.obj

.debug_str      0x00000000     0x413f
 .debug_str     0x00000000     0x413f CMakeFiles/led.dir/led2.c.obj
                                0x19f (size before relaxing)
 .debug_str     0x0000413f      0xc5b CMakeFiles/led.dir/Users/ab25cq/pico/pico-sdk/src/rp2_common/hardware_gpio/gpio.c.obj
 .debug_str     0x0000413f      0x1e6 CMakeFiles/led.dir/Users/ab25cq/pico/pico-sdk/src/rp2_common/pico_platform_panic/panic.c.obj
 .debug_str     0x0000413f      0x369 CMakeFiles/led.dir/Users/ab25cq/pico/pico-sdk/src/common/hardware_claim/claim.c.obj
 .debug_str     0x0000413f      0x312 CMakeFiles/led.dir/Users/ab25cq/pico/pico-sdk/src/rp2_common/hardware_sync/sync.c.obj
 .debug_str     0x0000413f      0x225 CMakeFiles/led.dir/Users/ab25cq/pico/pico-sdk/src/rp2_common/hardware_sync_spin_lock/sync_spin_lock.c.obj
 .debug_str     0x0000413f      0xa49 CMakeFiles/led.dir/Users/ab25cq/pico/pico-sdk/src/rp2_common/hardware_irq/irq.c.obj
 .debug_str     0x0000413f      0x1f1 CMakeFiles/led.dir/Users/ab25cq/pico/pico-sdk/src/common/pico_sync/lock_core.c.obj
 .debug_str     0x0000413f      0x784 CMakeFiles/led.dir/Users/ab25cq/pico/pico-sdk/src/common/pico_sync/mutex.c.obj
 .debug_str     0x0000413f     0x1130 CMakeFiles/led.dir/Users/ab25cq/pico/pico-sdk/src/common/pico_time/time.c.obj
 .debug_str     0x0000413f      0x9cc CMakeFiles/led.dir/Users/ab25cq/pico/pico-sdk/src/rp2_common/hardware_timer/timer.c.obj
 .debug_str     0x0000413f      0x963 CMakeFiles/led.dir/Users/ab25cq/pico/pico-sdk/src/rp2_common/hardware_clocks/clocks.c.obj
 .debug_str     0x0000413f      0x444 CMakeFiles/led.dir/Users/ab25cq/pico/pico-sdk/src/rp2_common/hardware_pll/pll.c.obj
 .debug_str     0x0000413f      0x273 CMakeFiles/led.dir/Users/ab25cq/pico/pico-sdk/src/rp2_common/hardware_ticks/ticks.c.obj
 .debug_str     0x0000413f      0x228 CMakeFiles/led.dir/Users/ab25cq/pico/pico-sdk/src/rp2_common/hardware_xosc/xosc.c.obj
 .debug_str     0x0000413f      0x278 CMakeFiles/led.dir/Users/ab25cq/pico/pico-sdk/src/rp2_common/pico_runtime/runtime.c.obj
 .debug_str     0x0000413f      0x76c CMakeFiles/led.dir/Users/ab25cq/pico/pico-sdk/src/rp2_common/pico_runtime_init/runtime_init.c.obj
 .debug_str     0x0000413f      0x480 CMakeFiles/led.dir/Users/ab25cq/pico/pico-sdk/src/rp2_common/pico_runtime_init/runtime_init_clocks.c.obj
 .debug_str     0x0000413f       0x7b CMakeFiles/led.dir/Users/ab25cq/pico/pico-sdk/src/rp2_common/pico_bit_ops/bit_ops_aeabi.S.obj
 .debug_str     0x0000413f      0x2d1 CMakeFiles/led.dir/Users/ab25cq/pico/pico-sdk/src/rp2_common/pico_bootrom/bootrom.c.obj
 .debug_str     0x0000413f       0x7e CMakeFiles/led.dir/Users/ab25cq/pico/pico-sdk/src/rp2_common/pico_divider/divider_hardware.S.obj
 .debug_str     0x0000413f       0x80 CMakeFiles/led.dir/Users/ab25cq/pico/pico-sdk/src/rp2_common/pico_double/double_aeabi_rp2040.S.obj
 .debug_str     0x0000413f      0x2a2 CMakeFiles/led.dir/Users/ab25cq/pico/pico-sdk/src/rp2_common/pico_double/double_init_rom_rp2040.c.obj
 .debug_str     0x0000413f       0x86 CMakeFiles/led.dir/Users/ab25cq/pico/pico-sdk/src/rp2_common/pico_double/double_v1_rom_shim_rp2040.S.obj
 .debug_str     0x0000413f       0x84 CMakeFiles/led.dir/Users/ab25cq/pico/pico-sdk/src/rp2_common/pico_int64_ops/pico_int64_ops_aeabi.S.obj
 .debug_str     0x0000413f       0x7e CMakeFiles/led.dir/Users/ab25cq/pico/pico-sdk/src/rp2_common/pico_float/float_aeabi_rp2040.S.obj
 .debug_str     0x0000413f      0x287 CMakeFiles/led.dir/Users/ab25cq/pico/pico-sdk/src/rp2_common/pico_float/float_init_rom_rp2040.c.obj
 .debug_str     0x0000413f       0x84 CMakeFiles/led.dir/Users/ab25cq/pico/pico-sdk/src/rp2_common/pico_float/float_v1_rom_shim_rp2040.S.obj
 .debug_str     0x0000413f       0x7b CMakeFiles/led.dir/Users/ab25cq/pico/pico-sdk/src/rp2_common/pico_mem_ops/mem_ops_aeabi.S.obj
 .debug_str     0x0000413f      0x3ad CMakeFiles/led.dir/Users/ab25cq/pico/pico-sdk/src/rp2_common/pico_standard_binary_info/standard_binary_info.c.obj
 .debug_str     0x0000413f      0x4bb CMakeFiles/led.dir/Users/ab25cq/pico/pico-sdk/src/rp2_common/pico_printf/printf.c.obj
 .debug_str     0x0000413f       0x6f CMakeFiles/led.dir/Users/ab25cq/pico/pico-sdk/src/rp2_common/pico_crt0/crt0.S.obj
 .debug_str     0x0000413f      0x706 CMakeFiles/led.dir/Users/ab25cq/pico/pico-sdk/src/rp2_common/pico_clib_interface/newlib_interface.c.obj
 .debug_str     0x0000413f      0xd61 CMakeFiles/led.dir/Users/ab25cq/pico/pico-sdk/src/rp2_common/pico_stdio/stdio.c.obj

.debug_frame    0x00000000     0x1944
 .debug_frame   0x00000000       0x38 CMakeFiles/led.dir/led2.c.obj
 .debug_frame   0x00000038      0x330 CMakeFiles/led.dir/Users/ab25cq/pico/pico-sdk/src/rp2_common/hardware_gpio/gpio.c.obj
 .debug_frame   0x00000368       0x44 CMakeFiles/led.dir/Users/ab25cq/pico/pico-sdk/src/rp2_common/pico_platform_panic/panic.c.obj
 .debug_frame   0x000003ac       0xa0 CMakeFiles/led.dir/Users/ab25cq/pico/pico-sdk/src/common/hardware_claim/claim.c.obj
 .debug_frame   0x0000044c       0xa8 CMakeFiles/led.dir/Users/ab25cq/pico/pico-sdk/src/rp2_common/hardware_sync/sync.c.obj
 .debug_frame   0x000004f4       0x30 CMakeFiles/led.dir/Users/ab25cq/pico/pico-sdk/src/rp2_common/hardware_sync_spin_lock/sync_spin_lock.c.obj
 .debug_frame   0x00000524      0x1bc CMakeFiles/led.dir/Users/ab25cq/pico/pico-sdk/src/rp2_common/hardware_irq/irq.c.obj
 .debug_frame   0x000006e0       0x20 CMakeFiles/led.dir/Users/ab25cq/pico/pico-sdk/src/common/pico_sync/lock_core.c.obj
 .debug_frame   0x00000700      0x1e0 CMakeFiles/led.dir/Users/ab25cq/pico/pico-sdk/src/common/pico_sync/mutex.c.obj
 .debug_frame   0x000008e0      0x2cc CMakeFiles/led.dir/Users/ab25cq/pico/pico-sdk/src/common/pico_time/time.c.obj
 .debug_frame   0x00000bac      0x2c0 CMakeFiles/led.dir/Users/ab25cq/pico/pico-sdk/src/rp2_common/hardware_timer/timer.c.obj
 .debug_frame   0x00000e6c      0x1f0 CMakeFiles/led.dir/Users/ab25cq/pico/pico-sdk/src/rp2_common/hardware_clocks/clocks.c.obj
 .debug_frame   0x0000105c       0x40 CMakeFiles/led.dir/Users/ab25cq/pico/pico-sdk/src/rp2_common/hardware_pll/pll.c.obj
 .debug_frame   0x0000109c       0x40 CMakeFiles/led.dir/Users/ab25cq/pico/pico-sdk/src/rp2_common/hardware_ticks/ticks.c.obj
 .debug_frame   0x000010dc       0x40 CMakeFiles/led.dir/Users/ab25cq/pico/pico-sdk/src/rp2_common/hardware_xosc/xosc.c.obj
 .debug_frame   0x0000111c       0x70 CMakeFiles/led.dir/Users/ab25cq/pico/pico-sdk/src/rp2_common/pico_runtime/runtime.c.obj
 .debug_frame   0x0000118c       0x84 CMakeFiles/led.dir/Users/ab25cq/pico/pico-sdk/src/rp2_common/pico_runtime_init/runtime_init.c.obj
 .debug_frame   0x00001210       0x2c CMakeFiles/led.dir/Users/ab25cq/pico/pico-sdk/src/rp2_common/pico_runtime_init/runtime_init_clocks.c.obj
 .debug_frame   0x0000123c       0x84 CMakeFiles/led.dir/Users/ab25cq/pico/pico-sdk/src/rp2_common/pico_bootrom/bootrom.c.obj
 .debug_frame   0x000012c0       0x2c CMakeFiles/led.dir/Users/ab25cq/pico/pico-sdk/src/rp2_common/pico_double/double_init_rom_rp2040.c.obj
 .debug_frame   0x000012ec       0x28 CMakeFiles/led.dir/Users/ab25cq/pico/pico-sdk/src/rp2_common/pico_float/float_init_rom_rp2040.c.obj
 .debug_frame   0x00001314      0x1ec CMakeFiles/led.dir/Users/ab25cq/pico/pico-sdk/src/rp2_common/pico_printf/printf.c.obj
 .debug_frame   0x00001500      0x174 CMakeFiles/led.dir/Users/ab25cq/pico/pico-sdk/src/rp2_common/pico_clib_interface/newlib_interface.c.obj
 .debug_frame   0x00001674      0x2a8 CMakeFiles/led.dir/Users/ab25cq/pico/pico-sdk/src/rp2_common/pico_stdio/stdio.c.obj
 .debug_frame   0x0000191c       0x28 /Applications/ArmGNUToolchain/13.3.rel1/arm-none-eabi/bin/../lib/gcc/arm-none-eabi/13.3.1/../../../../arm-none-eabi/lib/thumb/v6-m/nofp/libg.a(libc_a-strlen-stub.o)

.debug_loclists
                0x00000000     0xed68
 .debug_loclists
                0x00000000     0x1a03 CMakeFiles/led.dir/Users/ab25cq/pico/pico-sdk/src/rp2_common/hardware_gpio/gpio.c.obj
 .debug_loclists
                0x00001a03      0x36e CMakeFiles/led.dir/Users/ab25cq/pico/pico-sdk/src/common/hardware_claim/claim.c.obj
 .debug_loclists
                0x00001d71       0xf1 CMakeFiles/led.dir/Users/ab25cq/pico/pico-sdk/src/rp2_common/hardware_sync/sync.c.obj
 .debug_loclists
                0x00001e62       0x7d CMakeFiles/led.dir/Users/ab25cq/pico/pico-sdk/src/rp2_common/hardware_sync_spin_lock/sync_spin_lock.c.obj
 .debug_loclists
                0x00001edf     0x116f CMakeFiles/led.dir/Users/ab25cq/pico/pico-sdk/src/rp2_common/hardware_irq/irq.c.obj
 .debug_loclists
                0x0000304e       0x41 CMakeFiles/led.dir/Users/ab25cq/pico/pico-sdk/src/common/pico_sync/lock_core.c.obj
 .debug_loclists
                0x0000308f      0xafa CMakeFiles/led.dir/Users/ab25cq/pico/pico-sdk/src/common/pico_sync/mutex.c.obj
 .debug_loclists
                0x00003b89     0x25a4 CMakeFiles/led.dir/Users/ab25cq/pico/pico-sdk/src/common/pico_time/time.c.obj
 .debug_loclists
                0x0000612d     0x19ea CMakeFiles/led.dir/Users/ab25cq/pico/pico-sdk/src/rp2_common/hardware_timer/timer.c.obj
 .debug_loclists
                0x00007b17     0x28a5 CMakeFiles/led.dir/Users/ab25cq/pico/pico-sdk/src/rp2_common/hardware_clocks/clocks.c.obj
 .debug_loclists
                0x0000a3bc      0x1e0 CMakeFiles/led.dir/Users/ab25cq/pico/pico-sdk/src/rp2_common/hardware_pll/pll.c.obj
 .debug_loclists
                0x0000a59c       0x47 CMakeFiles/led.dir/Users/ab25cq/pico/pico-sdk/src/rp2_common/hardware_ticks/ticks.c.obj
 .debug_loclists
                0x0000a5e3       0x48 CMakeFiles/led.dir/Users/ab25cq/pico/pico-sdk/src/rp2_common/hardware_xosc/xosc.c.obj
 .debug_loclists
                0x0000a62b       0x7e CMakeFiles/led.dir/Users/ab25cq/pico/pico-sdk/src/rp2_common/pico_runtime/runtime.c.obj
 .debug_loclists
                0x0000a6a9       0xba CMakeFiles/led.dir/Users/ab25cq/pico/pico-sdk/src/rp2_common/pico_runtime_init/runtime_init.c.obj
 .debug_loclists
                0x0000a763       0x74 CMakeFiles/led.dir/Users/ab25cq/pico/pico-sdk/src/rp2_common/pico_runtime_init/runtime_init_clocks.c.obj
 .debug_loclists
                0x0000a7d7      0x2ba CMakeFiles/led.dir/Users/ab25cq/pico/pico-sdk/src/rp2_common/pico_bootrom/bootrom.c.obj
 .debug_loclists
                0x0000aa91       0x3d CMakeFiles/led.dir/Users/ab25cq/pico/pico-sdk/src/rp2_common/pico_double/double_init_rom_rp2040.c.obj
 .debug_loclists
                0x0000aace       0x59 CMakeFiles/led.dir/Users/ab25cq/pico/pico-sdk/src/rp2_common/pico_float/float_init_rom_rp2040.c.obj
 .debug_loclists
                0x0000ab27     0x2f65 CMakeFiles/led.dir/Users/ab25cq/pico/pico-sdk/src/rp2_common/pico_printf/printf.c.obj
 .debug_loclists
                0x0000da8c      0x431 CMakeFiles/led.dir/Users/ab25cq/pico/pico-sdk/src/rp2_common/pico_clib_interface/newlib_interface.c.obj
 .debug_loclists
                0x0000debd      0xeab CMakeFiles/led.dir/Users/ab25cq/pico/pico-sdk/src/rp2_common/pico_stdio/stdio.c.obj

.debug_line_str
                0x00000000      0x32e
 .debug_line_str
                0x00000000      0x32e CMakeFiles/led.dir/Users/ab25cq/pico/pico-sdk/src/rp2_common/pico_bit_ops/bit_ops_aeabi.S.obj
                                 0x6d (size before relaxing)
 .debug_line_str
                0x0000032e       0x70 CMakeFiles/led.dir/Users/ab25cq/pico/pico-sdk/src/rp2_common/pico_divider/divider_hardware.S.obj
 .debug_line_str
                0x0000032e       0x72 CMakeFiles/led.dir/Users/ab25cq/pico/pico-sdk/src/rp2_common/pico_double/double_aeabi_rp2040.S.obj
 .debug_line_str
                0x0000032e       0x78 CMakeFiles/led.dir/Users/ab25cq/pico/pico-sdk/src/rp2_common/pico_double/double_v1_rom_shim_rp2040.S.obj
 .debug_line_str
                0x0000032e       0x76 CMakeFiles/led.dir/Users/ab25cq/pico/pico-sdk/src/rp2_common/pico_int64_ops/pico_int64_ops_aeabi.S.obj
 .debug_line_str
                0x0000032e       0x70 CMakeFiles/led.dir/Users/ab25cq/pico/pico-sdk/src/rp2_common/pico_float/float_aeabi_rp2040.S.obj
 .debug_line_str
                0x0000032e       0x76 CMakeFiles/led.dir/Users/ab25cq/pico/pico-sdk/src/rp2_common/pico_float/float_v1_rom_shim_rp2040.S.obj
 .debug_line_str
                0x0000032e       0x6d CMakeFiles/led.dir/Users/ab25cq/pico/pico-sdk/src/rp2_common/pico_mem_ops/mem_ops_aeabi.S.obj
 .debug_line_str
                0x0000032e       0x61 CMakeFiles/led.dir/Users/ab25cq/pico/pico-sdk/src/rp2_common/pico_crt0/crt0.S.obj
 .debug_line_str
                0x0000032e       0xd2 /Applications/ArmGNUToolchain/13.3.rel1/arm-none-eabi/bin/../lib/gcc/arm-none-eabi/13.3.1/thumb/v6-m/nofp/libgcc.a(_dvmd_tls.o)
