Archive member included to satisfy reference by file (symbol)

/Applications/ArmGNUToolchain/13.3.rel1/arm-none-eabi/bin/../lib/gcc/arm-none-eabi/13.3.1/thumb/v6-m/nofp/libgcc.a(_dvmd_tls.o)
                              CMakeFiles/piccolo_os_demo.dir/Users/ab25cq/pico-sdk/src/rp2_common/pico_divider/divider_hardware.S.o (__aeabi_idiv0)
/Applications/ArmGNUToolchain/13.3.rel1/arm-none-eabi/bin/../lib/gcc/arm-none-eabi/13.3.1/../../../../arm-none-eabi/lib/thumb/v6-m/nofp/libg.a(libc_a-calloc.o)
                              CMakeFiles/piccolo_os_demo.dir/Users/ab25cq/pico-sdk/src/rp2_common/pico_malloc/malloc.c.o (calloc)
/Applications/ArmGNUToolchain/13.3.rel1/arm-none-eabi/bin/../lib/gcc/arm-none-eabi/13.3.1/../../../../arm-none-eabi/lib/thumb/v6-m/nofp/libg.a(libc_a-callocr.o)
                              /Applications/ArmGNUToolchain/13.3.rel1/arm-none-eabi/bin/../lib/gcc/arm-none-eabi/13.3.1/../../../../arm-none-eabi/lib/thumb/v6-m/nofp/libg.a(libc_a-calloc.o) (_calloc_r)
/Applications/ArmGNUToolchain/13.3.rel1/arm-none-eabi/bin/../lib/gcc/arm-none-eabi/13.3.1/../../../../arm-none-eabi/lib/thumb/v6-m/nofp/libg.a(libc_a-malloc.o)
                              CMakeFiles/piccolo_os_demo.dir/Users/ab25cq/pico-sdk/src/rp2_common/pico_malloc/malloc.c.o (malloc)
/Applications/ArmGNUToolchain/13.3.rel1/arm-none-eabi/bin/../lib/gcc/arm-none-eabi/13.3.1/../../../../arm-none-eabi/lib/thumb/v6-m/nofp/libg.a(libc_a-mallocr.o)
                              /Applications/ArmGNUToolchain/13.3.rel1/arm-none-eabi/bin/../lib/gcc/arm-none-eabi/13.3.1/../../../../arm-none-eabi/lib/thumb/v6-m/nofp/libg.a(libc_a-callocr.o) (_malloc_r)
/Applications/ArmGNUToolchain/13.3.rel1/arm-none-eabi/bin/../lib/gcc/arm-none-eabi/13.3.1/../../../../arm-none-eabi/lib/thumb/v6-m/nofp/libg.a(libc_a-mlock.o)
                              /Applications/ArmGNUToolchain/13.3.rel1/arm-none-eabi/bin/../lib/gcc/arm-none-eabi/13.3.1/../../../../arm-none-eabi/lib/thumb/v6-m/nofp/libg.a(libc_a-mallocr.o) (__malloc_lock)
/Applications/ArmGNUToolchain/13.3.rel1/arm-none-eabi/bin/../lib/gcc/arm-none-eabi/13.3.1/../../../../arm-none-eabi/lib/thumb/v6-m/nofp/libg.a(libc_a-fwrite.o)
                              CMakeFiles/piccolo_os_demo.dir/main.c.c.o (fwrite)
/Applications/ArmGNUToolchain/13.3.rel1/arm-none-eabi/bin/../lib/gcc/arm-none-eabi/13.3.1/../../../../arm-none-eabi/lib/thumb/v6-m/nofp/libg.a(libc_a-realloc.o)
                              CMakeFiles/piccolo_os_demo.dir/Users/ab25cq/pico-sdk/src/rp2_common/pico_malloc/malloc.c.o (realloc)
/Applications/ArmGNUToolchain/13.3.rel1/arm-none-eabi/bin/../lib/gcc/arm-none-eabi/13.3.1/../../../../arm-none-eabi/lib/thumb/v6-m/nofp/libg.a(libc_a-reallocr.o)
                              /Applications/ArmGNUToolchain/13.3.rel1/arm-none-eabi/bin/../lib/gcc/arm-none-eabi/13.3.1/../../../../arm-none-eabi/lib/thumb/v6-m/nofp/libg.a(libc_a-realloc.o) (_realloc_r)
/Applications/ArmGNUToolchain/13.3.rel1/arm-none-eabi/bin/../lib/gcc/arm-none-eabi/13.3.1/../../../../arm-none-eabi/lib/thumb/v6-m/nofp/libg.a(libc_a-fclose.o)
                              CMakeFiles/piccolo_os_demo.dir/main.c.c.o (fclose)
/Applications/ArmGNUToolchain/13.3.rel1/arm-none-eabi/bin/../lib/gcc/arm-none-eabi/13.3.1/../../../../arm-none-eabi/lib/thumb/v6-m/nofp/libg.a(libc_a-fflush.o)
                              /Applications/ArmGNUToolchain/13.3.rel1/arm-none-eabi/bin/../lib/gcc/arm-none-eabi/13.3.1/../../../../arm-none-eabi/lib/thumb/v6-m/nofp/libg.a(libc_a-fclose.o) (__sflush_r)
/Applications/ArmGNUToolchain/13.3.rel1/arm-none-eabi/bin/../lib/gcc/arm-none-eabi/13.3.1/../../../../arm-none-eabi/lib/thumb/v6-m/nofp/libg.a(libc_a-fgets.o)
                              CMakeFiles/piccolo_os_demo.dir/main.c.c.o (fgets)
/Applications/ArmGNUToolchain/13.3.rel1/arm-none-eabi/bin/../lib/gcc/arm-none-eabi/13.3.1/../../../../arm-none-eabi/lib/thumb/v6-m/nofp/libg.a(libc_a-findfp.o)
                              /Applications/ArmGNUToolchain/13.3.rel1/arm-none-eabi/bin/../lib/gcc/arm-none-eabi/13.3.1/../../../../arm-none-eabi/lib/thumb/v6-m/nofp/libg.a(libc_a-fflush.o) (__sglue)
/Applications/ArmGNUToolchain/13.3.rel1/arm-none-eabi/bin/../lib/gcc/arm-none-eabi/13.3.1/../../../../arm-none-eabi/lib/thumb/v6-m/nofp/libg.a(libc_a-fopen.o)
                              CMakeFiles/piccolo_os_demo.dir/main.c.c.o (fopen)
/Applications/ArmGNUToolchain/13.3.rel1/arm-none-eabi/bin/../lib/gcc/arm-none-eabi/13.3.1/../../../../arm-none-eabi/lib/thumb/v6-m/nofp/libg.a(libc_a-fputs.o)
                              CMakeFiles/piccolo_os_demo.dir/main.c.c.o (fputs)
/Applications/ArmGNUToolchain/13.3.rel1/arm-none-eabi/bin/../lib/gcc/arm-none-eabi/13.3.1/../../../../arm-none-eabi/lib/thumb/v6-m/nofp/libg.a(libc_a-fread.o)
                              CMakeFiles/piccolo_os_demo.dir/main.c.c.o (fread)
/Applications/ArmGNUToolchain/13.3.rel1/arm-none-eabi/bin/../lib/gcc/arm-none-eabi/13.3.1/../../../../arm-none-eabi/lib/thumb/v6-m/nofp/libg.a(libc_a-vasprintf.o)
[...]
Memory Configuration

Name             Origin             Length             Attributes
FLASH            0x10000000         0x00200000         xr
RAM              0x20000000         0x00040000         xrw
SCRATCH_X        0x20040000         0x00001000         xrw
SCRATCH_Y        0x20041000         0x00001000         xrw
*default*        0x00000000         0xffffffff

Linker script and memory map

LOAD /Applications/ArmGNUToolchain/13.3.rel1/arm-none-eabi/bin/../lib/gcc/arm-none-eabi/13.3.1/thumb/v6-m/nofp/crti.o
LOAD /Applications/ArmGNUToolchain/13.3.rel1/arm-none-eabi/bin/../lib/gcc/arm-none-eabi/13.3.1/thumb/v6-m/nofp/crtbegin.o
LOAD /Applications/ArmGNUToolchain/13.3.rel1/arm-none-eabi/bin/../lib/gcc/arm-none-eabi/13.3.1/../../../../arm-none-eabi/lib/thumb/v6-m/nofp/crt0.o

.flash_begin    0x10000000        0x0
                0x10000000                        __flash_binary_start = .

.boot2          0x10000000      0x100
                0x10000000                        __boot2_start__ = .
 *(.boot2)
 .boot2         0x10000000      0x100 pico-sdk/src/rp2040/boot_stage2/CMakeFiles/bs2_default_library.dir/bs2_default_padded_checksummed.S.o
                0x10000100                        __boot2_end__ = .
                0x00000001                        ASSERT (((__boot2_end__ - __boot2_start__) == 0x100), ERROR: Pico second stage bootloader must be 256 bytes in size)

.text           0x10000100     0x7dbc
                0x10000100                        __logical_binary_start = .
 *(.vectors)
 .vectors       0x10000100       0xd4 CMakeFiles/piccolo_os_demo.dir/Users/ab25cq/pico-sdk/src/rp2_common/pico_crt0/crt0.S.o
                0x10000100                __VECTOR_TABLE
                0x10000100                __vectors
                0x100001c0                isr_invalid
                0x100001c0                __default_isrs_start
                0x100001c2                isr_nmi
                0x100001c4                isr_hardfault
                0x100001c8                isr_pendsv
                0x100001ca                isr_systick
                0x100001cc                isr_irq18
                0x100001cc                isr_irq28
                0x100001cc                isr_irq19
                0x100001cc                isr_irq0
                0x100001cc                isr_irq6
                0x100001cc                isr_irq22
                0x100001cc                isr_irq17
                0x100001cc                isr_irq14
                0x100001cc                isr_irq2
                0x100001cc                isr_irq10
                0x100001cc                isr_irq8
                0x100001cc                isr_irq24
                0x100001cc                isr_irq1
                0x100001cc                isr_irq7
                0x100001cc                isr_irq21
                0x100001cc                isr_irq20
                0x100001cc                isr_irq15
                0x100001cc                isr_irq25
                0x100001cc                isr_irq4
                0x100001cc                isr_irq16
                0x100001cc                isr_irq29
                0x100001cc                isr_irq26
                0x100001cc                __default_isrs_end
                0x100001cc                isr_irq3
                0x100001cc                isr_irq9
                0x100001cc                __unhandled_user_irq
                0x100001cc                isr_irq13
                0x100001cc                isr_irq27
                0x100001cc                isr_irq31
                0x100001cc                isr_irq5
                0x100001cc                isr_irq11
                0x100001cc                isr_irq23
                0x100001cc                isr_irq30
                0x100001cc                isr_irq12
                0x100001d2                unhandled_user_irq_num_in_r0
 *(.binary_info_header)
 .binary_info_header
                0x100001d4       0x14 CMakeFiles/piccolo_os_demo.dir/Users/ab25cq/pico-sdk/src/rp2_common/pico_crt0/crt0.S.o
                0x100001e8                        __binary_info_header_end = .
 *(.embedded_block)
                0x100001e8                        __embedded_block_end = .
 *(.reset)
 .reset         0x100001e8       0x9c CMakeFiles/piccolo_os_demo.dir/Users/ab25cq/pico-sdk/src/rp2_common/pico_crt0/crt0.S.o
                0x100001e8                _entry_point
 *(.init)
 .init          0x10000284        0x4 /Applications/ArmGNUToolchain/13.3.rel1/arm-none-eabi/bin/../lib/gcc/arm-none-eabi/13.3.1/thumb/v6-m/nofp/crti.o
                0x10000284                _init
 *(EXCLUDE_FILE(*libm.a: *libc.a:*lib_a-mem*.o *libgcc.a:) .text*)
 .text.register_tm_clones
                0x10000288       0x28 /Applications/ArmGNUToolchain/13.3.rel1/arm-none-eabi/bin/../lib/gcc/arm-none-eabi/13.3.1/thumb/v6-m/nofp/crtbegin.o
 .text.frame_dummy
                0x100002b0       0x24 /Applications/ArmGNUToolchain/13.3.rel1/arm-none-eabi/bin/../lib/gcc/arm-none-eabi/13.3.1/thumb/v6-m/nofp/crtbegin.o
 .text.task1_func
                0x100002d4       0x34 CMakeFiles/piccolo_os_demo.dir/main.c.c.o
                0x100002d4                task1_func
 .text.come_free_mem_of_heap_pool.part.0
                0x10000308       0xd4 CMakeFiles/piccolo_os_demo.dir/main.c.c.o
 .text.come_heap_init
                0x100003dc       0xac CMakeFiles/piccolo_os_demo.dir/main.c.c.o
                0x100003dc                come_heap_init
 .text.alloc_from_pages
                0x10000488      0x118 CMakeFiles/piccolo_os_demo.dir/main.c.c.o
                0x10000488                alloc_from_pages
 .text.come_alloc_mem_from_heap_pool.part.0
                0x100005a0      0x120 CMakeFiles/piccolo_os_demo.dir/main.c.c.o
 .text.task3_func
                0x100006c0      0x30c CMakeFiles/piccolo_os_demo.dir/main.c.c.o
                0x100006c0                task3_func
 .text.list$1int_push_back.isra.0
                0x100009cc      0x150 CMakeFiles/piccolo_os_demo.dir/main.c.c.o
 .text.task2_func
                0x10000b1c      0x290 CMakeFiles/piccolo_os_demo.dir/main.c.c.o
                0x10000b1c                task2_func
 .text.startup.main
                0x10000dac       0x40 CMakeFiles/piccolo_os_demo.dir/main.c.c.o
                0x10000dac                main
 .text          0x10000dec       0x80 CMakeFiles/piccolo_os_demo.dir/context_switch.s.o
                0x10000dec                isr_svcall
                0x10000e1c                __piccolo_pre_switch
                0x10000e44                __piccolo_task_init_stack
                0x10000e64                piccolo_yield
                0x10000e64                piccolo_syscall
 .text.piccolo_create_task
                0x10000e6c       0x60 CMakeFiles/piccolo_os_demo.dir/os.c.c.o
                0x10000e6c                piccolo_create_task
 .text.piccolo_sleep
                0x10000ecc       0x58 CMakeFiles/piccolo_os_demo.dir/os.c.c.o
                0x10000ecc                piccolo_sleep
 .text.piccolo_init
                0x10000f24       0x2c CMakeFiles/piccolo_os_demo.dir/os.c.c.o
                0x10000f24                piccolo_init
 .text.piccolo_start
                0x10000f50       0x40 CMakeFiles/piccolo_os_demo.dir/os.c.c.o
                0x10000f50                piccolo_start
 .text.gpio_init
                0x10000f90       0x40 CMakeFiles/piccolo_os_demo.dir/Users/ab25cq/pico-sdk/src/rp2_common/hardware_gpio/gpio.c.o
                0x10000f90                gpio_init
 .text.rp2040_chip_version
                0x10000fd0        0xc CMakeFiles/piccolo_os_demo.dir/Users/ab25cq/pico-sdk/src/rp2040/pico_platform/platform.c.o
                0x10000fd0                rp2040_chip_version
 .text.panic    0x10000fdc       0x30 CMakeFiles/piccolo_os_demo.dir/Users/ab25cq/pico-sdk/src/rp2_common/pico_platform_panic/panic.c.o
                0x10000fdc                panic
 .text.hw_claim_or_assert
                0x1000100c       0x44 CMakeFiles/piccolo_os_demo.dir/Users/ab25cq/pico-sdk/src/common/hardware_claim/claim.c.o
                0x1000100c                hw_claim_or_assert
 .text.hw_claim_unused_from_range
                0x10001050       0x9c CMakeFiles/piccolo_os_demo.dir/Users/ab25cq/pico-sdk/src/common/hardware_claim/claim.c.o
                0x10001050                hw_claim_unused_from_range
 .text.next_striped_spin_lock_num
                0x100010ec       0x18 CMakeFiles/piccolo_os_demo.dir/Users/ab25cq/pico-sdk/src/rp2_common/hardware_sync/sync.c.o
                0x100010ec                next_striped_spin_lock_num
 .text.spin_lock_claim_unused
                0x10001104       0x24 CMakeFiles/piccolo_os_demo.dir/Users/ab25cq/pico-sdk/src/rp2_common/hardware_sync/sync.c.o
                0x10001104                spin_lock_claim_unused
 .text.spin_locks_reset
                0x10001128       0x1c CMakeFiles/piccolo_os_demo.dir/Users/ab25cq/pico-sdk/src/rp2_common/hardware_sync_spin_lock/sync_spin_lock.c.o
                0x10001128                spin_locks_reset
 .text.runtime_init_per_core_irq_priorities
                0x10001144       0x24 CMakeFiles/piccolo_os_demo.dir/Users/ab25cq/pico-sdk/src/rp2_common/hardware_irq/irq.c.o
                0x10001144                runtime_init_per_core_irq_priorities
 .text.irq_set_enabled
                0x10001168       0x24 CMakeFiles/piccolo_os_demo.dir/Users/ab25cq/pico-sdk/src/rp2_common/hardware_irq/irq.c.o
                0x10001168                irq_set_enabled
 .text.irq_is_enabled
                0x1000118c       0x18 CMakeFiles/piccolo_os_demo.dir/Users/ab25cq/pico-sdk/src/rp2_common/hardware_irq/irq.c.o
                0x1000118c                irq_is_enabled
 .text.irq_set_pending
                0x100011a4       0x10 CMakeFiles/piccolo_os_demo.dir/Users/ab25cq/pico-sdk/src/rp2_common/hardware_irq/irq.c.o
                0x100011a4                irq_set_pending
 .text.irq_has_shared_handler
                0x100011b4       0x2c CMakeFiles/piccolo_os_demo.dir/Users/ab25cq/pico-sdk/src/rp2_common/hardware_irq/irq.c.o
                0x100011b4                irq_has_shared_handler
 .text.irq_set_exclusive_handler
                0x100011e0       0x54 CMakeFiles/piccolo_os_demo.dir/Users/ab25cq/pico-sdk/src/rp2_common/hardware_irq/irq.c.o
                0x100011e0                irq_set_exclusive_handler
 .text.irq_add_shared_handler
                0x10001234      0x1f4 CMakeFiles/piccolo_os_demo.dir/Users/ab25cq/pico-sdk/src/rp2_common/hardware_irq/irq.c.o
                0x10001234                irq_add_shared_handler
 .text.irq_add_tail_to_free_list
                0x10001428       0xb4 CMakeFiles/piccolo_os_demo.dir/Users/ab25cq/pico-sdk/src/rp2_common/hardware_irq/irq.c.o
                0x10001428                irq_add_tail_to_free_list
 .text.user_irq_claim_unused
                0x100014dc       0x2c CMakeFiles/piccolo_os_demo.dir/Users/ab25cq/pico-sdk/src/rp2_common/hardware_irq/irq.c.o
                0x100014dc                user_irq_claim_unused
 .text.lock_init
                0x10001508       0x10 CMakeFiles/piccolo_os_demo.dir/Users/ab25cq/pico-sdk/src/common/pico_sync/lock_core.c.o
                0x10001508                lock_init
 .text.runtime_init_mutex
                0x10001518       0x50 CMakeFiles/piccolo_os_demo.dir/Users/ab25cq/pico-sdk/src/common/pico_sync/mutex.c.o
                0x10001518                runtime_init_mutex
 .text.mutex_init
                0x10001568       0x1c CMakeFiles/piccolo_os_demo.dir/Users/ab25cq/pico-sdk/src/common/pico_sync/mutex.c.o
                0x10001568                mutex_init
 .text.critical_section_init
                0x10001584       0x1c CMakeFiles/piccolo_os_demo.dir/Users/ab25cq/pico-sdk/src/common/pico_sync/critical_section.c.o
                0x10001584                critical_section_init
 .text.critical_section_init_with_lock_num
                0x100015a0       0x14 CMakeFiles/piccolo_os_demo.dir/Users/ab25cq/pico-sdk/src/common/pico_sync/critical_section.c.o
                0x100015a0                critical_section_init_with_lock_num
 .text.sleep_until_callback
                0x100015b4       0x30 CMakeFiles/piccolo_os_demo.dir/Users/ab25cq/pico-sdk/src/common/pico_time/time.c.o
 .text.alarm_pool_irq_handler
                0x100015e4      0x2fc CMakeFiles/piccolo_os_demo.dir/Users/ab25cq/pico-sdk/src/common/pico_time/time.c.o
 .text.runtime_init_default_alarm_pool
                0x100018e0       0xdc CMakeFiles/piccolo_os_demo.dir/Users/ab25cq/pico-sdk/src/common/pico_time/time.c.o
                0x100018e0                runtime_init_default_alarm_pool
 .text.alarm_pool_get_default
                0x100019bc        0x8 CMakeFiles/piccolo_os_demo.dir/Users/ab25cq/pico-sdk/src/common/pico_time/time.c.o
                0x100019bc                alarm_pool_get_default
 .text.alarm_pool_add_alarm_at
                0x100019c4       0xd4 CMakeFiles/piccolo_os_demo.dir/Users/ab25cq/pico-sdk/src/common/pico_time/time.c.o
                0x100019c4                alarm_pool_add_alarm_at
 .text.alarm_pool_add_alarm_at_force_in_context
                0x10001a98       0xb0 CMakeFiles/piccolo_os_demo.dir/Users/ab25cq/pico-sdk/src/common/pico_time/time.c.o
                0x10001a98                alarm_pool_add_alarm_at_force_in_context
 .text.alarm_pool_cancel_alarm
                0x10001b48       0x74 CMakeFiles/piccolo_os_demo.dir/Users/ab25cq/pico-sdk/src/common/pico_time/time.c.o
                0x10001b48                alarm_pool_cancel_alarm
 .text.alarm_pool_core_num
                0x10001bbc        0x4 CMakeFiles/piccolo_os_demo.dir/Users/ab25cq/pico-sdk/src/common/pico_time/time.c.o
                0x10001bbc                alarm_pool_core_num
 .text.best_effort_wfe_or_timeout
                0x10001bc0       0xe0 CMakeFiles/piccolo_os_demo.dir/Users/ab25cq/pico-sdk/src/common/pico_time/time.c.o
                0x10001bc0                best_effort_wfe_or_timeout
 .text.timer_hardware_alarm_claim
                0x10001ca0       0x14 CMakeFiles/piccolo_os_demo.dir/Users/ab25cq/pico-sdk/src/rp2_common/hardware_timer/timer.c.o
                0x10001ca0                timer_hardware_alarm_claim
 .text.timer_time_us_64
                0x10001cb4       0x10 CMakeFiles/piccolo_os_demo.dir/Users/ab25cq/pico-sdk/src/rp2_common/hardware_timer/timer.c.o
                0x10001cb4                timer_time_us_64
 .text.time_us_64
                0x10001cc4       0x14 CMakeFiles/piccolo_os_demo.dir/Users/ab25cq/pico-sdk/src/rp2_common/hardware_timer/timer.c.o
                0x10001cc4                time_us_64
 .text.clock_configure_int_divider
                0x10001cd8       0xf4 CMakeFiles/piccolo_os_demo.dir/Users/ab25cq/pico-sdk/src/rp2_common/hardware_clocks/clocks.c.o
                0x10001cd8                clock_configure_int_divider
 .text.clock_configure_undivided
                0x10001dcc       0xe8 CMakeFiles/piccolo_os_demo.dir/Users/ab25cq/pico-sdk/src/rp2_common/hardware_clocks/clocks.c.o
                0x10001dcc                clock_configure_undivided
 .text.clock_get_hz
                0x10001eb4        0xc CMakeFiles/piccolo_os_demo.dir/Users/ab25cq/pico-sdk/src/rp2_common/hardware_clocks/clocks.c.o
                0x10001eb4                clock_get_hz
 .text.pll_init
                0x10001ec0       0xa4 CMakeFiles/piccolo_os_demo.dir/Users/ab25cq/pico-sdk/src/rp2_common/hardware_pll/pll.c.o
                0x10001ec0                pll_init
 .text.watchdog_reboot
                0x10001f64       0x9c CMakeFiles/piccolo_os_demo.dir/Users/ab25cq/pico-sdk/src/rp2_common/hardware_watchdog/watchdog.c.o
                0x10001f64                watchdog_reboot
 .text.tick_start
                0x10002000       0x10 CMakeFiles/piccolo_os_demo.dir/Users/ab25cq/pico-sdk/src/rp2_common/hardware_ticks/ticks.c.o
                0x10002000                tick_start
 .text.rom_func_lookup
                0x10002010       0x10 CMakeFiles/piccolo_os_demo.dir/Users/ab25cq/pico-sdk/src/rp2_common/pico_bootrom/bootrom.c.o
                0x10002010                rom_func_lookup
 .text.rom_data_lookup
                0x10002020       0x10 CMakeFiles/piccolo_os_demo.dir/Users/ab25cq/pico-sdk/src/rp2_common/pico_bootrom/bootrom.c.o
                0x10002020                rom_data_lookup
 .text.rom_funcs_lookup
                0x10002030       0x44 CMakeFiles/piccolo_os_demo.dir/Users/ab25cq/pico-sdk/src/rp2_common/pico_bootrom/bootrom.c.o
                0x10002030                rom_funcs_lookup
 .text.rom_reset_usb_boot_extra
                0x10002074       0x28 CMakeFiles/piccolo_os_demo.dir/Users/ab25cq/pico-sdk/src/rp2_common/pico_bootrom/bootrom.c.o
                0x10002074                rom_reset_usb_boot_extra
 .text.xosc_init
                0x1000209c       0x28 CMakeFiles/piccolo_os_demo.dir/Users/ab25cq/pico-sdk/src/rp2_common/hardware_xosc/xosc.c.o
                0x1000209c                xosc_init
 .text.first_per_core_initializer
                0x100020c4        0x4 CMakeFiles/piccolo_os_demo.dir/Users/ab25cq/pico-sdk/src/rp2_common/pico_runtime/runtime.c.o
 .text.hard_assertion_failure
                0x100020c8        0xc CMakeFiles/piccolo_os_demo.dir/Users/ab25cq/pico-sdk/src/rp2_common/pico_runtime/runtime.c.o
                0x100020c8                hard_assertion_failure
 .text.runtime_run_initializers
                0x100020d4       0x28 CMakeFiles/piccolo_os_demo.dir/Users/ab25cq/pico-sdk/src/rp2_common/pico_runtime/runtime.c.o
                0x100020d4                runtime_run_initializers
 .text.runtime_init_early_resets
                0x100020fc       0x2c CMakeFiles/piccolo_os_demo.dir/Users/ab25cq/pico-sdk/src/rp2_common/pico_runtime_init/runtime_init.c.o
                0x100020fc                runtime_init_early_resets
 .text.runtime_init_usb_power_down
                0x10002128       0x1c CMakeFiles/piccolo_os_demo.dir/Users/ab25cq/pico-sdk/src/rp2_common/pico_runtime_init/runtime_init.c.o
                0x10002128                runtime_init_usb_power_down
 .text.runtime_init_post_clock_resets
                0x10002144       0x20 CMakeFiles/piccolo_os_demo.dir/Users/ab25cq/pico-sdk/src/rp2_common/pico_runtime_init/runtime_init.c.o
                0x10002144                runtime_init_post_clock_resets
 .text.runtime_init_rp2040_gpio_ie_disable
                0x10002164       0x14 CMakeFiles/piccolo_os_demo.dir/Users/ab25cq/pico-sdk/src/rp2_common/pico_runtime_init/runtime_init.c.o
                0x10002164                runtime_init_rp2040_gpio_ie_disable
 .text.runtime_init_spin_locks_reset
                0x10002178        0x8 CMakeFiles/piccolo_os_demo.dir/Users/ab25cq/pico-sdk/src/rp2_common/pico_runtime_init/runtime_init.c.o
                0x10002178                runtime_init_spin_locks_reset
 .text.runtime_init_install_ram_vector_table
                0x10002180       0x1c CMakeFiles/piccolo_os_demo.dir/Users/ab25cq/pico-sdk/src/rp2_common/pico_runtime_init/runtime_init.c.o
                0x10002180                runtime_init_install_ram_vector_table
 .text.runtime_init_clocks
                0x1000219c       0xd8 CMakeFiles/piccolo_os_demo.dir/Users/ab25cq/pico-sdk/src/rp2_common/pico_runtime_init/runtime_init_clocks.c.o
                0x1000219c                runtime_init_clocks
 .text          0x10002274       0x10 CMakeFiles/piccolo_os_demo.dir/Users/ab25cq/pico-sdk/src/rp2_common/pico_bit_ops/bit_ops_aeabi.S.o
 .text.__wrap___aeabi_idiv
                0x10002284       0x50 CMakeFiles/piccolo_os_demo.dir/Users/ab25cq/pico-sdk/src/rp2_common/pico_divider/divider_hardware.S.o
                0x10002284                __wrap___aeabi_idivmod
                0x10002284                divmod_s32s32
                0x10002284                div_s32s32
                0x10002284                __wrap___aeabi_idiv
                0x1000228c                divmod_s32s32_unsafe
                0x100022b8                divmod_s32s32_savestate
 .text.__wrap___aeabi_uidiv
                0x100022d4       0x4c CMakeFiles/piccolo_os_demo.dir/Users/ab25cq/pico-sdk/src/rp2_common/pico_divider/divider_hardware.S.o
                0x100022d4                __wrap___aeabi_uidiv
                0x100022d4                __wrap___aeabi_uidivmod
                0x100022d4                div_u32u32
                0x100022d4                divmod_u32u32
                0x100022dc                divmod_u32u32_unsafe
                0x10002304                divmod_u32u32_savestate
 .text.__wrap___aeabi_ldiv
                0x10002320      0x424 CMakeFiles/piccolo_os_demo.dir/Users/ab25cq/pico-sdk/src/rp2_common/pico_divider/divider_hardware.S.o
                0x10002320                __wrap___aeabi_ldivmod
                0x10002320                div_s64s64
                0x10002320                divmod_s64s64
                0x10002350                divmod_u64u64
                0x10002350                div_u64u64
                0x10002350                __wrap___aeabi_uldivmod
                0x10002360                divmod_u64u64_savestate
                0x10002380                divmod_s64s64_unsafe
                0x10002408                divmod_u64u64_unsafe
 .text.__wrap___aeabi_darithmetic
                0x10002744       0x80 CMakeFiles/piccolo_os_demo.dir/Users/ab25cq/pico-sdk/src/rp2_common/pico_double/double_aeabi_rp2040.S.o
                0x10002744                __wrap___aeabi_drsub
                0x1000274a                __wrap___aeabi_dsub
                0x1000275c                __wrap___aeabi_dadd
                0x1000276e                __wrap___aeabi_ddiv
                0x100027aa                __wrap___aeabi_dmul
 .text.__wrap___aeabi_cdcmple
                0x100027c4       0x6c CMakeFiles/piccolo_os_demo.dir/Users/ab25cq/pico-sdk/src/rp2_common/pico_double/double_aeabi_rp2040.S.o
                0x100027c4                __wrap___aeabi_cdrcmple
                0x100027d4                __wrap___aeabi_cdcmple
                0x100027d4                __wrap___aeabi_cdcmpeq
 .text.__wrap___aeabi_dcmplt
                0x10002830        0xc CMakeFiles/piccolo_os_demo.dir/Users/ab25cq/pico-sdk/src/rp2_common/pico_double/double_aeabi_rp2040.S.o
                0x10002830                __wrap___aeabi_dcmplt
 .text.__wrap___aeabi_dcmpge
                0x1000283c       0x10 CMakeFiles/piccolo_os_demo.dir/Users/ab25cq/pico-sdk/src/rp2_common/pico_double/double_aeabi_rp2040.S.o
                0x1000283c                __wrap___aeabi_dcmpge
 .text.__wrap___aeabi_dcmpgt
                0x1000284c        0xa CMakeFiles/piccolo_os_demo.dir/Users/ab25cq/pico-sdk/src/rp2_common/pico_double/double_aeabi_rp2040.S.o
                0x1000284c                __wrap___aeabi_dcmpgt
 .text.__wrap___aeabi_dcmpun
                0x10002856       0x18 CMakeFiles/piccolo_os_demo.dir/Users/ab25cq/pico-sdk/src/rp2_common/pico_double/double_aeabi_rp2040.S.o
                0x10002856                __wrap___aeabi_dcmpun
 *fill*         0x1000286e        0x2 
 .text.__wrap___aeabi_i2d
                0x10002870       0x38 CMakeFiles/piccolo_os_demo.dir/Users/ab25cq/pico-sdk/src/rp2_common/pico_double/double_aeabi_rp2040.S.o
                0x10002870                __wrap___aeabi_ui2d
                0x10002878                __wrap___aeabi_i2d
 .text.__wrap___aeabi_d2iz
                0x100028a8       0x48 CMakeFiles/piccolo_os_demo.dir/Users/ab25cq/pico-sdk/src/rp2_common/pico_double/double_aeabi_rp2040.S.o
                0x100028a8                __wrap___aeabi_d2iz
                0x100028a8                double2int_z
 .text.__wrap___aeabi_d2uiz
                0x100028f0       0x18 CMakeFiles/piccolo_os_demo.dir/Users/ab25cq/pico-sdk/src/rp2_common/pico_double/double_aeabi_rp2040.S.o
                0x100028f0                double2uint
                0x100028f0                __wrap___aeabi_d2uiz
 .text.__aeabi_double_init
                0x10002908       0xa4 CMakeFiles/piccolo_os_demo.dir/Users/ab25cq/pico-sdk/src/rp2_common/pico_double/double_init_rom_rp2040.c.o
                0x10002908                __aeabi_double_init
 .text.double_table_shim_on_use_helper
                0x100029ac       0x2c CMakeFiles/piccolo_os_demo.dir/Users/ab25cq/pico-sdk/src/rp2_common/pico_double/double_v1_rom_shim_rp2040.S.o
                0x100029ac                double_table_shim_on_use_helper
 .text.__wrap___aeabi_dsub
                0x100029d8       0x10 CMakeFiles/piccolo_os_demo.dir/Users/ab25cq/pico-sdk/src/rp2_common/pico_double/double_v1_rom_shim_rp2040.S.o
                0x100029d8                drsub_shim
                0x100029de                dsub_shim
 .text.dadd_shim
                0x100029e8      0x15c CMakeFiles/piccolo_os_demo.dir/Users/ab25cq/pico-sdk/src/rp2_common/pico_double/double_v1_rom_shim_rp2040.S.o
                0x100029e8                dadd_shim
 .text.dmul_shim
                0x10002b44      0x15c CMakeFiles/piccolo_os_demo.dir/Users/ab25cq/pico-sdk/src/rp2_common/pico_double/double_v1_rom_shim_rp2040.S.o
                0x10002b44                dmul_shim
 .text.ddiv_shim
                0x10002ca0      0x1b0 CMakeFiles/piccolo_os_demo.dir/Users/ab25cq/pico-sdk/src/rp2_common/pico_double/double_v1_rom_shim_rp2040.S.o
                0x10002ca0                ddiv_shim
 .text.double2uint_shim
                0x10002e50        0xe CMakeFiles/piccolo_os_demo.dir/Users/ab25cq/pico-sdk/src/rp2_common/pico_double/double_v1_rom_shim_rp2040.S.o
                0x10002e50                double2uint_shim
                0x10002e52                double2ufix_shim
 *fill*         0x10002e5e        0x2 
 .text.double2uint64_shim
                0x10002e60       0x70 CMakeFiles/piccolo_os_demo.dir/Users/ab25cq/pico-sdk/src/rp2_common/pico_double/double_v1_rom_shim_rp2040.S.o
                0x10002e60                double2uint64_shim
                0x10002e62                double2ufix64_shim
                0x10002e82                d2fix_a
 .text.dunpacks
                0x10002ed0       0x3c CMakeFiles/piccolo_os_demo.dir/Users/ab25cq/pico-sdk/src/rp2_common/pico_double/double_v1_rom_shim_rp2040.S.o
                0x10002ed0                dunpacks
 .text.__aeabi_lmul
                0x10002f0c       0x32 CMakeFiles/piccolo_os_demo.dir/Users/ab25cq/pico-sdk/src/rp2_common/pico_int64_ops/pico_int64_ops_aeabi.S.o
                0x10002f0c                __wrap___aeabi_lmul
 *fill*         0x10002f3e        0x2 
 .text.__aeabi_float_init
                0x10002f40       0x64 CMakeFiles/piccolo_os_demo.dir/Users/ab25cq/pico-sdk/src/rp2_common/pico_float/float_init_rom_rp2040.c.o
                0x10002f40                __aeabi_float_init
 .text.float_table_shim_on_use_helper
                0x10002fa4       0x2c CMakeFiles/piccolo_os_demo.dir/Users/ab25cq/pico-sdk/src/rp2_common/pico_float/float_v1_rom_shim_rp2040.S.o
                0x10002fa4                float_table_shim_on_use_helper
 .text.__wrap_calloc
                0x10002fd0       0x28 CMakeFiles/piccolo_os_demo.dir/Users/ab25cq/pico-sdk/src/rp2_common/pico_malloc/malloc.c.o
                0x10002fd0                __wrap_calloc
 .text.__wrap_free
                0x10002ff8        0x8 CMakeFiles/piccolo_os_demo.dir/Users/ab25cq/pico-sdk/src/rp2_common/pico_malloc/malloc.c.o
                0x10002ff8                __wrap_free
 .text          0x10003000       0x10 CMakeFiles/piccolo_os_demo.dir/Users/ab25cq/pico-sdk/src/rp2_common/pico_mem_ops/mem_ops_aeabi.S.o
                0x10003000                __aeabi_mem_init
 .text.memset   0x10003010        0xc CMakeFiles/piccolo_os_demo.dir/Users/ab25cq/pico-sdk/src/rp2_common/pico_mem_ops/mem_ops_aeabi.S.o
                0x10003010                __wrap_memset
 .text.memcpy   0x1000301c        0xc CMakeFiles/piccolo_os_demo.dir/Users/ab25cq/pico-sdk/src/rp2_common/pico_mem_ops/mem_ops_aeabi.S.o
                0x1000301c                __wrap___aeabi_memcpy
                0x1000301c                __wrap_memcpy
 .text._out_null
                0x10003028        0x4 CMakeFiles/piccolo_os_demo.dir/Users/ab25cq/pico-sdk/src/rp2_common/pico_printf/printf.c.o
 .text._out_rev
                0x1000302c       0xac CMakeFiles/piccolo_os_demo.dir/Users/ab25cq/pico-sdk/src/rp2_common/pico_printf/printf.c.o
 .text._ntoa_format
                0x100030d8      0x250 CMakeFiles/piccolo_os_demo.dir/Users/ab25cq/pico-sdk/src/rp2_common/pico_printf/printf.c.o
 .text._out_char
                0x10003328       0x10 CMakeFiles/piccolo_os_demo.dir/Users/ab25cq/pico-sdk/src/rp2_common/pico_printf/printf.c.o
 .text._out_fct
                0x10003338       0x10 CMakeFiles/piccolo_os_demo.dir/Users/ab25cq/pico-sdk/src/rp2_common/pico_printf/printf.c.o
 .text._etoa    0x10003348      0x464 CMakeFiles/piccolo_os_demo.dir/Users/ab25cq/pico-sdk/src/rp2_common/pico_printf/printf.c.o
 .text._ftoa    0x100037ac      0x3c0 CMakeFiles/piccolo_os_demo.dir/Users/ab25cq/pico-sdk/src/rp2_common/pico_printf/printf.c.o
 .text._vsnprintf
                0x10003b6c      0xbc8 CMakeFiles/piccolo_os_demo.dir/Users/ab25cq/pico-sdk/src/rp2_common/pico_printf/printf.c.o
 .text.vfctprintf
                0x10004734       0x20 CMakeFiles/piccolo_os_demo.dir/Users/ab25cq/pico-sdk/src/rp2_common/pico_printf/printf.c.o
                0x10004734                vfctprintf
 .text.weak_raw_vprintf
                0x10004754       0x30 CMakeFiles/piccolo_os_demo.dir/Users/ab25cq/pico-sdk/src/rp2_common/pico_printf/printf.c.o
                0x10004754                weak_raw_vprintf
 .text._exit    0x10004784        0x4 CMakeFiles/piccolo_os_demo.dir/Users/ab25cq/pico-sdk/src/rp2_common/pico_clib_interface/newlib_interface.c.o
                0x10004784                _exit
 .text._sbrk    0x10004788       0x34 CMakeFiles/piccolo_os_demo.dir/Users/ab25cq/pico-sdk/src/rp2_common/pico_clib_interface/newlib_interface.c.o
                0x10004788                _sbrk
 .text.exit     0x100047bc        0x8 CMakeFiles/piccolo_os_demo.dir/Users/ab25cq/pico-sdk/src/rp2_common/pico_clib_interface/newlib_interface.c.o
                0x100047bc                exit
 .text.runtime_init
                0x100047c4       0x2c CMakeFiles/piccolo_os_demo.dir/Users/ab25cq/pico-sdk/src/rp2_common/pico_clib_interface/newlib_interface.c.o
                0x100047c4                runtime_init
 .text.stdio_out_chars_no_crlf
                0x100047f0       0x10 CMakeFiles/piccolo_os_demo.dir/Users/ab25cq/pico-sdk/src/rp2_common/pico_stdio/stdio.c.o
 .text.stdio_out_chars_crlf
                0x10004800       0x94 CMakeFiles/piccolo_os_demo.dir/Users/ab25cq/pico-sdk/src/rp2_common/pico_stdio/stdio.c.o
 .text.stdio_buffered_printer
                0x10004894       0x64 CMakeFiles/piccolo_os_demo.dir/Users/ab25cq/pico-sdk/src/rp2_common/pico_stdio/stdio.c.o
 .text.stdio_put_string
                0x100048f8      0x100 CMakeFiles/piccolo_os_demo.dir/Users/ab25cq/pico-sdk/src/rp2_common/pico_stdio/stdio.c.o
                0x100048f8                stdio_put_string
 .text.stdio_set_driver_enabled
                0x100049f8       0x30 CMakeFiles/piccolo_os_demo.dir/Users/ab25cq/pico-sdk/src/rp2_common/pico_stdio/stdio.c.o
                0x100049f8                stdio_set_driver_enabled
 .text.stdio_init_all
                0x10004a28        0x8 CMakeFiles/piccolo_os_demo.dir/Users/ab25cq/pico-sdk/src/rp2_common/pico_stdio/stdio.c.o
                0x10004a28                stdio_init_all
 .text.__wrap_putchar
                0x10004a30       0x98 CMakeFiles/piccolo_os_demo.dir/Users/ab25cq/pico-sdk/src/rp2_common/pico_stdio/stdio.c.o
                0x10004a30                stdio_putchar
                0x10004a30                __wrap_putchar
 .text.__wrap_puts
                0x10004ac8       0x3c CMakeFiles/piccolo_os_demo.dir/Users/ab25cq/pico-sdk/src/rp2_common/pico_stdio/stdio.c.o
                0x10004ac8                __wrap_puts
                0x10004ac8                stdio_puts
 .text.__wrap_vprintf
                0x10004b04       0xd4 CMakeFiles/piccolo_os_demo.dir/Users/ab25cq/pico-sdk/src/rp2_common/pico_stdio/stdio.c.o
                0x10004b04                __wrap_vprintf
                0x10004b04                stdio_vprintf
 .text.__wrap_printf
                0x10004bd8       0x18 CMakeFiles/piccolo_os_demo.dir/Users/ab25cq/pico-sdk/src/rp2_common/pico_stdio/stdio.c.o
                0x10004bd8                stdio_printf
                0x10004bd8                __wrap_printf
 .text.resetd_init
                0x10004bf0        0x4 CMakeFiles/piccolo_os_demo.dir/Users/ab25cq/pico-sdk/src/rp2_common/pico_stdio_usb/reset_interface.c.o
 .text.resetd_reset
                0x10004bf4        0xc CMakeFiles/piccolo_os_demo.dir/Users/ab25cq/pico-sdk/src/rp2_common/pico_stdio_usb/reset_interface.c.o
 .text.resetd_open
                0x10004c00       0x28 CMakeFiles/piccolo_os_demo.dir/Users/ab25cq/pico-sdk/src/rp2_common/pico_stdio_usb/reset_interface.c.o
 .text.resetd_xfer_cb
                0x10004c28        0x4 CMakeFiles/piccolo_os_demo.dir/Users/ab25cq/pico-sdk/src/rp2_common/pico_stdio_usb/reset_interface.c.o
 .text.resetd_control_xfer_cb
                0x10004c2c       0x5c CMakeFiles/piccolo_os_demo.dir/Users/ab25cq/pico-sdk/src/rp2_common/pico_stdio_usb/reset_interface.c.o
 .text.tud_descriptor_bos_cb
                0x10004c88        0x8 CMakeFiles/piccolo_os_demo.dir/Users/ab25cq/pico-sdk/src/rp2_common/pico_stdio_usb/reset_interface.c.o
                0x10004c88                tud_descriptor_bos_cb
 .text.tud_vendor_control_xfer_cb
                0x10004c90       0x34 CMakeFiles/piccolo_os_demo.dir/Users/ab25cq/pico-sdk/src/rp2_common/pico_stdio_usb/reset_interface.c.o
                0x10004c90                tud_vendor_control_xfer_cb
 .text.usbd_app_driver_get_cb
                0x10004cc4        0xc CMakeFiles/piccolo_os_demo.dir/Users/ab25cq/pico-sdk/src/rp2_common/pico_stdio_usb/reset_interface.c.o
                0x10004cc4                usbd_app_driver_get_cb
 .text.tud_cdc_line_coding_cb
                0x10004cd0       0x2c CMakeFiles/piccolo_os_demo.dir/Users/ab25cq/pico-sdk/src/rp2_common/pico_stdio_usb/reset_interface.c.o
                0x10004cd0                tud_cdc_line_coding_cb
 .text.stdio_usb_set_chars_available_callback
                0x10004cfc       0x14 CMakeFiles/piccolo_os_demo.dir/Users/ab25cq/pico-sdk/src/rp2_common/pico_stdio_usb/stdio_usb.c.o
                0x10004cfc                stdio_usb_set_chars_available_callback
 .text.usb_irq  0x10004d10       0x10 CMakeFiles/piccolo_os_demo.dir/Users/ab25cq/pico-sdk/src/rp2_common/pico_stdio_usb/stdio_usb.c.o
 .text.timer_task
                0x10004d20       0x64 CMakeFiles/piccolo_os_demo.dir/Users/ab25cq/pico-sdk/src/rp2_common/pico_stdio_usb/stdio_usb.c.o
 .text.stdio_usb_in_chars
                0x10004d84       0x90 CMakeFiles/piccolo_os_demo.dir/Users/ab25cq/pico-sdk/src/rp2_common/pico_stdio_usb/stdio_usb.c.o
                0x10004d84                stdio_usb_in_chars
 .text.stdio_usb_out_flush
                0x10004e14       0x50 CMakeFiles/piccolo_os_demo.dir/Users/ab25cq/pico-sdk/src/rp2_common/pico_stdio_usb/stdio_usb.c.o
 .text.stdio_usb_out_chars
                0x10004e64      0x104 CMakeFiles/piccolo_os_demo.dir/Users/ab25cq/pico-sdk/src/rp2_common/pico_stdio_usb/stdio_usb.c.o
 .text.low_priority_worker_irq
                0x10004f68       0xcc CMakeFiles/piccolo_os_demo.dir/Users/ab25cq/pico-sdk/src/rp2_common/pico_stdio_usb/stdio_usb.c.o
 .text.stdio_usb_init
                0x10005034       0xe8 CMakeFiles/piccolo_os_demo.dir/Users/ab25cq/pico-sdk/src/rp2_common/pico_stdio_usb/stdio_usb.c.o
                0x10005034                stdio_usb_init
 .text.tud_descriptor_device_cb
                0x1000511c        0x8 CMakeFiles/piccolo_os_demo.dir/Users/ab25cq/pico-sdk/src/rp2_common/pico_stdio_usb/stdio_usb_descriptors.c.o
                0x1000511c                tud_descriptor_device_cb
 .text.tud_descriptor_configuration_cb
                0x10005124        0x8 CMakeFiles/piccolo_os_demo.dir/Users/ab25cq/pico-sdk/src/rp2_common/pico_stdio_usb/stdio_usb_descriptors.c.o
                0x10005124                tud_descriptor_configuration_cb
 .text.tud_descriptor_string_cb
                0x1000512c       0x78 CMakeFiles/piccolo_os_demo.dir/Users/ab25cq/pico-sdk/src/rp2_common/pico_stdio_usb/stdio_usb_descriptors.c.o
                0x1000512c                tud_descriptor_string_cb
 .text.startup._retrieve_unique_id_on_boot
                0x100051a4       0x10 CMakeFiles/piccolo_os_demo.dir/Users/ab25cq/pico-sdk/src/rp2_common/pico_unique_id/unique_id.c.o
 .text.pico_get_unique_board_id_string
                0x100051b4      0x1a8 CMakeFiles/piccolo_os_demo.dir/Users/ab25cq/pico-sdk/src/rp2_common/pico_unique_id/unique_id.c.o
                0x100051b4                pico_get_unique_board_id_string
 .text.flash_get_unique_id
                0x1000535c       0x3c CMakeFiles/piccolo_os_demo.dir/Users/ab25cq/pico-sdk/src/rp2_common/hardware_flash/flash.c.o
                0x1000535c                flash_get_unique_id
 .text.dcd_init
                0x10005398       0x8c CMakeFiles/piccolo_os_demo.dir/Users/ab25cq/pico-sdk/lib/tinyusb/src/portable/raspberrypi/rp2040/dcd_rp2040.c.o
                0x10005398                dcd_init
 .text.dcd_int_enable
                0x10005424        0xc CMakeFiles/piccolo_os_demo.dir/Users/ab25cq/pico-sdk/lib/tinyusb/src/portable/raspberrypi/rp2040/dcd_rp2040.c.o
                0x10005424                dcd_int_enable
 .text.dcd_set_address
                0x10005430       0x14 CMakeFiles/piccolo_os_demo.dir/Users/ab25cq/pico-sdk/lib/tinyusb/src/portable/raspberrypi/rp2040/dcd_rp2040.c.o
                0x10005430                dcd_set_address
 .text.dcd_sof_enable
                0x10005444       0x1c CMakeFiles/piccolo_os_demo.dir/Users/ab25cq/pico-sdk/lib/tinyusb/src/portable/raspberrypi/rp2040/dcd_rp2040.c.o
                0x10005444                dcd_sof_enable
 .text.dcd_edpt0_status_complete
                0x10005460       0x1c CMakeFiles/piccolo_os_demo.dir/Users/ab25cq/pico-sdk/lib/tinyusb/src/portable/raspberrypi/rp2040/dcd_rp2040.c.o
                0x10005460                dcd_edpt0_status_complete
 .text.dcd_edpt_open
                0x1000547c      0x108 CMakeFiles/piccolo_os_demo.dir/Users/ab25cq/pico-sdk/lib/tinyusb/src/portable/raspberrypi/rp2040/dcd_rp2040.c.o
                0x1000547c                dcd_edpt_open
 .text.dcd_edpt_close_all
                0x10005584        0x8 CMakeFiles/piccolo_os_demo.dir/Users/ab25cq/pico-sdk/lib/tinyusb/src/portable/raspberrypi/rp2040/dcd_rp2040.c.o
                0x10005584                dcd_edpt_close_all
 .text.dcd_edpt_xfer
                0x1000558c       0x24 CMakeFiles/piccolo_os_demo.dir/Users/ab25cq/pico-sdk/lib/tinyusb/src/portable/raspberrypi/rp2040/dcd_rp2040.c.o
                0x1000558c                dcd_edpt_xfer
 .text.dcd_edpt_stall
                0x100055b0       0x34 CMakeFiles/piccolo_os_demo.dir/Users/ab25cq/pico-sdk/lib/tinyusb/src/portable/raspberrypi/rp2040/dcd_rp2040.c.o
                0x100055b0                dcd_edpt_stall
 .text.dcd_edpt_clear_stall
                0x100055e4       0x30 CMakeFiles/piccolo_os_demo.dir/Users/ab25cq/pico-sdk/lib/tinyusb/src/portable/raspberrypi/rp2040/dcd_rp2040.c.o
                0x100055e4                dcd_edpt_clear_stall
 .text.rp2040_usb_init
                0x10005614       0x40 CMakeFiles/piccolo_os_demo.dir/Users/ab25cq/pico-sdk/lib/tinyusb/src/portable/raspberrypi/rp2040/rp2040_usb.c.o
                0x10005614                rp2040_usb_init
 .text.hw_endpoint_xfer_start
                0x10005654       0x40 CMakeFiles/piccolo_os_demo.dir/Users/ab25cq/pico-sdk/lib/tinyusb/src/portable/raspberrypi/rp2040/rp2040_usb.c.o
                0x10005654                hw_endpoint_xfer_start
 .text.tud_event_hook_cb
                0x10005694        0x4 CMakeFiles/piccolo_os_demo.dir/Users/ab25cq/pico-sdk/lib/tinyusb/src/device/usbd.c.o
                0x10005694                tud_event_hook_cb
 .text.tud_sof_cb
                0x10005698        0x4 CMakeFiles/piccolo_os_demo.dir/Users/ab25cq/pico-sdk/lib/tinyusb/src/device/usbd.c.o
                0x10005698                tud_sof_cb
 .text.tud_descriptor_device_qualifier_cb
                0x1000569c        0x4 CMakeFiles/piccolo_os_demo.dir/Users/ab25cq/pico-sdk/lib/tinyusb/src/device/usbd.c.o
                0x1000569c                tud_descriptor_device_qualifier_cb
 .text.tud_descriptor_other_speed_configuration_cb
                0x100056a0        0x4 CMakeFiles/piccolo_os_demo.dir/Users/ab25cq/pico-sdk/lib/tinyusb/src/device/usbd.c.o
                0x100056a0                tud_descriptor_other_speed_configuration_cb
 .text.tud_mount_cb
                0x100056a4        0x4 CMakeFiles/piccolo_os_demo.dir/Users/ab25cq/pico-sdk/lib/tinyusb/src/device/usbd.c.o
                0x100056a4                tud_mount_cb
 .text.tud_umount_cb
                0x100056a8        0x4 CMakeFiles/piccolo_os_demo.dir/Users/ab25cq/pico-sdk/lib/tinyusb/src/device/usbd.c.o
                0x100056a8                tud_umount_cb
 .text.tud_suspend_cb
                0x100056ac        0x4 CMakeFiles/piccolo_os_demo.dir/Users/ab25cq/pico-sdk/lib/tinyusb/src/device/usbd.c.o
                0x100056ac                tud_suspend_cb
 .text.tud_resume_cb
                0x100056b0        0x4 CMakeFiles/piccolo_os_demo.dir/Users/ab25cq/pico-sdk/lib/tinyusb/src/device/usbd.c.o
                0x100056b0                tud_resume_cb
 .text.tud_mounted
                0x100056b4       0x10 CMakeFiles/piccolo_os_demo.dir/Users/ab25cq/pico-sdk/lib/tinyusb/src/device/usbd.c.o
                0x100056b4                tud_mounted
 .text.tud_suspended
                0x100056c4       0x10 CMakeFiles/piccolo_os_demo.dir/Users/ab25cq/pico-sdk/lib/tinyusb/src/device/usbd.c.o
                0x100056c4                tud_suspended
 .text.tud_init
                0x100056d4       0xe4 CMakeFiles/piccolo_os_demo.dir/Users/ab25cq/pico-sdk/lib/tinyusb/src/device/usbd.c.o
                0x100056d4                tud_init
 .text.tud_task_ext
                0x100057b8      0x800 CMakeFiles/piccolo_os_demo.dir/Users/ab25cq/pico-sdk/lib/tinyusb/src/device/usbd.c.o
                0x100057b8                tud_task_ext
 .text.usbd_open_edpt_pair
                0x10005fb8       0x9c CMakeFiles/piccolo_os_demo.dir/Users/ab25cq/pico-sdk/lib/tinyusb/src/device/usbd.c.o
                0x10005fb8                usbd_open_edpt_pair
 .text.usbd_edpt_open
                0x10006054       0x34 CMakeFiles/piccolo_os_demo.dir/Users/ab25cq/pico-sdk/lib/tinyusb/src/device/usbd.c.o
                0x10006054                usbd_edpt_open
 .text.usbd_edpt_claim
                0x10006088       0x28 CMakeFiles/piccolo_os_demo.dir/Users/ab25cq/pico-sdk/lib/tinyusb/src/device/usbd.c.o
                0x10006088                usbd_edpt_claim
 .text.usbd_edpt_release
                0x100060b0       0x28 CMakeFiles/piccolo_os_demo.dir/Users/ab25cq/pico-sdk/lib/tinyusb/src/device/usbd.c.o
                0x100060b0                usbd_edpt_release
 .text.usbd_edpt_xfer
                0x100060d8       0x4c CMakeFiles/piccolo_os_demo.dir/Users/ab25cq/pico-sdk/lib/tinyusb/src/device/usbd.c.o
                0x100060d8                usbd_edpt_xfer
 .text.tud_control_status
                0x10006124       0x2c CMakeFiles/piccolo_os_demo.dir/Users/ab25cq/pico-sdk/lib/tinyusb/src/device/usbd_control.c.o
                0x10006124                tud_control_status
 .text.tud_control_xfer
                0x10006150       0xac CMakeFiles/piccolo_os_demo.dir/Users/ab25cq/pico-sdk/lib/tinyusb/src/device/usbd_control.c.o
                0x10006150                tud_control_xfer
 .text.usbd_control_reset
                0x100061fc       0x14 CMakeFiles/piccolo_os_demo.dir/Users/ab25cq/pico-sdk/lib/tinyusb/src/device/usbd_control.c.o
                0x100061fc                usbd_control_reset
 .text.usbd_control_set_complete_callback
                0x10006210        0xc CMakeFiles/piccolo_os_demo.dir/Users/ab25cq/pico-sdk/lib/tinyusb/src/device/usbd_control.c.o
                0x10006210                usbd_control_set_complete_callback
 .text.usbd_control_set_request
                0x1000621c       0x1c CMakeFiles/piccolo_os_demo.dir/Users/ab25cq/pico-sdk/lib/tinyusb/src/device/usbd_control.c.o
                0x1000621c                usbd_control_set_request
 .text.usbd_control_xfer_cb
                0x10006238       0xec CMakeFiles/piccolo_os_demo.dir/Users/ab25cq/pico-sdk/lib/tinyusb/src/device/usbd_control.c.o
                0x10006238                usbd_control_xfer_cb
 .text._prep_out_transaction.isra.0
                0x10006324       0x5c CMakeFiles/piccolo_os_demo.dir/Users/ab25cq/pico-sdk/lib/tinyusb/src/class/cdc/cdc_device.c.o
 .text.tud_cdc_n_connected
                0x10006380       0x30 CMakeFiles/piccolo_os_demo.dir/Users/ab25cq/pico-sdk/lib/tinyusb/src/class/cdc/cdc_device.c.o
                0x10006380                tud_cdc_n_connected
 .text.tud_cdc_n_available
                0x100063b0       0x18 CMakeFiles/piccolo_os_demo.dir/Users/ab25cq/pico-sdk/lib/tinyusb/src/class/cdc/cdc_device.c.o
                0x100063b0                tud_cdc_n_available
 .text.tud_cdc_n_read
                0x100063c8       0x98 CMakeFiles/piccolo_os_demo.dir/Users/ab25cq/pico-sdk/lib/tinyusb/src/class/cdc/cdc_device.c.o
                0x100063c8                tud_cdc_n_read
 .text.tud_cdc_n_write_flush
                0x10006460       0x78 CMakeFiles/piccolo_os_demo.dir/Users/ab25cq/pico-sdk/lib/tinyusb/src/class/cdc/cdc_device.c.o
                0x10006460                tud_cdc_n_write_flush
 .text.tud_cdc_n_write
                0x100064d8       0x40 CMakeFiles/piccolo_os_demo.dir/Users/ab25cq/pico-sdk/lib/tinyusb/src/class/cdc/cdc_device.c.o
                0x100064d8                tud_cdc_n_write
 .text.tud_cdc_n_write_available
                0x10006518       0x18 CMakeFiles/piccolo_os_demo.dir/Users/ab25cq/pico-sdk/lib/tinyusb/src/class/cdc/cdc_device.c.o
                0x10006518                tud_cdc_n_write_available
 .text.cdcd_init
                0x10006530       0x7c CMakeFiles/piccolo_os_demo.dir/Users/ab25cq/pico-sdk/lib/tinyusb/src/class/cdc/cdc_device.c.o
                0x10006530                cdcd_init
 .text.cdcd_deinit
                0x100065ac       0x34 CMakeFiles/piccolo_os_demo.dir/Users/ab25cq/pico-sdk/lib/tinyusb/src/class/cdc/cdc_device.c.o
                0x100065ac                cdcd_deinit
 .text.cdcd_reset
                0x100065e0       0x4c CMakeFiles/piccolo_os_demo.dir/Users/ab25cq/pico-sdk/lib/tinyusb/src/class/cdc/cdc_device.c.o
                0x100065e0                cdcd_reset
 .text.cdcd_open
                0x1000662c       0xb0 CMakeFiles/piccolo_os_demo.dir/Users/ab25cq/pico-sdk/lib/tinyusb/src/class/cdc/cdc_device.c.o
                0x1000662c                cdcd_open
 .text.cdcd_control_xfer_cb
                0x100066dc       0xe4 CMakeFiles/piccolo_os_demo.dir/Users/ab25cq/pico-sdk/lib/tinyusb/src/class/cdc/cdc_device.c.o
                0x100066dc                cdcd_control_xfer_cb
 .text.cdcd_xfer_cb
                0x100067c0      0x100 CMakeFiles/piccolo_os_demo.dir/Users/ab25cq/pico-sdk/lib/tinyusb/src/class/cdc/cdc_device.c.o
                0x100067c0                cdcd_xfer_cb
 .text.vendord_init
                0x100068c0       0x5c CMakeFiles/piccolo_os_demo.dir/Users/ab25cq/pico-sdk/lib/tinyusb/src/class/vendor/vendor_device.c.o
                0x100068c0                vendord_init
 .text.vendord_deinit
                0x1000691c       0x1c CMakeFiles/piccolo_os_demo.dir/Users/ab25cq/pico-sdk/lib/tinyusb/src/class/vendor/vendor_device.c.o
                0x1000691c                vendord_deinit
 .text.vendord_reset
                0x10006938       0x20 CMakeFiles/piccolo_os_demo.dir/Users/ab25cq/pico-sdk/lib/tinyusb/src/class/vendor/vendor_device.c.o
                0x10006938                vendord_reset
 .text.vendord_open
                0x10006958      0x138 CMakeFiles/piccolo_os_demo.dir/Users/ab25cq/pico-sdk/lib/tinyusb/src/class/vendor/vendor_device.c.o
                0x10006958                vendord_open
 .text.vendord_xfer_cb
                0x10006a90       0x9c CMakeFiles/piccolo_os_demo.dir/Users/ab25cq/pico-sdk/lib/tinyusb/src/class/vendor/vendor_device.c.o
                0x10006a90                vendord_xfer_cb
 .text.tusb_init
                0x10006b2c        0xc CMakeFiles/piccolo_os_demo.dir/Users/ab25cq/pico-sdk/lib/tinyusb/src/tusb.c.o
                0x10006b2c                tusb_init
 .text.tu_edpt_claim
                0x10006b38       0x50 CMakeFiles/piccolo_os_demo.dir/Users/ab25cq/pico-sdk/lib/tinyusb/src/tusb.c.o
                0x10006b38                tu_edpt_claim
 .text.tu_edpt_release
                0x10006b88       0x38 CMakeFiles/piccolo_os_demo.dir/Users/ab25cq/pico-sdk/lib/tinyusb/src/tusb.c.o
                0x10006b88                tu_edpt_release
 .text.tu_edpt_validate
                0x10006bc0       0x7c CMakeFiles/piccolo_os_demo.dir/Users/ab25cq/pico-sdk/lib/tinyusb/src/tusb.c.o
                0x10006bc0                tu_edpt_validate
 .text.tu_edpt_bind_driver
                0x10006c3c       0x34 CMakeFiles/piccolo_os_demo.dir/Users/ab25cq/pico-sdk/lib/tinyusb/src/tusb.c.o
                0x10006c3c                tu_edpt_bind_driver
 .text.tu_edpt_stream_init
                0x10006c70       0x6c CMakeFiles/piccolo_os_demo.dir/Users/ab25cq/pico-sdk/lib/tinyusb/src/tusb.c.o
                0x10006c70                tu_edpt_stream_init
 .text.tu_edpt_stream_deinit
                0x10006cdc        0x4 CMakeFiles/piccolo_os_demo.dir/Users/ab25cq/pico-sdk/lib/tinyusb/src/tusb.c.o
                0x10006cdc                tu_edpt_stream_deinit
 .text.tu_edpt_stream_write_zlp_if_needed
                0x10006ce0       0x68 CMakeFiles/piccolo_os_demo.dir/Users/ab25cq/pico-sdk/lib/tinyusb/src/tusb.c.o
                0x10006ce0                tu_edpt_stream_write_zlp_if_needed
 .text.tu_edpt_stream_write_xfer
                0x10006d48       0x64 CMakeFiles/piccolo_os_demo.dir/Users/ab25cq/pico-sdk/lib/tinyusb/src/tusb.c.o
                0x10006d48                tu_edpt_stream_write_xfer
 .text.tu_edpt_stream_read_xfer
                0x10006dac       0xdc CMakeFiles/piccolo_os_demo.dir/Users/ab25cq/pico-sdk/lib/tinyusb/src/tusb.c.o
                0x10006dac                tu_edpt_stream_read_xfer
 .text.tu_fifo_config
                0x10006e88       0x6c CMakeFiles/piccolo_os_demo.dir/Users/ab25cq/pico-sdk/lib/tinyusb/src/common/tusb_fifo.c.o
                0x10006e88                tu_fifo_config
 .text.tu_fifo_count
                0x10006ef4       0x2c CMakeFiles/piccolo_os_demo.dir/Users/ab25cq/pico-sdk/lib/tinyusb/src/common/tusb_fifo.c.o
                0x10006ef4                tu_fifo_count
 .text.tu_fifo_empty
                0x10006f20       0x10 CMakeFiles/piccolo_os_demo.dir/Users/ab25cq/pico-sdk/lib/tinyusb/src/common/tusb_fifo.c.o
                0x10006f20                tu_fifo_empty
 .text.tu_fifo_remaining
                0x10006f30       0x2c CMakeFiles/piccolo_os_demo.dir/Users/ab25cq/pico-sdk/lib/tinyusb/src/common/tusb_fifo.c.o
                0x10006f30                tu_fifo_remaining
 .text.tu_fifo_read
                0x10006f5c       0x9c CMakeFiles/piccolo_os_demo.dir/Users/ab25cq/pico-sdk/lib/tinyusb/src/common/tusb_fifo.c.o
                0x10006f5c                tu_fifo_read
 .text.tu_fifo_read_n
                0x10006ff8       0xe8 CMakeFiles/piccolo_os_demo.dir/Users/ab25cq/pico-sdk/lib/tinyusb/src/common/tusb_fifo.c.o
                0x10006ff8                tu_fifo_read_n
 .text.tu_fifo_write
                0x100070e0       0xa8 CMakeFiles/piccolo_os_demo.dir/Users/ab25cq/pico-sdk/lib/tinyusb/src/common/tusb_fifo.c.o
                0x100070e0                tu_fifo_write
 .text.tu_fifo_write_n
                0x10007188      0x178 CMakeFiles/piccolo_os_demo.dir/Users/ab25cq/pico-sdk/lib/tinyusb/src/common/tusb_fifo.c.o
                0x10007188                tu_fifo_write_n
 .text.tu_fifo_clear
                0x10007300       0x40 CMakeFiles/piccolo_os_demo.dir/Users/ab25cq/pico-sdk/lib/tinyusb/src/common/tusb_fifo.c.o
                0x10007300                tu_fifo_clear
 .text.tu_fifo_set_overwritable
                0x10007340       0x48 CMakeFiles/piccolo_os_demo.dir/Users/ab25cq/pico-sdk/lib/tinyusb/src/common/tusb_fifo.c.o
                0x10007340                tu_fifo_set_overwritable
 .text.calloc   0x10007388       0x18 /Applications/ArmGNUToolchain/13.3.rel1/arm-none-eabi/bin/../lib/gcc/arm-none-eabi/13.3.1/../../../../arm-none-eabi/lib/thumb/v6-m/nofp/libg.a(libc_a-calloc.o)
                0x10007388                calloc
 .text._calloc_r
                0x100073a0       0xa8 /Applications/ArmGNUToolchain/13.3.rel1/arm-none-eabi/bin/../lib/gcc/arm-none-eabi/13.3.1/../../../../arm-none-eabi/lib/thumb/v6-m/nofp/libg.a(libc_a-callocr.o)
                0x100073a0                _calloc_r
 .text.free     0x10007448       0x14 /Applications/ArmGNUToolchain/13.3.rel1/arm-none-eabi/bin/../lib/gcc/arm-none-eabi/13.3.1/../../../../arm-none-eabi/lib/thumb/v6-m/nofp/libg.a(libc_a-malloc.o)
                0x10007448                free
 .text._malloc_r
                0x1000745c      0x5c4 /Applications/ArmGNUToolchain/13.3.rel1/arm-none-eabi/bin/../lib/gcc/arm-none-eabi/13.3.1/../../../../arm-none-eabi/lib/thumb/v6-m/nofp/libg.a(libc_a-mallocr.o)
                0x1000745c                _malloc_r
 .text.__malloc_lock
                0x10007a20       0x10 /Applications/ArmGNUToolchain/13.3.rel1/arm-none-eabi/bin/../lib/gcc/arm-none-eabi/13.3.1/../../../../arm-none-eabi/lib/thumb/v6-m/nofp/libg.a(libc_a-mlock.o)
                0x10007a20                __malloc_lock
 .text.__malloc_unlock
                0x10007a30       0x10 /Applications/ArmGNUToolchain/13.3.rel1/arm-none-eabi/bin/../lib/gcc/arm-none-eabi/13.3.1/../../../../arm-none-eabi/lib/thumb/v6-m/nofp/libg.a(libc_a-mlock.o)
                0x10007a30                __malloc_unlock
 .text.strdup   0x10007a40       0x14 /Applications/ArmGNUToolchain/13.3.rel1/arm-none-eabi/bin/../lib/gcc/arm-none-eabi/13.3.1/../../../../arm-none-eabi/lib/thumb/v6-m/nofp/libg.a(libc_a-strdup.o)
                0x10007a40                strdup
 .text._strdup_r
                0x10007a54       0x28 /Applications/ArmGNUToolchain/13.3.rel1/arm-none-eabi/bin/../lib/gcc/arm-none-eabi/13.3.1/../../../../arm-none-eabi/lib/thumb/v6-m/nofp/libg.a(libc_a-strdup_r.o)
                0x10007a54                _strdup_r
 .text._sbrk_r  0x10007a7c       0x24 /Applications/ArmGNUToolchain/13.3.rel1/arm-none-eabi/bin/../lib/gcc/arm-none-eabi/13.3.1/../../../../arm-none-eabi/lib/thumb/v6-m/nofp/libg.a(libc_a-sbrkr.o)
                0x10007a7c                _sbrk_r
 .text.__errno  0x10007aa0        0xc /Applications/ArmGNUToolchain/13.3.rel1/arm-none-eabi/bin/../lib/gcc/arm-none-eabi/13.3.1/../../../../arm-none-eabi/lib/thumb/v6-m/nofp/libg.a(libc_a-errno.o)
                0x10007aa0                __errno
 .text.sysconf  0x10007aac       0x1c /Applications/ArmGNUToolchain/13.3.rel1/arm-none-eabi/bin/../lib/gcc/arm-none-eabi/13.3.1/../../../../arm-none-eabi/lib/thumb/v6-m/nofp/libg.a(libc_a-sysconf.o)
                0x10007aac                sysconf
 .text.__retarget_lock_acquire_recursive
                0x10007ac8        0x4 /Applications/ArmGNUToolchain/13.3.rel1/arm-none-eabi/bin/../lib/gcc/arm-none-eabi/13.3.1/../../../../arm-none-eabi/lib/thumb/v6-m/nofp/libg.a(libc_a-lock.o)
                0x10007ac8                __retarget_lock_acquire_recursive
 .text.__retarget_lock_release_recursive
                0x10007acc        0x4 /Applications/ArmGNUToolchain/13.3.rel1/arm-none-eabi/bin/../lib/gcc/arm-none-eabi/13.3.1/../../../../arm-none-eabi/lib/thumb/v6-m/nofp/libg.a(libc_a-lock.o)
                0x10007acc                __retarget_lock_release_recursive
 .text.strlen   0x10007ad0       0x5c /Applications/ArmGNUToolchain/13.3.rel1/arm-none-eabi/bin/../lib/gcc/arm-none-eabi/13.3.1/../../../../arm-none-eabi/lib/thumb/v6-m/nofp/libg.a(libc_a-strlen-stub.o)
                0x10007ad0                strlen
 .text._malloc_trim_r
                0x10007b2c       0xb4 /Applications/ArmGNUToolchain/13.3.rel1/arm-none-eabi/bin/../lib/gcc/arm-none-eabi/13.3.1/../../../../arm-none-eabi/lib/thumb/v6-m/nofp/libg.a(libc_a-freer.o)
                0x10007b2c                _malloc_trim_r
 .text._free_r  0x10007be0      0x1d4 /Applications/ArmGNUToolchain/13.3.rel1/arm-none-eabi/bin/../lib/gcc/arm-none-eabi/13.3.1/../../../../arm-none-eabi/lib/thumb/v6-m/nofp/libg.a(libc_a-freer.o)
                0x10007be0                _free_r
 *(.fini)
 .fini          0x10007db4        0x4 /Applications/ArmGNUToolchain/13.3.rel1/arm-none-eabi/bin/../lib/gcc/arm-none-eabi/13.3.1/thumb/v6-m/nofp/crti.o
                0x10007db4                _fini
 .fini.__stub   0x10007db8       0xc0 linker stubs
 *crtbegin.o(.ctors)
 *crtbegin?.o(.ctors)
 *(EXCLUDE_FILE(*crtend.o *crtend?.o) .ctors)
 *(SORT_BY_NAME(.ctors.*))
 *(.ctors)
 *crtbegin.o(.dtors)
 *crtbegin?.o(.dtors)
 *(EXCLUDE_FILE(*crtend.o *crtend?.o) .dtors)
 *(SORT_BY_NAME(.dtors.*))
 *(.dtors)
                0x10007e78                        . = ALIGN (0x4)
                0x10007e78                        PROVIDE (__preinit_array_start = .)
 *(SORT_BY_NAME(.preinit_array.*))
 .preinit_array.00100
                0x10007e78        0x4 CMakeFiles/piccolo_os_demo.dir/Users/ab25cq/pico-sdk/src/rp2_common/pico_runtime_init/runtime_init.c.o
                0x10007e78                __pre_init_runtime_init_early_resets
 .preinit_array.00101
                0x10007e7c        0x4 CMakeFiles/piccolo_os_demo.dir/Users/ab25cq/pico-sdk/src/rp2_common/pico_runtime_init/runtime_init.c.o
                0x10007e7c                __pre_init_runtime_init_usb_power_down
 .preinit_array.00275
                0x10007e80        0x4 CMakeFiles/piccolo_os_demo.dir/Users/ab25cq/pico-sdk/src/rp2_common/pico_bit_ops/bit_ops_aeabi.S.o
 .preinit_array.00300
                0x10007e84        0x4 CMakeFiles/piccolo_os_demo.dir/Users/ab25cq/pico-sdk/src/rp2_common/pico_mem_ops/mem_ops_aeabi.S.o
 .preinit_array.00350
                0x10007e88        0x4 CMakeFiles/piccolo_os_demo.dir/Users/ab25cq/pico-sdk/src/rp2_common/pico_double/double_aeabi_rp2040.S.o
 .preinit_array.00350
                0x10007e8c        0x4 CMakeFiles/piccolo_os_demo.dir/Users/ab25cq/pico-sdk/src/rp2_common/pico_float/float_aeabi_rp2040.S.o
 .preinit_array.00500
                0x10007e90        0x4 CMakeFiles/piccolo_os_demo.dir/Users/ab25cq/pico-sdk/src/rp2_common/pico_runtime_init/runtime_init.c.o
                0x10007e90                __pre_init_runtime_init_clocks
 .preinit_array.00600
                0x10007e94        0x4 CMakeFiles/piccolo_os_demo.dir/Users/ab25cq/pico-sdk/src/rp2_common/pico_runtime_init/runtime_init.c.o
                0x10007e94                __pre_init_runtime_init_post_clock_resets
 .preinit_array.00700
                0x10007e98        0x4 CMakeFiles/piccolo_os_demo.dir/Users/ab25cq/pico-sdk/src/rp2_common/pico_runtime_init/runtime_init.c.o
                0x10007e98                __pre_init_runtime_init_rp2040_gpio_ie_disable
 .preinit_array.01000
                0x10007e9c        0x4 CMakeFiles/piccolo_os_demo.dir/Users/ab25cq/pico-sdk/src/rp2_common/pico_runtime_init/runtime_init.c.o
                0x10007e9c                __pre_init_runtime_init_spin_locks_reset
 .preinit_array.01100
                0x10007ea0        0x4 CMakeFiles/piccolo_os_demo.dir/Users/ab25cq/pico-sdk/src/common/pico_sync/mutex.c.o
                0x10007ea0                __pre_init_runtime_init_mutex
 .preinit_array.10080
                0x10007ea4        0x4 CMakeFiles/piccolo_os_demo.dir/Users/ab25cq/pico-sdk/src/rp2_common/pico_runtime_init/runtime_init.c.o
                0x10007ea4                __pre_init_runtime_init_install_ram_vector_table
 .preinit_array.11000
                0x10007ea8        0x4 CMakeFiles/piccolo_os_demo.dir/Users/ab25cq/pico-sdk/src/common/pico_time/time.c.o
                0x10007ea8                __pre_init_runtime_init_default_alarm_pool
 .preinit_array.YYYYY
                0x10007eac        0x4 CMakeFiles/piccolo_os_demo.dir/Users/ab25cq/pico-sdk/src/rp2_common/pico_runtime/runtime.c.o
                0x10007eac                __pre_init_first_per_core_initializer
 .preinit_array.ZZZZZ.01200
                0x10007eb0        0x4 CMakeFiles/piccolo_os_demo.dir/Users/ab25cq/pico-sdk/src/rp2_common/hardware_irq/irq.c.o
                0x10007eb0                __pre_init_runtime_init_per_core_irq_priorities
 *(.preinit_array)
                0x10007eb4                        PROVIDE (__preinit_array_end = .)
                0x10007eb4                        . = ALIGN (0x4)
                0x10007eb4                        PROVIDE (__init_array_start = .)
 *(SORT_BY_NAME(.init_array.*))
 *(.init_array)
 .init_array    0x10007eb4        0x4 /Applications/ArmGNUToolchain/13.3.rel1/arm-none-eabi/bin/../lib/gcc/arm-none-eabi/13.3.1/thumb/v6-m/nofp/crtbegin.o
 .init_array    0x10007eb8        0x4 CMakeFiles/piccolo_os_demo.dir/Users/ab25cq/pico-sdk/src/rp2_common/pico_unique_id/unique_id.c.o
                0x10007ebc                        PROVIDE (__init_array_end = .)
                0x10007ebc                        . = ALIGN (0x4)
                [!provide]                        PROVIDE (__fini_array_start = .)
 *(SORT_BY_NAME(.fini_array.*))
 *(.fini_array)
                [!provide]                        PROVIDE (__fini_array_end = .)
 *(.eh_frame*)
 .eh_frame      0x10007ebc        0x0 /Applications/ArmGNUToolchain/13.3.rel1/arm-none-eabi/bin/../lib/gcc/arm-none-eabi/13.3.1/thumb/v6-m/nofp/crtbegin.o
                0x10007ebc                        . = ALIGN (0x4)

.glue_7         0x10007ebc        0x0
 .glue_7        0x10007ebc        0x0 linker stubs

.glue_7t        0x10007ebc        0x0
 .glue_7t       0x10007ebc        0x0 linker stubs

.vfp11_veneer   0x10007ebc        0x0
 .vfp11_veneer  0x10007ebc        0x0 linker stubs

.v4_bx          0x10007ebc        0x0
 .v4_bx         0x10007ebc        0x0 linker stubs

.iplt           0x10007ebc        0x0
 .iplt          0x10007ebc        0x0 /Applications/ArmGNUToolchain/13.3.rel1/arm-none-eabi/bin/../lib/gcc/arm-none-eabi/13.3.1/thumb/v6-m/nofp/crtbegin.o

.rodata         0x10007ec0      0x6d4
 *(EXCLUDE_FILE(*libm.a: *libc.a:*lib_a-mem*.o *libgcc.a:) .rodata*)
 .rodata.come_alloc_mem_from_heap_pool.constprop.1.str1.4
                0x10007ec0      0x224 CMakeFiles/piccolo_os_demo.dir/main.c.c.o
                                 0x1e (size before relaxing)
 .rodata.task3_func.str1.4
                0x100080e4       0x43 CMakeFiles/piccolo_os_demo.dir/main.c.c.o
 .rodata.task2_func.str1.4
                0x100080e4       0x1c CMakeFiles/piccolo_os_demo.dir/main.c.c.o
 .rodata.main.str1.4
                0x100080e4       0x1c CMakeFiles/piccolo_os_demo.dir/main.c.c.o
 .rodata.panic.str1.4
                0x100080e4       0x12 CMakeFiles/piccolo_os_demo.dir/Users/ab25cq/pico-sdk/src/rp2_common/pico_platform_panic/panic.c.o
 .rodata.spin_lock_claim_unused.str1.4
                0x100080e4       0x1b CMakeFiles/piccolo_os_demo.dir/Users/ab25cq/pico-sdk/src/rp2_common/hardware_sync/sync.c.o
 .rodata.user_irq_claim_unused.str1.4
                0x100080e4       0x1b CMakeFiles/piccolo_os_demo.dir/Users/ab25cq/pico-sdk/src/rp2_common/hardware_irq/irq.c.o
 .rodata.timer_hardware_alarm_claim.str1.4
                0x100080e4       0x22 CMakeFiles/piccolo_os_demo.dir/Users/ab25cq/pico-sdk/src/rp2_common/hardware_timer/timer.c.o
 .rodata.hard_assertion_failure.str1.4
                0x100080e4        0xc CMakeFiles/piccolo_os_demo.dir/Users/ab25cq/pico-sdk/src/rp2_common/pico_runtime/runtime.c.o
 .rodata.__wrap_malloc.str1.4
                0x100080e4        0xe CMakeFiles/piccolo_os_demo.dir/Users/ab25cq/pico-sdk/src/rp2_common/pico_malloc/malloc.c.o
 .rodata.str1.4
                0x100080e4       0x48 CMakeFiles/piccolo_os_demo.dir/Users/ab25cq/pico-sdk/src/rp2_common/pico_standard_binary_info/standard_binary_info.c.o
 .rodata.__bi_84
                0x100080e4        0xc CMakeFiles/piccolo_os_demo.dir/Users/ab25cq/pico-sdk/src/rp2_common/pico_standard_binary_info/standard_binary_info.c.o
 .rodata.__bi_78
                0x100080f0        0xc CMakeFiles/piccolo_os_demo.dir/Users/ab25cq/pico-sdk/src/rp2_common/pico_standard_binary_info/standard_binary_info.c.o
 .rodata.__bi_60
                0x100080fc        0xc CMakeFiles/piccolo_os_demo.dir/Users/ab25cq/pico-sdk/src/rp2_common/pico_standard_binary_info/standard_binary_info.c.o
 .rodata.__bi_54
                0x10008108        0xc CMakeFiles/piccolo_os_demo.dir/Users/ab25cq/pico-sdk/src/rp2_common/pico_standard_binary_info/standard_binary_info.c.o
 .rodata.__bi_48
                0x10008114        0xc CMakeFiles/piccolo_os_demo.dir/Users/ab25cq/pico-sdk/src/rp2_common/pico_standard_binary_info/standard_binary_info.c.o
 .rodata.__bi_42
                0x10008120        0xc CMakeFiles/piccolo_os_demo.dir/Users/ab25cq/pico-sdk/src/rp2_common/pico_standard_binary_info/standard_binary_info.c.o
 .rodata.__bi_34
                0x1000812c        0xc CMakeFiles/piccolo_os_demo.dir/Users/ab25cq/pico-sdk/src/rp2_common/pico_standard_binary_info/standard_binary_info.c.o
 .rodata.__bi_26
                0x10008138        0xc CMakeFiles/piccolo_os_demo.dir/Users/ab25cq/pico-sdk/src/rp2_common/pico_standard_binary_info/standard_binary_info.c.o
 .rodata._ftoa.str1.4
                0x10008144       0x15 CMakeFiles/piccolo_os_demo.dir/Users/ab25cq/pico-sdk/src/rp2_common/pico_printf/printf.c.o
 .rodata._vsnprintf
                0x10008144      0x19c CMakeFiles/piccolo_os_demo.dir/Users/ab25cq/pico-sdk/src/rp2_common/pico_printf/printf.c.o
 .rodata.pow10.0
                0x100082e0       0x50 CMakeFiles/piccolo_os_demo.dir/Users/ab25cq/pico-sdk/src/rp2_common/pico_printf/printf.c.o
 .rodata.crlf_str.0
                0x10008330        0x2 CMakeFiles/piccolo_os_demo.dir/Users/ab25cq/pico-sdk/src/rp2_common/pico_stdio/stdio.c.o
 *fill*         0x10008332        0x2 
 .rodata._resetd_driver
                0x10008334       0x20 CMakeFiles/piccolo_os_demo.dir/Users/ab25cq/pico-sdk/src/rp2_common/pico_stdio_usb/reset_interface.c.o
 .rodata.desc_ms_os_20
                0x10008354       0xa6 CMakeFiles/piccolo_os_demo.dir/Users/ab25cq/pico-sdk/src/rp2_common/pico_stdio_usb/reset_interface.c.o
 *fill*         0x100083fa        0x2 
 .rodata.desc_bos
                0x100083fc       0x21 CMakeFiles/piccolo_os_demo.dir/Users/ab25cq/pico-sdk/src/rp2_common/pico_stdio_usb/reset_interface.c.o
                0x100083fc                desc_bos
 .rodata.str1.4
                0x1000841d       0x13 CMakeFiles/piccolo_os_demo.dir/Users/ab25cq/pico-sdk/src/rp2_common/pico_stdio_usb/stdio_usb.c.o
 *fill*         0x1000841d        0x3 
 .rodata.__bi_197.0
                0x10008420        0xc CMakeFiles/piccolo_os_demo.dir/Users/ab25cq/pico-sdk/src/rp2_common/pico_stdio_usb/stdio_usb.c.o
 .rodata.str1.4
                0x1000842c       0x2a CMakeFiles/piccolo_os_demo.dir/Users/ab25cq/pico-sdk/src/rp2_common/pico_stdio_usb/stdio_usb_descriptors.c.o
 .rodata.usbd_desc_str
                0x1000842c       0x18 CMakeFiles/piccolo_os_demo.dir/Users/ab25cq/pico-sdk/src/rp2_common/pico_stdio_usb/stdio_usb_descriptors.c.o
 .rodata.usbd_desc_cfg
                0x10008444       0x54 CMakeFiles/piccolo_os_demo.dir/Users/ab25cq/pico-sdk/src/rp2_common/pico_stdio_usb/stdio_usb_descriptors.c.o
 .rodata.usbd_desc_device
                0x10008498       0x12 CMakeFiles/piccolo_os_demo.dir/Users/ab25cq/pico-sdk/src/rp2_common/pico_stdio_usb/stdio_usb_descriptors.c.o
 .rodata.str1.4
                0x100084aa       0x14 CMakeFiles/piccolo_os_demo.dir/Users/ab25cq/pico-sdk/lib/tinyusb/src/portable/raspberrypi/rp2040/dcd_rp2040.c.o
 .rodata.str1.4
                0x100084aa       0x48 CMakeFiles/piccolo_os_demo.dir/Users/ab25cq/pico-sdk/lib/tinyusb/src/portable/raspberrypi/rp2040/rp2040_usb.c.o
 *fill*         0x100084aa        0x2 
 .rodata.tud_task_ext
                0x100084ac       0x8c CMakeFiles/piccolo_os_demo.dir/Users/ab25cq/pico-sdk/lib/tinyusb/src/device/usbd.c.o
 .rodata        0x10008538       0x1c CMakeFiles/piccolo_os_demo.dir/Users/ab25cq/pico-sdk/lib/tinyusb/src/device/usbd.c.o
 .rodata._usbd_driver
                0x10008554       0x40 CMakeFiles/piccolo_os_demo.dir/Users/ab25cq/pico-sdk/lib/tinyusb/src/device/usbd.c.o
                0x10008594                        . = ALIGN (0x4)
 *(SORT_BY_ALIGNMENT(SORT_BY_NAME(.flashdata*)))
                0x10008594                        . = ALIGN (0x4)

.ARM.extab
 *(.ARM.extab* .gnu.linkonce.armextab.*)
                0x10008594                        __exidx_start = .

.ARM.exidx
 *(.ARM.exidx* .gnu.linkonce.armexidx.*)
                0x10008594                        __exidx_end = .
                0x10008594                        . = ALIGN (0x4)
                0x10008594                        __binary_info_start = .

.binary_info    0x10008594       0x24
 *(.binary_info.keep.*)
 .binary_info.keep.__bi_ptr84
                0x10008594        0x4 CMakeFiles/piccolo_os_demo.dir/Users/ab25cq/pico-sdk/src/rp2_common/pico_standard_binary_info/standard_binary_info.c.o
 .binary_info.keep.__bi_ptr78
                0x10008598        0x4 CMakeFiles/piccolo_os_demo.dir/Users/ab25cq/pico-sdk/src/rp2_common/pico_standard_binary_info/standard_binary_info.c.o
 .binary_info.keep.__bi_ptr60
                0x1000859c        0x4 CMakeFiles/piccolo_os_demo.dir/Users/ab25cq/pico-sdk/src/rp2_common/pico_standard_binary_info/standard_binary_info.c.o
 .binary_info.keep.__bi_ptr54
                0x100085a0        0x4 CMakeFiles/piccolo_os_demo.dir/Users/ab25cq/pico-sdk/src/rp2_common/pico_standard_binary_info/standard_binary_info.c.o
 .binary_info.keep.__bi_ptr48
                0x100085a4        0x4 CMakeFiles/piccolo_os_demo.dir/Users/ab25cq/pico-sdk/src/rp2_common/pico_standard_binary_info/standard_binary_info.c.o
 .binary_info.keep.__bi_ptr42
                0x100085a8        0x4 CMakeFiles/piccolo_os_demo.dir/Users/ab25cq/pico-sdk/src/rp2_common/pico_standard_binary_info/standard_binary_info.c.o
 .binary_info.keep.__bi_ptr34
                0x100085ac        0x4 CMakeFiles/piccolo_os_demo.dir/Users/ab25cq/pico-sdk/src/rp2_common/pico_standard_binary_info/standard_binary_info.c.o
 .binary_info.keep.__bi_ptr26
                0x100085b0        0x4 CMakeFiles/piccolo_os_demo.dir/Users/ab25cq/pico-sdk/src/rp2_common/pico_standard_binary_info/standard_binary_info.c.o
 *(.binary_info.*)
 .binary_info.__bi_ptr197
                0x100085b4        0x4 CMakeFiles/piccolo_os_demo.dir/Users/ab25cq/pico-sdk/src/rp2_common/pico_stdio_usb/stdio_usb.c.o
                0x100085b8                        __binary_info_end = .

.rel.dyn        0x100085b8        0x0
 .rel.iplt      0x100085b8        0x0 /Applications/ArmGNUToolchain/13.3.rel1/arm-none-eabi/bin/../lib/gcc/arm-none-eabi/13.3.1/thumb/v6-m/nofp/crtbegin.o
                0x100085b8                        . = ALIGN (0x4)

.ram_vector_table
                0x20000000       0xc0
 *(.ram_vector_table)
 .ram_vector_table
                0x20000000       0xc0 CMakeFiles/piccolo_os_demo.dir/Users/ab25cq/pico-sdk/src/rp2_common/pico_runtime_init/runtime_init.c.o
                0x20000000                ram_vector_table

.uninitialized_data
                0x200000c0        0x0
                0x200000c0                        . = ALIGN (0x4)
 *(.uninitialized_data*)

.data           0x200000c0     0x14f8 load address 0x100085b8
                0x200000c0                        __data_start__ = .
 *(vtable)
 *(.time_critical*)
 .time_critical.mutex_try_enter
                0x200000c0       0x40 CMakeFiles/piccolo_os_demo.dir/Users/ab25cq/pico-sdk/src/common/pico_sync/mutex.c.o
                0x200000c0                mutex_try_enter
 .time_critical.mutex_try_enter_block_until
                0x20000100       0x9c CMakeFiles/piccolo_os_demo.dir/Users/ab25cq/pico-sdk/src/common/pico_sync/mutex.c.o
                0x20000100                mutex_try_enter_block_until
 .time_critical.mutex_enter_timeout_ms
                0x2000019c       0x90 CMakeFiles/piccolo_os_demo.dir/Users/ab25cq/pico-sdk/src/common/pico_sync/mutex.c.o
                0x2000019c                mutex_enter_timeout_ms
 .time_critical.mutex_exit
                0x2000022c       0x28 CMakeFiles/piccolo_os_demo.dir/Users/ab25cq/pico-sdk/src/common/pico_sync/mutex.c.o
                0x2000022c                mutex_exit
 .time_critical.flash_init_boot2_copyout
                0x20000254       0x30 CMakeFiles/piccolo_os_demo.dir/Users/ab25cq/pico-sdk/src/rp2_common/hardware_flash/flash.c.o
 .time_critical.flash_enable_xip_via_boot2
                0x20000284        0xc CMakeFiles/piccolo_os_demo.dir/Users/ab25cq/pico-sdk/src/rp2_common/hardware_flash/flash.c.o
 .time_critical.flash_cs_force
                0x20000290       0x38 CMakeFiles/piccolo_os_demo.dir/Users/ab25cq/pico-sdk/src/rp2_common/hardware_flash/flash.c.o
 .time_critical.flash_do_cmd
                0x200002c8       0xc0 CMakeFiles/piccolo_os_demo.dir/Users/ab25cq/pico-sdk/src/rp2_common/hardware_flash/flash.c.o
                0x200002c8                flash_do_cmd
 .time_critical.reset_non_control_endpoints
                0x20000388       0x68 CMakeFiles/piccolo_os_demo.dir/Users/ab25cq/pico-sdk/lib/tinyusb/src/portable/raspberrypi/rp2040/dcd_rp2040.c.o
 .time_critical.hw_handle_buff_status
                0x200003f0       0xb0 CMakeFiles/piccolo_os_demo.dir/Users/ab25cq/pico-sdk/lib/tinyusb/src/portable/raspberrypi/rp2040/dcd_rp2040.c.o
 .time_critical.dcd_rp2040_irq
                0x200004a0      0x578 CMakeFiles/piccolo_os_demo.dir/Users/ab25cq/pico-sdk/lib/tinyusb/src/portable/raspberrypi/rp2040/dcd_rp2040.c.o
 .time_critical.prepare_ep_buffer
                0x20000a18       0xe0 CMakeFiles/piccolo_os_demo.dir/Users/ab25cq/pico-sdk/lib/tinyusb/src/portable/raspberrypi/rp2040/rp2040_usb.c.o
 .time_critical.sync_ep_buffer
                0x20000af8       0xa8 CMakeFiles/piccolo_os_demo.dir/Users/ab25cq/pico-sdk/lib/tinyusb/src/portable/raspberrypi/rp2040/rp2040_usb.c.o
 .time_critical._hw_endpoint_xfer_sync
                0x20000ba0       0x28 CMakeFiles/piccolo_os_demo.dir/Users/ab25cq/pico-sdk/lib/tinyusb/src/portable/raspberrypi/rp2040/rp2040_usb.c.o
 .time_critical.e15_is_bulkin_ep
                0x20000bc8       0x28 CMakeFiles/piccolo_os_demo.dir/Users/ab25cq/pico-sdk/lib/tinyusb/src/portable/raspberrypi/rp2040/rp2040_usb.c.o
 .time_critical.e15_is_critical_frame_period
                0x20000bf0       0x34 CMakeFiles/piccolo_os_demo.dir/Users/ab25cq/pico-sdk/lib/tinyusb/src/portable/raspberrypi/rp2040/rp2040_usb.c.o
 .time_critical.hw_endpoint_reset_transfer
                0x20000c24        0xc CMakeFiles/piccolo_os_demo.dir/Users/ab25cq/pico-sdk/lib/tinyusb/src/portable/raspberrypi/rp2040/rp2040_usb.c.o
                0x20000c24                hw_endpoint_reset_transfer
 .time_critical._hw_endpoint_buffer_control_update32
                0x20000c30       0x50 CMakeFiles/piccolo_os_demo.dir/Users/ab25cq/pico-sdk/lib/tinyusb/src/portable/raspberrypi/rp2040/rp2040_usb.c.o
                0x20000c30                _hw_endpoint_buffer_control_update32
 .time_critical.hw_endpoint_start_next_buffer
                0x20000c80       0x6c CMakeFiles/piccolo_os_demo.dir/Users/ab25cq/pico-sdk/lib/tinyusb/src/portable/raspberrypi/rp2040/rp2040_usb.c.o
                0x20000c80                hw_endpoint_start_next_buffer
 .time_critical.hw_endpoint_xfer_continue
                0x20000cec       0x40 CMakeFiles/piccolo_os_demo.dir/Users/ab25cq/pico-sdk/lib/tinyusb/src/portable/raspberrypi/rp2040/rp2040_usb.c.o
                0x20000cec                hw_endpoint_xfer_continue
 .time_critical.tinyusb
                0x20000d2c      0x1e4 CMakeFiles/piccolo_os_demo.dir/Users/ab25cq/pico-sdk/lib/tinyusb/src/device/usbd.c.o
                0x20000d2c                dcd_event_handler
 *(.text*)
 .text          0x20000f10        0x4 /Applications/ArmGNUToolchain/13.3.rel1/arm-none-eabi/bin/../lib/gcc/arm-none-eabi/13.3.1/thumb/v6-m/nofp/libgcc.a(_dvmd_tls.o)
                0x20000f10                __aeabi_ldiv0
                0x20000f10                __aeabi_idiv0
 *fill*         0x20000f14        0x4 
 .text.__stub   0x20000f18       0x80 linker stubs
                0x20000f98                        . = ALIGN (0x4)
 *(.rodata*)
                0x20000f98                        . = ALIGN (0x4)
 *(.data*)
 .data.striped_spin_lock_num
                0x20000f98        0x1 CMakeFiles/piccolo_os_demo.dir/Users/ab25cq/pico-sdk/src/rp2_common/hardware_sync/sync.c.o
 *fill*         0x20000f99        0x3 
 .data          0x20000f9c       0x48 CMakeFiles/piccolo_os_demo.dir/Users/ab25cq/pico-sdk/src/rp2_common/hardware_irq/irq_handler_chain.S.o
                0x20000f9c                irq_handler_chain_slots
                0x20000fcc                irq_handler_chain_first_slot
                0x20000fd6                irq_handler_chain_remove_tail
 .data.default_alarm_pool
                0x20000fe4       0x18 CMakeFiles/piccolo_os_demo.dir/Users/ab25cq/pico-sdk/src/common/pico_time/time.c.o
 *fill*         0x20000ffc        0x4 
 .data.aeabi_bits_funcs
                0x20001000       0x10 CMakeFiles/piccolo_os_demo.dir/Users/ab25cq/pico-sdk/src/rp2_common/pico_bit_ops/bit_ops_aeabi.S.o
                0x20001000                aeabi_bits_funcs
                0x20001010                aeabi_bits_funcs_end
 .data.aeabi_mem_funcs
                0x20001010       0x10 CMakeFiles/piccolo_os_demo.dir/Users/ab25cq/pico-sdk/src/rp2_common/pico_mem_ops/mem_ops_aeabi.S.o
                0x20001010                aeabi_mem_funcs
                0x20001020                aeabi_mem_funcs_end
 .data.stdio_usb
                0x20001020       0x18 CMakeFiles/piccolo_os_demo.dir/Users/ab25cq/pico-sdk/src/rp2_common/pico_stdio_usb/stdio_usb.c.o
                0x20001020                stdio_usb
 .data._usbd_qdef
                0x20001038       0x1c CMakeFiles/piccolo_os_demo.dir/Users/ab25cq/pico-sdk/lib/tinyusb/src/device/usbd.c.o
                0x20001038                _usbd_qdef
 .data._usbd_rhport
                0x20001054        0x1 CMakeFiles/piccolo_os_demo.dir/Users/ab25cq/pico-sdk/lib/tinyusb/src/device/usbd.c.o
 *fill*         0x20001055        0x3 
 .data.__malloc_sbrk_base
                0x20001058        0x4 /Applications/ArmGNUToolchain/13.3.rel1/arm-none-eabi/bin/../lib/gcc/arm-none-eabi/13.3.1/../../../../arm-none-eabi/lib/thumb/v6-m/nofp/libg.a(libc_a-mallocr.o)
                0x20001058                __malloc_sbrk_base
 .data.__malloc_trim_threshold
                0x2000105c        0x4 /Applications/ArmGNUToolchain/13.3.rel1/arm-none-eabi/bin/../lib/gcc/arm-none-eabi/13.3.1/../../../../arm-none-eabi/lib/thumb/v6-m/nofp/libg.a(libc_a-mallocr.o)
                0x2000105c                __malloc_trim_threshold
 .data.__malloc_av_
                0x20001060      0x408 /Applications/ArmGNUToolchain/13.3.rel1/arm-none-eabi/bin/../lib/gcc/arm-none-eabi/13.3.1/../../../../arm-none-eabi/lib/thumb/v6-m/nofp/libg.a(libc_a-mallocr.o)
                0x20001060                __malloc_av_
 .data._impure_ptr
                0x20001468        0x4 /Applications/ArmGNUToolchain/13.3.rel1/arm-none-eabi/bin/../lib/gcc/arm-none-eabi/13.3.1/../../../../arm-none-eabi/lib/thumb/v6-m/nofp/libg.a(libc_a-impure.o)
                0x20001468                _impure_ptr
 *fill*         0x2000146c        0x4 
 .data._impure_data
                0x20001470      0x140 /Applications/ArmGNUToolchain/13.3.rel1/arm-none-eabi/bin/../lib/gcc/arm-none-eabi/13.3.1/../../../../arm-none-eabi/lib/thumb/v6-m/nofp/libg.a(libc_a-impure.o)
                0x20001470                _impure_data
                0x200015b0                        . = ALIGN (0x4)
 *(.after_data.*)
                0x200015b0                        . = ALIGN (0x4)
                0x200015b0                        PROVIDE (__mutex_array_start = .)
 *(SORT_BY_NAME(.mutex_array.*))
 *(.mutex_array)
 .mutex_array   0x200015b0        0x8 CMakeFiles/piccolo_os_demo.dir/Users/ab25cq/pico-sdk/src/rp2_common/pico_stdio/stdio.c.o
                0x200015b8                        PROVIDE (__mutex_array_end = .)
                0x200015b8                        . = ALIGN (0x4)
 *(.jcr)
                0x200015b8                        . = ALIGN (0x4)

.tm_clone_table
                0x200015b8        0x0 load address 0x10009ab0
 .tm_clone_table
                0x200015b8        0x0 /Applications/ArmGNUToolchain/13.3.rel1/arm-none-eabi/bin/../lib/gcc/arm-none-eabi/13.3.1/thumb/v6-m/nofp/crtbegin.o
 .tm_clone_table
                0x200015b8        0x0 /Applications/ArmGNUToolchain/13.3.rel1/arm-none-eabi/bin/../lib/gcc/arm-none-eabi/13.3.1/thumb/v6-m/nofp/crtend.o

.igot.plt       0x200015b8        0x0 load address 0x10009ab0
 .igot.plt      0x200015b8        0x0 /Applications/ArmGNUToolchain/13.3.rel1/arm-none-eabi/bin/../lib/gcc/arm-none-eabi/13.3.1/thumb/v6-m/nofp/crtbegin.o

.tdata          0x200015b8        0x0 load address 0x10009ab0
                0x200015b8                        . = ALIGN (0x4)
 *(.tdata .tdata.* .gnu.linkonce.td.*)
                0x200015b8                        __tdata_end = .
                0x200015b8                        PROVIDE (__data_end__ = .)
                0x100085b8                        __etext = LOADADDR (.data)

.tbss           0x200015b8        0x0 load address 0x10009ab0
                0x200015b8                        . = ALIGN (0x4)
                0x200015b8                        __bss_start__ = .
                0x200015b8                        __tls_base = .
 *(.tbss .tbss.* .gnu.linkonce.tb.*)
 *(.tcommon)
                0x200015b8                        __tls_end = .

.bss            0x200015b8     0x6430 load address 0x10009ab0
                0x200015b8                        . = ALIGN (0x4)
                0x200015b8                        __tbss_end = .
 *(SORT_BY_ALIGNMENT(SORT_BY_NAME(.bss*)))
 .bss.default_alarm_pool_entries
                0x200015b8      0x180 CMakeFiles/piccolo_os_demo.dir/Users/ab25cq/pico-sdk/src/common/pico_time/time.c.o
 .bss.last_avail_time.1
                0x20001738        0x8 CMakeFiles/piccolo_os_demo.dir/Users/ab25cq/pico-sdk/src/rp2_common/pico_stdio_usb/stdio_usb.c.o
 .bss.sd_table  0x20001740      0x100 CMakeFiles/piccolo_os_demo.dir/Users/ab25cq/pico-sdk/src/rp2_common/pico_double/double_init_rom_rp2040.c.o
                0x20001740                sd_table
 .bss.sf_table  0x20001840      0x100 CMakeFiles/piccolo_os_demo.dir/Users/ab25cq/pico-sdk/src/rp2_common/pico_float/float_init_rom_rp2040.c.o
                0x20001840                sf_table
 .bss.__lock___malloc_recursive_mutex
                0x20001940        0x1 /Applications/ArmGNUToolchain/13.3.rel1/arm-none-eabi/bin/../lib/gcc/arm-none-eabi/13.3.1/../../../../arm-none-eabi/lib/thumb/v6-m/nofp/libg.a(libc_a-lock.o)
                0x20001940                __lock___malloc_recursive_mutex
 *fill*         0x20001941        0x3 
 .bss.__malloc_current_mallinfo
                0x20001944       0x28 /Applications/ArmGNUToolchain/13.3.rel1/arm-none-eabi/bin/../lib/gcc/arm-none-eabi/13.3.1/../../../../arm-none-eabi/lib/thumb/v6-m/nofp/libg.a(libc_a-mallocr.o)
                0x20001944                __malloc_current_mallinfo
 .bss.__malloc_max_sbrked_mem
                0x2000196c        0x4 /Applications/ArmGNUToolchain/13.3.rel1/arm-none-eabi/bin/../lib/gcc/arm-none-eabi/13.3.1/../../../../arm-none-eabi/lib/thumb/v6-m/nofp/libg.a(libc_a-mallocr.o)
                0x2000196c                __malloc_max_sbrked_mem
 .bss.__malloc_max_total_mem
                0x20001970        0x4 /Applications/ArmGNUToolchain/13.3.rel1/arm-none-eabi/bin/../lib/gcc/arm-none-eabi/13.3.1/../../../../arm-none-eabi/lib/thumb/v6-m/nofp/libg.a(libc_a-mallocr.o)
                0x20001970                __malloc_max_total_mem
 .bss.__malloc_top_pad
                0x20001974        0x4 /Applications/ArmGNUToolchain/13.3.rel1/arm-none-eabi/bin/../lib/gcc/arm-none-eabi/13.3.1/../../../../arm-none-eabi/lib/thumb/v6-m/nofp/libg.a(libc_a-mallocr.o)
                0x20001974                __malloc_top_pad
 .bss.__sf      0x20001978      0x138 /Applications/ArmGNUToolchain/13.3.rel1/arm-none-eabi/bin/../lib/gcc/arm-none-eabi/13.3.1/../../../../arm-none-eabi/lib/thumb/v6-m/nofp/libg.a(libc_a-findfp.o)
                0x20001978                __sf
 .bss._app_driver
                0x20001ab0        0x4 CMakeFiles/piccolo_os_demo.dir/Users/ab25cq/pico-sdk/lib/tinyusb/src/device/usbd.c.o
 .bss._cdcd_fifo_cfg
                0x20001ab4        0x1 CMakeFiles/piccolo_os_demo.dir/Users/ab25cq/pico-sdk/lib/tinyusb/src/class/cdc/cdc_device.c.o
 *fill*         0x20001ab5        0x3 
 .bss._cdcd_itf
                0x20001ab8      0x2c8 CMakeFiles/piccolo_os_demo.dir/Users/ab25cq/pico-sdk/lib/tinyusb/src/class/cdc/cdc_device.c.o
 .bss._ctrl_xfer
                0x20001d80       0x14 CMakeFiles/piccolo_os_demo.dir/Users/ab25cq/pico-sdk/lib/tinyusb/src/device/usbd_control.c.o
 .bss._ubsd_mutexdef
                0x20001d94        0x8 CMakeFiles/piccolo_os_demo.dir/Users/ab25cq/pico-sdk/lib/tinyusb/src/device/usbd.c.o
 .bss._usbd_ctrl_buf
                0x20001d9c       0x40 CMakeFiles/piccolo_os_demo.dir/Users/ab25cq/pico-sdk/lib/tinyusb/src/device/usbd_control.c.o
 .bss._usbd_dev
                0x20001ddc       0x54 CMakeFiles/piccolo_os_demo.dir/Users/ab25cq/pico-sdk/lib/tinyusb/src/device/usbd.c.o
 .bss._usbd_mutex
                0x20001e30        0x4 CMakeFiles/piccolo_os_demo.dir/Users/ab25cq/pico-sdk/lib/tinyusb/src/device/usbd.c.o
 .bss._usbd_q   0x20001e34        0x4 CMakeFiles/piccolo_os_demo.dir/Users/ab25cq/pico-sdk/lib/tinyusb/src/device/usbd.c.o
 .bss._usbd_qdef_buf
                0x20001e38       0xc0 CMakeFiles/piccolo_os_demo.dir/Users/ab25cq/pico-sdk/lib/tinyusb/src/device/usbd.c.o
                0x20001e38                _usbd_qdef_buf
 .bss._vendord_itf
                0x20001ef8      0x2cc CMakeFiles/piccolo_os_demo.dir/Users/ab25cq/pico-sdk/lib/tinyusb/src/class/vendor/vendor_device.c.o
 .bss.boot2_copyout
                0x200021c4      0x100 CMakeFiles/piccolo_os_demo.dir/Users/ab25cq/pico-sdk/src/rp2_common/hardware_flash/flash.c.o
 .bss.chars_available_callback
                0x200022c4        0x4 CMakeFiles/piccolo_os_demo.dir/Users/ab25cq/pico-sdk/src/rp2_common/pico_stdio_usb/stdio_usb.c.o
 .bss.chars_available_param
                0x200022c8        0x4 CMakeFiles/piccolo_os_demo.dir/Users/ab25cq/pico-sdk/src/rp2_common/pico_stdio_usb/stdio_usb.c.o
 .bss.claimed   0x200022cc        0x4 CMakeFiles/piccolo_os_demo.dir/Users/ab25cq/pico-sdk/src/rp2_common/hardware_sync/sync.c.o
 .bss.claimed   0x200022d0        0x1 CMakeFiles/piccolo_os_demo.dir/Users/ab25cq/pico-sdk/src/rp2_common/hardware_timer/timer.c.o
 *fill*         0x200022d1        0x3 
 .bss.configured_freq
                0x200022d4       0x28 CMakeFiles/piccolo_os_demo.dir/Users/ab25cq/pico-sdk/src/rp2_common/hardware_clocks/clocks.c.o
 .bss.desc_str.0
                0x200022fc       0x28 CMakeFiles/piccolo_os_demo.dir/Users/ab25cq/pico-sdk/src/rp2_common/pico_stdio_usb/stdio_usb_descriptors.c.o
 .bss.drivers   0x20002324        0x4 CMakeFiles/piccolo_os_demo.dir/Users/ab25cq/pico-sdk/src/rp2_common/pico_stdio/stdio.c.o
 .bss.e15_last_sof
                0x20002328        0x4 CMakeFiles/piccolo_os_demo.dir/Users/ab25cq/pico-sdk/lib/tinyusb/src/portable/raspberrypi/rp2040/rp2040_usb.c.o
                0x20002328                e15_last_sof
 .bss.errno     0x2000232c        0x4 /Applications/ArmGNUToolchain/13.3.rel1/arm-none-eabi/bin/../lib/gcc/arm-none-eabi/13.3.1/../../../../arm-none-eabi/lib/thumb/v6-m/nofp/libg.a(libc_a-reent.o)
                0x2000232c                errno
 .bss.filter    0x20002330        0x4 CMakeFiles/piccolo_os_demo.dir/Users/ab25cq/pico-sdk/src/rp2_common/pico_stdio/stdio.c.o
 .bss.gAllocMem
                0x20002334        0x4 CMakeFiles/piccolo_os_demo.dir/main.c.c.o
                0x20002334                gAllocMem
 .bss.gComeFunResultObject
                0x20002338        0x4 CMakeFiles/piccolo_os_demo.dir/main.c.c.o
                0x20002338                gComeFunResultObject
 .bss.gComeStackFrameBuffer
                0x2000233c        0x4 CMakeFiles/piccolo_os_demo.dir/main.c.c.o
                0x2000233c                gComeStackFrameBuffer
 .bss.gComeStackFrameID
                0x20002340      0x200 CMakeFiles/piccolo_os_demo.dir/main.c.c.o
                0x20002340                gComeStackFrameID
 .bss.gComeStackFrameSLine
                0x20002540      0x200 CMakeFiles/piccolo_os_demo.dir/main.c.c.o
                0x20002540                gComeStackFrameSLine
 .bss.gComeStackFrameSName
                0x20002740      0x200 CMakeFiles/piccolo_os_demo.dir/main.c.c.o
                0x20002740                gComeStackFrameSName
 .bss.gHeapPages
                0x20002940     0x4010 CMakeFiles/piccolo_os_demo.dir/main.c.c.o
                0x20002940                gHeapPages
 .bss.gNumAlloc
                0x20006950        0x4 CMakeFiles/piccolo_os_demo.dir/main.c.c.o
                0x20006950                gNumAlloc
 .bss.gNumComeStackFrame
                0x20006954        0x4 CMakeFiles/piccolo_os_demo.dir/main.c.c.o
                0x20006954                gNumComeStackFrame
 .bss.gNumFree  0x20006958        0x4 CMakeFiles/piccolo_os_demo.dir/main.c.c.o
                0x20006958                gNumFree
 .bss.heap_end.0
                0x2000695c        0x4 CMakeFiles/piccolo_os_demo.dir/Users/ab25cq/pico-sdk/src/rp2_common/pico_clib_interface/newlib_interface.c.o
 .bss.hw_endpoints
                0x20006960      0x400 CMakeFiles/piccolo_os_demo.dir/Users/ab25cq/pico-sdk/lib/tinyusb/src/portable/raspberrypi/rp2040/dcd_rp2040.c.o
 .bss.lazy_vsnprintf
                0x20006d60        0x4 CMakeFiles/piccolo_os_demo.dir/Users/ab25cq/pico-sdk/src/rp2_common/pico_printf/printf.c.o
 .bss.load_value
                0x20006d64        0x4 CMakeFiles/piccolo_os_demo.dir/Users/ab25cq/pico-sdk/src/rp2_common/hardware_watchdog/watchdog.c.o
 .bss.next_buffer_ptr
                0x20006d68        0x4 CMakeFiles/piccolo_os_demo.dir/Users/ab25cq/pico-sdk/lib/tinyusb/src/portable/raspberrypi/rp2040/dcd_rp2040.c.o
 .bss.object.0  0x20006d6c       0x18 /Applications/ArmGNUToolchain/13.3.rel1/arm-none-eabi/bin/../lib/gcc/arm-none-eabi/13.3.1/thumb/v6-m/nofp/crtbegin.o
 .bss.one_shot_timer_crit_sec
                0x20006d84        0x8 CMakeFiles/piccolo_os_demo.dir/Users/ab25cq/pico-sdk/src/rp2_common/pico_stdio_usb/stdio_usb.c.o
 .bss.piccolo_ctx
                0x20006d8c      0xc14 CMakeFiles/piccolo_os_demo.dir/os.c.c.o
                0x20006d8c                piccolo_ctx
 .bss.pools     0x200079a0       0x10 CMakeFiles/piccolo_os_demo.dir/Users/ab25cq/pico-sdk/src/common/pico_time/time.c.o
 .bss.retrieved_id
                0x200079b0        0x8 CMakeFiles/piccolo_os_demo.dir/Users/ab25cq/pico-sdk/src/rp2_common/pico_unique_id/unique_id.c.o
 .bss.sf_clz_func
                0x200079b8        0x4 CMakeFiles/piccolo_os_demo.dir/Users/ab25cq/pico-sdk/src/rp2_common/pico_double/double_init_rom_rp2040.c.o
                0x200079b8                sf_clz_func
 .bss.sleep_notifier
                0x200079bc        0x4 CMakeFiles/piccolo_os_demo.dir/Users/ab25cq/pico-sdk/src/common/pico_time/time.c.o
 .bss.stdio_usb_mutex
                0x200079c0        0x8 CMakeFiles/piccolo_os_demo.dir/Users/ab25cq/pico-sdk/src/rp2_common/pico_stdio_usb/stdio_usb.c.o
 .bss.usbd_serial_str
                0x200079c8       0x11 CMakeFiles/piccolo_os_demo.dir/Users/ab25cq/pico-sdk/src/rp2_common/pico_stdio_usb/stdio_usb_descriptors.c.o
 .bss._app_driver_count
                0x200079d9        0x1 CMakeFiles/piccolo_os_demo.dir/Users/ab25cq/pico-sdk/lib/tinyusb/src/device/usbd.c.o
 .bss._sof_enable
                0x200079da        0x1 CMakeFiles/piccolo_os_demo.dir/Users/ab25cq/pico-sdk/lib/tinyusb/src/portable/raspberrypi/rp2040/dcd_rp2040.c.o
 .bss._usbd_queued_setup
                0x200079db        0x1 CMakeFiles/piccolo_os_demo.dir/Users/ab25cq/pico-sdk/lib/tinyusb/src/device/usbd.c.o
 .bss.boot2_copyout_valid
                0x200079dc        0x1 CMakeFiles/piccolo_os_demo.dir/Users/ab25cq/pico-sdk/src/rp2_common/hardware_flash/flash.c.o
 .bss.gComeDebugLib
                0x200079dd        0x1 CMakeFiles/piccolo_os_demo.dir/main.c.c.o
                0x200079dd                gComeDebugLib
 .bss.gComeGCLib
                0x200079de        0x1 CMakeFiles/piccolo_os_demo.dir/main.c.c.o
                0x200079de                gComeGCLib
 .bss.gComeMallocLib
                0x200079df        0x1 CMakeFiles/piccolo_os_demo.dir/main.c.c.o
                0x200079df                gComeMallocLib
 .bss.irq_handler_chain_free_slot_head
                0x200079e0        0x1 CMakeFiles/piccolo_os_demo.dir/Users/ab25cq/pico-sdk/src/rp2_common/hardware_irq/irq.c.o
 .bss.itf_num   0x200079e1        0x1 CMakeFiles/piccolo_os_demo.dir/Users/ab25cq/pico-sdk/src/rp2_common/pico_stdio_usb/reset_interface.c.o
 .bss.low_priority_irq_num
                0x200079e2        0x1 CMakeFiles/piccolo_os_demo.dir/Users/ab25cq/pico-sdk/src/rp2_common/pico_stdio_usb/stdio_usb.c.o
 .bss.one_shot_timer_pending
                0x200079e3        0x1 CMakeFiles/piccolo_os_demo.dir/Users/ab25cq/pico-sdk/src/rp2_common/pico_stdio_usb/stdio_usb.c.o
 .bss.user_irq_claimed
                0x200079e4        0x1 CMakeFiles/piccolo_os_demo.dir/Users/ab25cq/pico-sdk/src/rp2_common/hardware_irq/irq.c.o
 *(COMMON)
                0x200079e8                        . = ALIGN (0x4)
 *fill*         0x200079e5        0x3 
                0x200079e8                        __bss_end__ = .

.heap           0x200079e8      0x800 load address 0x10009ab0
                0x200079e8                        __end__ = .
                0x200079e8                        end = __end__
 *(.heap*)